OWNER_TENSOR pc=0 name=n0 values=24576 bit_differences=0 cycle=202493
OWNER_COMPLETION pc=0 owner=3 signal=1 write_ack_bytes=98304 cycle=202493
OWNER_TENSOR pc=1 name=qraw values=24576 bit_differences=0 cycle=3326109
OWNER_COMPLETION pc=1 owner=2 signal=2 write_ack_bytes=98304 cycle=3326109
OWNER_TENSOR pc=2 name=qr values=24576 bit_differences=0 cycle=3393926
OWNER_COMPLETION pc=2 owner=3 signal=3 write_ack_bytes=98304 cycle=3393926
OWNER_TENSOR pc=3 name=q values=24576 bit_differences=0 cycle=3465012
OWNER_COMPLETION pc=3 owner=3 signal=4 write_ack_bytes=98304 cycle=3465012
OWNER_TENSOR pc=4 name=kraw values=4096 bit_differences=0 cycle=4007960
OWNER_COMPLETION pc=4 owner=2 signal=5 write_ack_bytes=16384 cycle=4007960
OWNER_TENSOR pc=5 name=kr values=4096 bit_differences=0 cycle=4019507
OWNER_COMPLETION pc=5 owner=3 signal=6 write_ack_bytes=16384 cycle=4019507
OWNER_TENSOR pc=6 name=k values=4096 bit_differences=0 cycle=4031623
OWNER_COMPLETION pc=6 owner=3 signal=7 write_ack_bytes=16384 cycle=4031623
OWNER_TENSOR pc=7 name=vraw values=4096 bit_differences=0 cycle=4574457
OWNER_COMPLETION pc=7 owner=2 signal=8 write_ack_bytes=16384 cycle=4574457
OWNER_TENSOR pc=8 name=v values=4096 bit_differences=0 cycle=4585830
OWNER_COMPLETION pc=8 owner=3 signal=9 write_ack_bytes=16384 cycle=4585830
OWNER_TENSOR pc=9 name=cache_k values=4096 bit_differences=0 cycle=4603865
OWNER_TENSOR pc=9 name=cache_v values=4096 bit_differences=0 cycle=4603865
OWNER_COMPLETION pc=9 owner=4 signal=10 write_ack_bytes=32768 cycle=4603865
OWNER_COMPLETION pc=10 owner=2 signal=11 write_ack_bytes=0 cycle=5533552
OWNER_COMPLETION pc=11 owner=3 signal=12 write_ack_bytes=0 cycle=5533553
OWNER_TENSOR pc=12 name=att values=24576 bit_differences=0 cycle=5533554
OWNER_COMPLETION pc=12 owner=2 signal=13 write_ack_bytes=98304 cycle=5533554
OWNER_TENSOR pc=13 name=o values=24576 bit_differences=0 cycle=8657006
OWNER_COMPLETION pc=13 owner=2 signal=14 write_ack_bytes=98304 cycle=8657006
OWNER_TENSOR pc=14 name=r values=24576 bit_differences=0 cycle=8734240
OWNER_COMPLETION pc=14 owner=3 signal=15 write_ack_bytes=98304 cycle=8734240
OWNER_TENSOR pc=15 name=n1 values=24576 bit_differences=0 cycle=8936964
OWNER_COMPLETION pc=15 owner=3 signal=16 write_ack_bytes=98304 cycle=8936964
OWNER_TENSOR pc=16 name=gate values=143360 bit_differences=0 cycle=27020095
OWNER_COMPLETION pc=16 owner=2 signal=17 write_ack_bytes=573440 cycle=27020095
OWNER_TENSOR pc=17 name=up values=143360 bit_differences=0 cycle=45104239
OWNER_COMPLETION pc=17 owner=2 signal=18 write_ack_bytes=573440 cycle=45104239
OWNER_TENSOR pc=18 name=act values=143360 bit_differences=0 cycle=55248391
OWNER_COMPLETION pc=18 owner=3 signal=19 write_ack_bytes=573440 cycle=55248391
OWNER_TENSOR pc=19 name=down values=24576 bit_differences=0 cycle=73347760
OWNER_COMPLETION pc=19 owner=2 signal=20 write_ack_bytes=98304 cycle=73347760
OWNER_TENSOR pc=20 name=y values=24576 bit_differences=0 cycle=73425015
OWNER_COMPLETION pc=20 owner=3 signal=21 write_ack_bytes=98304 cycle=73425015
HOST_BLOCK_ALL_OWNERS_PASS tokens=16 hidden=1536 ffn=8960 host_commands=21 completed=21 owner_jobs=19 matrix_commands=9 sfu_commands=11 kv_commands=1 checked_fp32=704512 bit_differences=0 useful_macs=749101056 executed_macs=762052608 cycles=73425016 metadata_reads=236 read_bytes=192576256 write_ack_bytes=2818048 idma_transfers=3053036 request_stalls=1038463 response_delay_cycles=9157189 host_intermediate_writes=0 legacy_block_launch=0 original_matrix_instances=1 original_idma_instances=1 score_ddr_accesses=0 output_fnv64=fe9744aaa5c1c9ad
