LAYER_WEIGHT_ID layer=0 salt=0 wq=9183213585421943683 wg=10099582513830593411 wd=6060938776426742659
LAYER_WEIGHT_ID layer=1 salt=17 wq=11498667290918765443 wg=13506014258321589123 wd=15227419801319015299
OWNER_TENSOR pc=0 name=l0_n0 values=1024 bit_differences=0 cycle=9715
OWNER_COMPLETION pc=0 owner=3 signal=1 write_ack_bytes=4096 cycle=9715
OWNER_TENSOR pc=1 name=l0_qraw values=1024 bit_differences=0 cycle=12917
OWNER_COMPLETION pc=1 owner=2 signal=2 write_ack_bytes=4096 cycle=12917
OWNER_TENSOR pc=2 name=l0_qr values=1024 bit_differences=0 cycle=15918
OWNER_COMPLETION pc=2 owner=3 signal=3 write_ack_bytes=4096 cycle=15918
OWNER_TENSOR pc=3 name=l0_q values=1024 bit_differences=0 cycle=19055
OWNER_COMPLETION pc=3 owner=3 signal=4 write_ack_bytes=4096 cycle=19055
OWNER_TENSOR pc=4 name=l0_kraw values=512 bit_differences=0 cycle=21133
OWNER_COMPLETION pc=4 owner=2 signal=5 write_ack_bytes=2048 cycle=21133
OWNER_TENSOR pc=5 name=l0_kr values=512 bit_differences=0 cycle=22741
OWNER_COMPLETION pc=5 owner=3 signal=6 write_ack_bytes=2048 cycle=22741
OWNER_TENSOR pc=6 name=l0_k values=512 bit_differences=0 cycle=24406
OWNER_COMPLETION pc=6 owner=3 signal=7 write_ack_bytes=2048 cycle=24406
OWNER_TENSOR pc=7 name=l0_vraw values=512 bit_differences=0 cycle=26561
OWNER_COMPLETION pc=7 owner=2 signal=8 write_ack_bytes=2048 cycle=26561
OWNER_TENSOR pc=8 name=l0_v values=512 bit_differences=0 cycle=28153
OWNER_COMPLETION pc=8 owner=3 signal=9 write_ack_bytes=2048 cycle=28153
OWNER_TENSOR pc=9 name=l0_cache_k values=512 bit_differences=0 cycle=30547
OWNER_TENSOR pc=9 name=l0_cache_v values=512 bit_differences=0 cycle=30547
OWNER_COMPLETION pc=9 owner=4 signal=10 write_ack_bytes=4096 cycle=30547
OWNER_COMPLETION pc=10 owner=2 signal=11 write_ack_bytes=0 cycle=96178
OWNER_COMPLETION pc=11 owner=3 signal=12 write_ack_bytes=0 cycle=96179
OWNER_TENSOR pc=12 name=l0_att values=1024 bit_differences=0 cycle=96180
OWNER_COMPLETION pc=12 owner=2 signal=13 write_ack_bytes=4096 cycle=96180
OWNER_TENSOR pc=13 name=l0_o values=1024 bit_differences=0 cycle=99231
OWNER_COMPLETION pc=13 owner=2 signal=14 write_ack_bytes=4096 cycle=99231
OWNER_TENSOR pc=14 name=l0_r values=1024 bit_differences=0 cycle=102606
OWNER_COMPLETION pc=14 owner=3 signal=15 write_ack_bytes=4096 cycle=102606
OWNER_TENSOR pc=15 name=l0_n1 values=1024 bit_differences=0 cycle=112234
OWNER_COMPLETION pc=15 owner=3 signal=16 write_ack_bytes=4096 cycle=112234
OWNER_TENSOR pc=16 name=l0_gate values=2048 bit_differences=0 cycle=117441
OWNER_COMPLETION pc=16 owner=2 signal=17 write_ack_bytes=8192 cycle=117441
OWNER_TENSOR pc=17 name=l0_up values=2048 bit_differences=0 cycle=122586
OWNER_COMPLETION pc=17 owner=2 signal=18 write_ack_bytes=8192 cycle=122586
OWNER_TENSOR pc=18 name=l0_act values=2048 bit_differences=0 cycle=135997
OWNER_COMPLETION pc=18 owner=3 signal=19 write_ack_bytes=8192 cycle=135997
OWNER_TENSOR pc=19 name=l0_down values=1024 bit_differences=0 cycle=141036
OWNER_COMPLETION pc=19 owner=2 signal=20 write_ack_bytes=4096 cycle=141036
OWNER_TENSOR pc=20 name=l0_y values=1024 bit_differences=0 cycle=144431
OWNER_COMPLETION pc=20 owner=3 signal=21 write_ack_bytes=4096 cycle=144431
OWNER_TENSOR pc=21 name=l1_n0 values=1024 bit_differences=0 cycle=154081
OWNER_COMPLETION pc=21 owner=3 signal=22 write_ack_bytes=4096 cycle=154081
OWNER_TENSOR pc=22 name=l1_qraw values=1024 bit_differences=0 cycle=157236
OWNER_COMPLETION pc=22 owner=2 signal=23 write_ack_bytes=4096 cycle=157236
OWNER_TENSOR pc=23 name=l1_qr values=1024 bit_differences=0 cycle=160238
OWNER_COMPLETION pc=23 owner=3 signal=24 write_ack_bytes=4096 cycle=160238
OWNER_TENSOR pc=24 name=l1_q values=1024 bit_differences=0 cycle=163410
OWNER_COMPLETION pc=24 owner=3 signal=25 write_ack_bytes=4096 cycle=163410
OWNER_TENSOR pc=25 name=l1_kraw values=512 bit_differences=0 cycle=165519
OWNER_COMPLETION pc=25 owner=2 signal=26 write_ack_bytes=2048 cycle=165519
OWNER_TENSOR pc=26 name=l1_kr values=512 bit_differences=0 cycle=167134
OWNER_COMPLETION pc=26 owner=3 signal=27 write_ack_bytes=2048 cycle=167134
OWNER_TENSOR pc=27 name=l1_k values=512 bit_differences=0 cycle=168801
OWNER_COMPLETION pc=27 owner=3 signal=28 write_ack_bytes=2048 cycle=168801
OWNER_TENSOR pc=28 name=l1_vraw values=512 bit_differences=0 cycle=170957
OWNER_COMPLETION pc=28 owner=2 signal=29 write_ack_bytes=2048 cycle=170957
OWNER_TENSOR pc=29 name=l1_v values=512 bit_differences=0 cycle=172539
OWNER_COMPLETION pc=29 owner=3 signal=30 write_ack_bytes=2048 cycle=172539
OWNER_TENSOR pc=30 name=l1_cache_k values=512 bit_differences=0 cycle=174957
OWNER_TENSOR pc=30 name=l1_cache_v values=512 bit_differences=0 cycle=174957
OWNER_COMPLETION pc=30 owner=4 signal=31 write_ack_bytes=4096 cycle=174957
OWNER_COMPLETION pc=31 owner=2 signal=32 write_ack_bytes=0 cycle=240680
OWNER_COMPLETION pc=32 owner=3 signal=33 write_ack_bytes=0 cycle=240682
OWNER_TENSOR pc=33 name=l1_att values=1024 bit_differences=0 cycle=240686
OWNER_COMPLETION pc=33 owner=2 signal=34 write_ack_bytes=4096 cycle=240686
OWNER_TENSOR pc=34 name=l1_o values=1024 bit_differences=0 cycle=243820
OWNER_COMPLETION pc=34 owner=2 signal=35 write_ack_bytes=4096 cycle=243820
OWNER_TENSOR pc=35 name=l1_r values=1024 bit_differences=0 cycle=247196
OWNER_COMPLETION pc=35 owner=3 signal=36 write_ack_bytes=4096 cycle=247196
OWNER_TENSOR pc=36 name=l1_n1 values=1024 bit_differences=0 cycle=256884
OWNER_COMPLETION pc=36 owner=3 signal=37 write_ack_bytes=4096 cycle=256884
OWNER_TENSOR pc=37 name=l1_gate values=2048 bit_differences=0 cycle=262058
OWNER_COMPLETION pc=37 owner=2 signal=38 write_ack_bytes=8192 cycle=262058
OWNER_TENSOR pc=38 name=l1_up values=2048 bit_differences=0 cycle=267224
OWNER_COMPLETION pc=38 owner=2 signal=39 write_ack_bytes=8192 cycle=267224
OWNER_TENSOR pc=39 name=l1_act values=2048 bit_differences=0 cycle=280604
OWNER_COMPLETION pc=39 owner=3 signal=40 write_ack_bytes=8192 cycle=280604
OWNER_TENSOR pc=40 name=l1_down values=1024 bit_differences=0 cycle=285705
OWNER_COMPLETION pc=40 owner=2 signal=41 write_ack_bytes=4096 cycle=285705
OWNER_TENSOR pc=41 name=l1_y values=1024 bit_differences=0 cycle=289145
OWNER_COMPLETION pc=41 owner=3 signal=42 write_ack_bytes=4096 cycle=289145
HOST_BLOCK_ALL_OWNERS_PASS tokens=16 hidden=64 ffn=128 layers=2 host_commands=42 completed=42 owner_jobs=38 matrix_commands=18 sfu_commands=22 kv_commands=2 checked_fp32=39936 bit_differences=0 useful_macs=1214464 executed_macs=2293760 cycles=289146 metadata_reads=472 read_bytes=701952 write_ack_bytes=159744 idma_transfers=9392 read_bursts=6896 weight_read_burst_beats=16 pipelined_owner=1 streamed_read_beats=5632 weight_cache_hits=0 request_stalls=4309 response_delay_cycles=36521 host_intermediate_writes=0 legacy_block_launch=0 original_matrix_instances=8 logical_matrix_engines=1 matrix_macs=4096 original_idma_instances=1 score_ddr_accesses=0 output_fnv64=a718f60971ce3fe2
