%Warning-TIMESCALEMOD: /workspace/scratch/f28987e955ed/hetero_cnn_llm_aha/work/generated/rope_bf16_candidate/HeteroRoPEHardwarePrimitives.sv:2:8: Timescale missing on this module as other modules have it (IEEE 1800-2023 3.14.2.3)
    2 | module AddRawFN(
      |        ^~~~~~~~
                       /workspace/scratch/f28987e955ed/hetero_cnn_llm_aha/rtl/integration/rope_bf16_l2_candidate.sv:12:8: ... Location of module with timescale
   12 | module rope_bf16_l2_candidate #(
      |        ^~~~~~~~~~~~~~~~~~~~~~
                       ... For warning description see https://verilator.org/warn/TIMESCALEMOD?v=5.032
                       ... Use "/* verilator lint_off TIMESCALEMOD */" and lint_on around source to disable this message.
%Warning-TIMESCALEMOD: /workspace/scratch/f28987e955ed/hetero_cnn_llm_aha/work/generated/rope_bf16_candidate/HeteroRoPEHardwarePrimitives.sv:127:8: Timescale missing on this module as other modules have it (IEEE 1800-2023 3.14.2.3)
  127 | module RoundAnyRawFNToRecFN_ie8_is26_oe8_os24(
      |        ^~~~~~~~~~~~~~~~~~~~~~~~~~~~~~~~~~~~~~
                       /workspace/scratch/f28987e955ed/hetero_cnn_llm_aha/rtl/integration/rope_bf16_l2_candidate.sv:12:8: ... Location of module with timescale
   12 | module rope_bf16_l2_candidate #(
      |        ^~~~~~~~~~~~~~~~~~~~~~
%Warning-TIMESCALEMOD: /workspace/scratch/f28987e955ed/hetero_cnn_llm_aha/work/generated/rope_bf16_candidate/HeteroRoPEHardwarePrimitives.sv:214:8: Timescale missing on this module as other modules have it (IEEE 1800-2023 3.14.2.3)
  214 | module RoundRawFNToRecFN_e8_s24(
      |        ^~~~~~~~~~~~~~~~~~~~~~~~
                       /workspace/scratch/f28987e955ed/hetero_cnn_llm_aha/rtl/integration/rope_bf16_l2_candidate.sv:12:8: ... Location of module with timescale
   12 | module rope_bf16_l2_candidate #(
      |        ^~~~~~~~~~~~~~~~~~~~~~
%Warning-TIMESCALEMOD: /workspace/scratch/f28987e955ed/hetero_cnn_llm_aha/work/generated/rope_bf16_candidate/HeteroRoPEHardwarePrimitives.sv:239:8: Timescale missing on this module as other modules have it (IEEE 1800-2023 3.14.2.3)
  239 | module AddRecFN(
      |        ^~~~~~~~
                       /workspace/scratch/f28987e955ed/hetero_cnn_llm_aha/rtl/integration/rope_bf16_l2_candidate.sv:12:8: ... Location of module with timescale
   12 | module rope_bf16_l2_candidate #(
      |        ^~~~~~~~~~~~~~~~~~~~~~
%Warning-TIMESCALEMOD: /workspace/scratch/f28987e955ed/hetero_cnn_llm_aha/work/generated/rope_bf16_candidate/HeteroRoPEHardwarePrimitives.sv:287:8: Timescale missing on this module as other modules have it (IEEE 1800-2023 3.14.2.3)
  287 | module MulFullRawFN(
      |        ^~~~~~~~~~~~
                       /workspace/scratch/f28987e955ed/hetero_cnn_llm_aha/rtl/integration/rope_bf16_l2_candidate.sv:12:8: ... Location of module with timescale
   12 | module rope_bf16_l2_candidate #(
      |        ^~~~~~~~~~~~~~~~~~~~~~
%Warning-TIMESCALEMOD: /workspace/scratch/f28987e955ed/hetero_cnn_llm_aha/work/generated/rope_bf16_candidate/HeteroRoPEHardwarePrimitives.sv:320:8: Timescale missing on this module as other modules have it (IEEE 1800-2023 3.14.2.3)
  320 | module MulRawFN(
      |        ^~~~~~~~
                       /workspace/scratch/f28987e955ed/hetero_cnn_llm_aha/rtl/integration/rope_bf16_l2_candidate.sv:12:8: ... Location of module with timescale
   12 | module rope_bf16_l2_candidate #(
      |        ^~~~~~~~~~~~~~~~~~~~~~
%Warning-TIMESCALEMOD: /workspace/scratch/f28987e955ed/hetero_cnn_llm_aha/work/generated/rope_bf16_candidate/HeteroRoPEHardwarePrimitives.sv:368:8: Timescale missing on this module as other modules have it (IEEE 1800-2023 3.14.2.3)
  368 | module MulRecFN(
      |        ^~~~~~~~
                       /workspace/scratch/f28987e955ed/hetero_cnn_llm_aha/rtl/integration/rope_bf16_l2_candidate.sv:12:8: ... Location of module with timescale
   12 | module rope_bf16_l2_candidate #(
      |        ^~~~~~~~~~~~~~~~~~~~~~
%Warning-TIMESCALEMOD: /workspace/scratch/f28987e955ed/hetero_cnn_llm_aha/work/generated/rope_bf16_candidate/HeteroRoPEHardwarePrimitives.sv:416:8: Timescale missing on this module as other modules have it (IEEE 1800-2023 3.14.2.3)
  416 | module HeteroFP32Alu(
      |        ^~~~~~~~~~~~~
                       /workspace/scratch/f28987e955ed/hetero_cnn_llm_aha/rtl/integration/rope_bf16_l2_candidate.sv:12:8: ... Location of module with timescale
   12 | module rope_bf16_l2_candidate #(
      |        ^~~~~~~~~~~~~~~~~~~~~~
%Warning-TIMESCALEMOD: /workspace/scratch/f28987e955ed/hetero_cnn_llm_aha/work/generated/rope_bf16_candidate/HeteroRoPEHardwarePrimitives.sv:573:8: Timescale missing on this module as other modules have it (IEEE 1800-2023 3.14.2.3)
  573 | module HeteroFP32MulPipeTag12(
      |        ^~~~~~~~~~~~~~~~~~~~~~
                       /workspace/scratch/f28987e955ed/hetero_cnn_llm_aha/rtl/integration/rope_bf16_l2_candidate.sv:12:8: ... Location of module with timescale
   12 | module rope_bf16_l2_candidate #(
      |        ^~~~~~~~~~~~~~~~~~~~~~
%Warning-TIMESCALEMOD: /workspace/scratch/f28987e955ed/hetero_cnn_llm_aha/work/generated/rope_bf16_candidate/HeteroRoPEHardwarePrimitives.sv:826:8: Timescale missing on this module as other modules have it (IEEE 1800-2023 3.14.2.3)
  826 | module HeteroFP32AddPipeTag12(
      |        ^~~~~~~~~~~~~~~~~~~~~~
                       /workspace/scratch/f28987e955ed/hetero_cnn_llm_aha/rtl/integration/rope_bf16_l2_candidate.sv:12:8: ... Location of module with timescale
   12 | module rope_bf16_l2_candidate #(
      |        ^~~~~~~~~~~~~~~~~~~~~~
%Warning-TIMESCALEMOD: /workspace/scratch/f28987e955ed/hetero_cnn_llm_aha/work/generated/rope_bf16_candidate/HeteroRoPEHardwarePrimitives.sv:1079:8: Timescale missing on this module as other modules have it (IEEE 1800-2023 3.14.2.3)
 1079 | module HeteroFP32MulPipeBit1(
      |        ^~~~~~~~~~~~~~~~~~~~~
                       /workspace/scratch/f28987e955ed/hetero_cnn_llm_aha/rtl/integration/rope_bf16_l2_candidate.sv:12:8: ... Location of module with timescale
   12 | module rope_bf16_l2_candidate #(
      |        ^~~~~~~~~~~~~~~~~~~~~~
%Warning-TIMESCALEMOD: /workspace/scratch/f28987e955ed/hetero_cnn_llm_aha/work/generated/rope_bf16_candidate/HeteroRoPEHardwarePrimitives.sv:1332:8: Timescale missing on this module as other modules have it (IEEE 1800-2023 3.14.2.3)
 1332 | module HeteroFP32AddPipeBit1(
      |        ^~~~~~~~~~~~~~~~~~~~~
                       /workspace/scratch/f28987e955ed/hetero_cnn_llm_aha/rtl/integration/rope_bf16_l2_candidate.sv:12:8: ... Location of module with timescale
   12 | module rope_bf16_l2_candidate #(
      |        ^~~~~~~~~~~~~~~~~~~~~~
%Warning-TIMESCALEMOD: /workspace/scratch/f28987e955ed/hetero_cnn_llm_aha/work/generated/rope_bf16_candidate/HeteroRoPEHardwarePrimitives.sv:1585:8: Timescale missing on this module as other modules have it (IEEE 1800-2023 3.14.2.3)
 1585 | module RoPEHardwarePrimitives(
      |        ^~~~~~~~~~~~~~~~~~~~~~
                       /workspace/scratch/f28987e955ed/hetero_cnn_llm_aha/rtl/integration/rope_bf16_l2_candidate.sv:12:8: ... Location of module with timescale
   12 | module rope_bf16_l2_candidate #(
      |        ^~~~~~~~~~~~~~~~~~~~~~
%Warning-TIMESCALEMOD: /workspace/scratch/f28987e955ed/hetero_cnn_llm_aha/rtl/sfu/fp32_to_bf16_rne_candidate.sv:7:8: Timescale missing on this module as other modules have it (IEEE 1800-2023 3.14.2.3)
    7 | module fp32_to_bf16_rne_candidate (
      |        ^~~~~~~~~~~~~~~~~~~~~~~~~~
                       /workspace/scratch/f28987e955ed/hetero_cnn_llm_aha/rtl/integration/rope_bf16_l2_candidate.sv:12:8: ... Location of module with timescale
   12 | module rope_bf16_l2_candidate #(
      |        ^~~~~~~~~~~~~~~~~~~~~~
%Warning-TIMESCALEMOD: /workspace/scratch/f28987e955ed/hetero_cnn_llm_aha/rtl/sfu/fp32_rope_pair_bf16_pipe_candidate.sv:6:8: Timescale missing on this module as other modules have it (IEEE 1800-2023 3.14.2.3)
    6 | module fp32_rope_pair_bf16_pipe_candidate (
      |        ^~~~~~~~~~~~~~~~~~~~~~~~~~~~~~~~~~
                       /workspace/scratch/f28987e955ed/hetero_cnn_llm_aha/rtl/integration/rope_bf16_l2_candidate.sv:12:8: ... Location of module with timescale
   12 | module rope_bf16_l2_candidate #(
      |        ^~~~~~~~~~~~~~~~~~~~~~
%Warning-WIDTHEXPAND: /workspace/scratch/f28987e955ed/hetero_cnn_llm_aha/reports/execution/U00_2_ROPE_BF16_L2_CANDIDATE_20261007/tb_independent_aperture.sv:2:61: Operator VAR 'APERTURE_BEATS' expects 64 bits on the Initial value, but Initial value's CONST '32'h2000' generates 32 bits.
                                                                                                                                                                : ... note: In instance 'tb_independent_aperture'
    2 | module tb_independent_aperture #(parameter longint unsigned APERTURE_BEATS=24576);
      |                                                             ^~~~~~~~~~~~~~
%Warning-WIDTHTRUNC: /workspace/scratch/f28987e955ed/hetero_cnn_llm_aha/reports/execution/U00_2_ROPE_BF16_L2_CANDIDATE_20261007/tb_independent_aperture.sv:24:68: Logical operator LOGOR expects 1 bit on the RHS, but RHS's VARREF 'read_beats_o' generates 32 bits.
                                                                                                                                                                : ... note: In instance 'tb_independent_aperture'
   24 |   if(!ready_o||done_o||l2_rd_valid_o||l2_rsp_ready_o||l2_wr_valid_o||read_beats_o||write_beats_o||pairs_o||exception_flags_o)$fatal(1,"reset residue");end endtask
      |                                                                    ^~
%Warning-WIDTHTRUNC: /workspace/scratch/f28987e955ed/hetero_cnn_llm_aha/reports/execution/U00_2_ROPE_BF16_L2_CANDIDATE_20261007/tb_independent_aperture.sv:24:82: Logical operator LOGOR expects 1 bit on the RHS, but RHS's VARREF 'write_beats_o' generates 32 bits.
                                                                                                                                                                : ... note: In instance 'tb_independent_aperture'
   24 |   if(!ready_o||done_o||l2_rd_valid_o||l2_rsp_ready_o||l2_wr_valid_o||read_beats_o||write_beats_o||pairs_o||exception_flags_o)$fatal(1,"reset residue");end endtask
      |                                                                                  ^~
%Warning-WIDTHTRUNC: /workspace/scratch/f28987e955ed/hetero_cnn_llm_aha/reports/execution/U00_2_ROPE_BF16_L2_CANDIDATE_20261007/tb_independent_aperture.sv:24:97: Logical operator LOGOR expects 1 bit on the RHS, but RHS's VARREF 'pairs_o' generates 32 bits.
                                                                                                                                                                : ... note: In instance 'tb_independent_aperture'
   24 |   if(!ready_o||done_o||l2_rd_valid_o||l2_rsp_ready_o||l2_wr_valid_o||read_beats_o||write_beats_o||pairs_o||exception_flags_o)$fatal(1,"reset residue");end endtask
      |                                                                                                 ^~
%Warning-WIDTHTRUNC: /workspace/scratch/f28987e955ed/hetero_cnn_llm_aha/reports/execution/U00_2_ROPE_BF16_L2_CANDIDATE_20261007/tb_independent_aperture.sv:24:106: Logical operator LOGOR expects 1 bit on the RHS, but RHS's VARREF 'exception_flags_o' generates 5 bits.
                                                                                                                                                                 : ... note: In instance 'tb_independent_aperture'
   24 |   if(!ready_o||done_o||l2_rd_valid_o||l2_rsp_ready_o||l2_wr_valid_o||read_beats_o||write_beats_o||pairs_o||exception_flags_o)$fatal(1,"reset residue");end endtask
      |                                                                                                          ^~
%Warning-WIDTHTRUNC: /workspace/scratch/f28987e955ed/hetero_cnn_llm_aha/reports/execution/U00_2_ROPE_BF16_L2_CANDIDATE_20261007/tb_independent_aperture.sv:37:97: Logical operator LOGOR expects 1 bit on the RHS, but RHS's VARREF 'read_beats_o' generates 32 bits.
                                                                                                                                                                : ... note: In instance 'tb_independent_aperture'
   37 |    repeat(9)begin @(negedge clk_i);if(!l2_rd_valid_o||l2_rd_addr_o!==held||done_o||l2_wr_valid_o||read_beats_o||write_beats_o||pairs_o)$fatal(1,"stalled request changed");end
      |                                                                                                 ^~
%Warning-WIDTHTRUNC: /workspace/scratch/f28987e955ed/hetero_cnn_llm_aha/reports/execution/U00_2_ROPE_BF16_L2_CANDIDATE_20261007/tb_independent_aperture.sv:37:111: Logical operator LOGOR expects 1 bit on the RHS, but RHS's VARREF 'write_beats_o' generates 32 bits.
                                                                                                                                                                 : ... note: In instance 'tb_independent_aperture'
   37 |    repeat(9)begin @(negedge clk_i);if(!l2_rd_valid_o||l2_rd_addr_o!==held||done_o||l2_wr_valid_o||read_beats_o||write_beats_o||pairs_o)$fatal(1,"stalled request changed");end
      |                                                                                                               ^~
%Warning-WIDTHTRUNC: /workspace/scratch/f28987e955ed/hetero_cnn_llm_aha/reports/execution/U00_2_ROPE_BF16_L2_CANDIDATE_20261007/tb_independent_aperture.sv:37:126: Logical operator LOGOR expects 1 bit on the RHS, but RHS's VARREF 'pairs_o' generates 32 bits.
                                                                                                                                                                 : ... note: In instance 'tb_independent_aperture'
   37 |    repeat(9)begin @(negedge clk_i);if(!l2_rd_valid_o||l2_rd_addr_o!==held||done_o||l2_wr_valid_o||read_beats_o||write_beats_o||pairs_o)$fatal(1,"stalled request changed");end
      |                                                                                                                              ^~
%Warning-WIDTHTRUNC: /workspace/scratch/f28987e955ed/hetero_cnn_llm_aha/reports/execution/U00_2_ROPE_BF16_L2_CANDIDATE_20261007/tb_independent_aperture.sv:41:39: Logical operator LOGOR expects 1 bit on the RHS, but RHS's VARREF 'read_beats_o' generates 32 bits.
                                                                                                                                                                : ... note: In instance 'tb_independent_aperture'
   41 |    if(!done_o||!unsupported_position_o||read_beats_o||write_beats_o||pairs_o||exception_flags_o)$fatal(1,"invalid range accepted");
      |                                       ^~
%Warning-WIDTHTRUNC: /workspace/scratch/f28987e955ed/hetero_cnn_llm_aha/reports/execution/U00_2_ROPE_BF16_L2_CANDIDATE_20261007/tb_independent_aperture.sv:41:53: Logical operator LOGOR expects 1 bit on the RHS, but RHS's VARREF 'write_beats_o' generates 32 bits.
                                                                                                                                                                : ... note: In instance 'tb_independent_aperture'
   41 |    if(!done_o||!unsupported_position_o||read_beats_o||write_beats_o||pairs_o||exception_flags_o)$fatal(1,"invalid range accepted");
      |                                                     ^~
%Warning-WIDTHTRUNC: /workspace/scratch/f28987e955ed/hetero_cnn_llm_aha/reports/execution/U00_2_ROPE_BF16_L2_CANDIDATE_20261007/tb_independent_aperture.sv:41:68: Logical operator LOGOR expects 1 bit on the RHS, but RHS's VARREF 'pairs_o' generates 32 bits.
                                                                                                                                                                : ... note: In instance 'tb_independent_aperture'
   41 |    if(!done_o||!unsupported_position_o||read_beats_o||write_beats_o||pairs_o||exception_flags_o)$fatal(1,"invalid range accepted");
      |                                                                    ^~
%Warning-WIDTHTRUNC: /workspace/scratch/f28987e955ed/hetero_cnn_llm_aha/reports/execution/U00_2_ROPE_BF16_L2_CANDIDATE_20261007/tb_independent_aperture.sv:41:77: Logical operator LOGOR expects 1 bit on the RHS, but RHS's VARREF 'exception_flags_o' generates 5 bits.
                                                                                                                                                                : ... note: In instance 'tb_independent_aperture'
   41 |    if(!done_o||!unsupported_position_o||read_beats_o||write_beats_o||pairs_o||exception_flags_o)$fatal(1,"invalid range accepted");
      |                                                                             ^~
make: Entering directory '/workspace/scratch/f28987e955ed/hetero_cnn_llm_aha/work/rope_bf16_l2_independent/obj_override'
g++ -Os  -I.  -MMD -I/workspace/scratch/f28987e955ed/hetero_cnn_llm_aha/work/rope_hardware_oracle/deps/verilator_debian/usr/share/verilator/include -I/workspace/scratch/f28987e955ed/hetero_cnn_llm_aha/work/rope_hardware_oracle/deps/verilator_debian/usr/share/verilator/include/vltstd -DVM_COVERAGE=0 -DVM_SC=0 -DVM_TIMING=1 -DVM_TRACE=0 -DVM_TRACE_FST=0 -DVM_TRACE_VCD=0 -faligned-new -fcf-protection=none -Wno-bool-operation -Wno-shadow -Wno-sign-compare -Wno-tautological-compare -Wno-uninitialized -Wno-unused-but-set-parameter -Wno-unused-but-set-variable -Wno-unused-parameter -Wno-unused-variable    -DVL_TIME_CONTEXT   -fcoroutines -c -o verilated.o /workspace/scratch/f28987e955ed/hetero_cnn_llm_aha/work/rope_hardware_oracle/deps/verilator_debian/usr/share/verilator/include/verilated.cpp
g++ -Os  -I.  -MMD -I/workspace/scratch/f28987e955ed/hetero_cnn_llm_aha/work/rope_hardware_oracle/deps/verilator_debian/usr/share/verilator/include -I/workspace/scratch/f28987e955ed/hetero_cnn_llm_aha/work/rope_hardware_oracle/deps/verilator_debian/usr/share/verilator/include/vltstd -DVM_COVERAGE=0 -DVM_SC=0 -DVM_TIMING=1 -DVM_TRACE=0 -DVM_TRACE_FST=0 -DVM_TRACE_VCD=0 -faligned-new -fcf-protection=none -Wno-bool-operation -Wno-shadow -Wno-sign-compare -Wno-tautological-compare -Wno-uninitialized -Wno-unused-but-set-parameter -Wno-unused-but-set-variable -Wno-unused-parameter -Wno-unused-variable    -DVL_TIME_CONTEXT   -fcoroutines -c -o verilated_timing.o /workspace/scratch/f28987e955ed/hetero_cnn_llm_aha/work/rope_hardware_oracle/deps/verilator_debian/usr/share/verilator/include/verilated_timing.cpp
g++ -Os  -I.  -MMD -I/workspace/scratch/f28987e955ed/hetero_cnn_llm_aha/work/rope_hardware_oracle/deps/verilator_debian/usr/share/verilator/include -I/workspace/scratch/f28987e955ed/hetero_cnn_llm_aha/work/rope_hardware_oracle/deps/verilator_debian/usr/share/verilator/include/vltstd -DVM_COVERAGE=0 -DVM_SC=0 -DVM_TIMING=1 -DVM_TRACE=0 -DVM_TRACE_FST=0 -DVM_TRACE_VCD=0 -faligned-new -fcf-protection=none -Wno-bool-operation -Wno-shadow -Wno-sign-compare -Wno-tautological-compare -Wno-uninitialized -Wno-unused-but-set-parameter -Wno-unused-but-set-variable -Wno-unused-parameter -Wno-unused-variable    -DVL_TIME_CONTEXT   -fcoroutines -c -o verilated_threads.o /workspace/scratch/f28987e955ed/hetero_cnn_llm_aha/work/rope_hardware_oracle/deps/verilator_debian/usr/share/verilator/include/verilated_threads.cpp
g++ -Os  -I.  -MMD -I/workspace/scratch/f28987e955ed/hetero_cnn_llm_aha/work/rope_hardware_oracle/deps/verilator_debian/usr/share/verilator/include -I/workspace/scratch/f28987e955ed/hetero_cnn_llm_aha/work/rope_hardware_oracle/deps/verilator_debian/usr/share/verilator/include/vltstd -DVM_COVERAGE=0 -DVM_SC=0 -DVM_TIMING=1 -DVM_TRACE=0 -DVM_TRACE_FST=0 -DVM_TRACE_VCD=0 -faligned-new -fcf-protection=none -Wno-bool-operation -Wno-shadow -Wno-sign-compare -Wno-tautological-compare -Wno-uninitialized -Wno-unused-but-set-parameter -Wno-unused-but-set-variable -Wno-unused-parameter -Wno-unused-variable    -DVL_TIME_CONTEXT   -fcoroutines -x c++-header Vtb_independent_aperture__pch.h -o Vtb_independent_aperture__pch.h.fast.gch
g++   -I.  -MMD -I/workspace/scratch/f28987e955ed/hetero_cnn_llm_aha/work/rope_hardware_oracle/deps/verilator_debian/usr/share/verilator/include -I/workspace/scratch/f28987e955ed/hetero_cnn_llm_aha/work/rope_hardware_oracle/deps/verilator_debian/usr/share/verilator/include/vltstd -DVM_COVERAGE=0 -DVM_SC=0 -DVM_TIMING=1 -DVM_TRACE=0 -DVM_TRACE_FST=0 -DVM_TRACE_VCD=0 -faligned-new -fcf-protection=none -Wno-bool-operation -Wno-shadow -Wno-sign-compare -Wno-tautological-compare -Wno-uninitialized -Wno-unused-but-set-parameter -Wno-unused-but-set-variable -Wno-unused-parameter -Wno-unused-variable    -DVL_TIME_CONTEXT   -fcoroutines -x c++-header Vtb_independent_aperture__pch.h -o Vtb_independent_aperture__pch.h.slow.gch
g++ -Os  -I.  -MMD -I/workspace/scratch/f28987e955ed/hetero_cnn_llm_aha/work/rope_hardware_oracle/deps/verilator_debian/usr/share/verilator/include -I/workspace/scratch/f28987e955ed/hetero_cnn_llm_aha/work/rope_hardware_oracle/deps/verilator_debian/usr/share/verilator/include/vltstd -DVM_COVERAGE=0 -DVM_SC=0 -DVM_TIMING=1 -DVM_TRACE=0 -DVM_TRACE_FST=0 -DVM_TRACE_VCD=0 -faligned-new -fcf-protection=none -Wno-bool-operation -Wno-shadow -Wno-sign-compare -Wno-tautological-compare -Wno-uninitialized -Wno-unused-but-set-parameter -Wno-unused-but-set-variable -Wno-unused-parameter -Wno-unused-variable    -DVL_TIME_CONTEXT   -fcoroutines -include Vtb_independent_aperture__pch.h.fast -c -o Vtb_independent_aperture.o Vtb_independent_aperture.cpp
g++ -Os  -I.  -MMD -I/workspace/scratch/f28987e955ed/hetero_cnn_llm_aha/work/rope_hardware_oracle/deps/verilator_debian/usr/share/verilator/include -I/workspace/scratch/f28987e955ed/hetero_cnn_llm_aha/work/rope_hardware_oracle/deps/verilator_debian/usr/share/verilator/include/vltstd -DVM_COVERAGE=0 -DVM_SC=0 -DVM_TIMING=1 -DVM_TRACE=0 -DVM_TRACE_FST=0 -DVM_TRACE_VCD=0 -faligned-new -fcf-protection=none -Wno-bool-operation -Wno-shadow -Wno-sign-compare -Wno-tautological-compare -Wno-uninitialized -Wno-unused-but-set-parameter -Wno-unused-but-set-variable -Wno-unused-parameter -Wno-unused-variable    -DVL_TIME_CONTEXT   -fcoroutines -include Vtb_independent_aperture__pch.h.fast -c -o Vtb_independent_aperture___024root__DepSet_h1ae16449__0.o Vtb_independent_aperture___024root__DepSet_h1ae16449__0.cpp
g++ -Os  -I.  -MMD -I/workspace/scratch/f28987e955ed/hetero_cnn_llm_aha/work/rope_hardware_oracle/deps/verilator_debian/usr/share/verilator/include -I/workspace/scratch/f28987e955ed/hetero_cnn_llm_aha/work/rope_hardware_oracle/deps/verilator_debian/usr/share/verilator/include/vltstd -DVM_COVERAGE=0 -DVM_SC=0 -DVM_TIMING=1 -DVM_TRACE=0 -DVM_TRACE_FST=0 -DVM_TRACE_VCD=0 -faligned-new -fcf-protection=none -Wno-bool-operation -Wno-shadow -Wno-sign-compare -Wno-tautological-compare -Wno-uninitialized -Wno-unused-but-set-parameter -Wno-unused-but-set-variable -Wno-unused-parameter -Wno-unused-variable    -DVL_TIME_CONTEXT   -fcoroutines -include Vtb_independent_aperture__pch.h.fast -c -o Vtb_independent_aperture___024root__DepSet_h1ae16449__1.o Vtb_independent_aperture___024root__DepSet_h1ae16449__1.cpp
g++ -Os  -I.  -MMD -I/workspace/scratch/f28987e955ed/hetero_cnn_llm_aha/work/rope_hardware_oracle/deps/verilator_debian/usr/share/verilator/include -I/workspace/scratch/f28987e955ed/hetero_cnn_llm_aha/work/rope_hardware_oracle/deps/verilator_debian/usr/share/verilator/include/vltstd -DVM_COVERAGE=0 -DVM_SC=0 -DVM_TIMING=1 -DVM_TRACE=0 -DVM_TRACE_FST=0 -DVM_TRACE_VCD=0 -faligned-new -fcf-protection=none -Wno-bool-operation -Wno-shadow -Wno-sign-compare -Wno-tautological-compare -Wno-uninitialized -Wno-unused-but-set-parameter -Wno-unused-but-set-variable -Wno-unused-parameter -Wno-unused-variable    -DVL_TIME_CONTEXT   -fcoroutines -include Vtb_independent_aperture__pch.h.fast -c -o Vtb_independent_aperture___024root__DepSet_h64f2ed54__0.o Vtb_independent_aperture___024root__DepSet_h64f2ed54__0.cpp
g++ -Os  -I.  -MMD -I/workspace/scratch/f28987e955ed/hetero_cnn_llm_aha/work/rope_hardware_oracle/deps/verilator_debian/usr/share/verilator/include -I/workspace/scratch/f28987e955ed/hetero_cnn_llm_aha/work/rope_hardware_oracle/deps/verilator_debian/usr/share/verilator/include/vltstd -DVM_COVERAGE=0 -DVM_SC=0 -DVM_TIMING=1 -DVM_TRACE=0 -DVM_TRACE_FST=0 -DVM_TRACE_VCD=0 -faligned-new -fcf-protection=none -Wno-bool-operation -Wno-shadow -Wno-sign-compare -Wno-tautological-compare -Wno-uninitialized -Wno-unused-but-set-parameter -Wno-unused-but-set-variable -Wno-unused-parameter -Wno-unused-variable    -DVL_TIME_CONTEXT   -fcoroutines -include Vtb_independent_aperture__pch.h.fast -c -o Vtb_independent_aperture___024root__DepSet_h64f2ed54__1.o Vtb_independent_aperture___024root__DepSet_h64f2ed54__1.cpp
g++ -Os  -I.  -MMD -I/workspace/scratch/f28987e955ed/hetero_cnn_llm_aha/work/rope_hardware_oracle/deps/verilator_debian/usr/share/verilator/include -I/workspace/scratch/f28987e955ed/hetero_cnn_llm_aha/work/rope_hardware_oracle/deps/verilator_debian/usr/share/verilator/include/vltstd -DVM_COVERAGE=0 -DVM_SC=0 -DVM_TIMING=1 -DVM_TRACE=0 -DVM_TRACE_FST=0 -DVM_TRACE_VCD=0 -faligned-new -fcf-protection=none -Wno-bool-operation -Wno-shadow -Wno-sign-compare -Wno-tautological-compare -Wno-uninitialized -Wno-unused-but-set-parameter -Wno-unused-but-set-variable -Wno-unused-parameter -Wno-unused-variable    -DVL_TIME_CONTEXT   -fcoroutines -include Vtb_independent_aperture__pch.h.fast -c -o Vtb_independent_aperture__main.o Vtb_independent_aperture__main.cpp
g++   -I.  -MMD -I/workspace/scratch/f28987e955ed/hetero_cnn_llm_aha/work/rope_hardware_oracle/deps/verilator_debian/usr/share/verilator/include -I/workspace/scratch/f28987e955ed/hetero_cnn_llm_aha/work/rope_hardware_oracle/deps/verilator_debian/usr/share/verilator/include/vltstd -DVM_COVERAGE=0 -DVM_SC=0 -DVM_TIMING=1 -DVM_TRACE=0 -DVM_TRACE_FST=0 -DVM_TRACE_VCD=0 -faligned-new -fcf-protection=none -Wno-bool-operation -Wno-shadow -Wno-sign-compare -Wno-tautological-compare -Wno-uninitialized -Wno-unused-but-set-parameter -Wno-unused-but-set-variable -Wno-unused-parameter -Wno-unused-variable    -DVL_TIME_CONTEXT   -fcoroutines -include Vtb_independent_aperture__pch.h.slow -c -o Vtb_independent_aperture__ConstPool_0.o Vtb_independent_aperture__ConstPool_0.cpp
g++   -I.  -MMD -I/workspace/scratch/f28987e955ed/hetero_cnn_llm_aha/work/rope_hardware_oracle/deps/verilator_debian/usr/share/verilator/include -I/workspace/scratch/f28987e955ed/hetero_cnn_llm_aha/work/rope_hardware_oracle/deps/verilator_debian/usr/share/verilator/include/vltstd -DVM_COVERAGE=0 -DVM_SC=0 -DVM_TIMING=1 -DVM_TRACE=0 -DVM_TRACE_FST=0 -DVM_TRACE_VCD=0 -faligned-new -fcf-protection=none -Wno-bool-operation -Wno-shadow -Wno-sign-compare -Wno-tautological-compare -Wno-uninitialized -Wno-unused-but-set-parameter -Wno-unused-but-set-variable -Wno-unused-parameter -Wno-unused-variable    -DVL_TIME_CONTEXT   -fcoroutines -include Vtb_independent_aperture__pch.h.slow -c -o Vtb_independent_aperture___024root__Slow.o Vtb_independent_aperture___024root__Slow.cpp
g++   -I.  -MMD -I/workspace/scratch/f28987e955ed/hetero_cnn_llm_aha/work/rope_hardware_oracle/deps/verilator_debian/usr/share/verilator/include -I/workspace/scratch/f28987e955ed/hetero_cnn_llm_aha/work/rope_hardware_oracle/deps/verilator_debian/usr/share/verilator/include/vltstd -DVM_COVERAGE=0 -DVM_SC=0 -DVM_TIMING=1 -DVM_TRACE=0 -DVM_TRACE_FST=0 -DVM_TRACE_VCD=0 -faligned-new -fcf-protection=none -Wno-bool-operation -Wno-shadow -Wno-sign-compare -Wno-tautological-compare -Wno-uninitialized -Wno-unused-but-set-parameter -Wno-unused-but-set-variable -Wno-unused-parameter -Wno-unused-variable    -DVL_TIME_CONTEXT   -fcoroutines -include Vtb_independent_aperture__pch.h.slow -c -o Vtb_independent_aperture___024root__DepSet_h1ae16449__0__Slow.o Vtb_independent_aperture___024root__DepSet_h1ae16449__0__Slow.cpp
g++   -I.  -MMD -I/workspace/scratch/f28987e955ed/hetero_cnn_llm_aha/work/rope_hardware_oracle/deps/verilator_debian/usr/share/verilator/include -I/workspace/scratch/f28987e955ed/hetero_cnn_llm_aha/work/rope_hardware_oracle/deps/verilator_debian/usr/share/verilator/include/vltstd -DVM_COVERAGE=0 -DVM_SC=0 -DVM_TIMING=1 -DVM_TRACE=0 -DVM_TRACE_FST=0 -DVM_TRACE_VCD=0 -faligned-new -fcf-protection=none -Wno-bool-operation -Wno-shadow -Wno-sign-compare -Wno-tautological-compare -Wno-uninitialized -Wno-unused-but-set-parameter -Wno-unused-but-set-variable -Wno-unused-parameter -Wno-unused-variable    -DVL_TIME_CONTEXT   -fcoroutines -include Vtb_independent_aperture__pch.h.slow -c -o Vtb_independent_aperture___024root__DepSet_h64f2ed54__0__Slow.o Vtb_independent_aperture___024root__DepSet_h64f2ed54__0__Slow.cpp
g++   -I.  -MMD -I/workspace/scratch/f28987e955ed/hetero_cnn_llm_aha/work/rope_hardware_oracle/deps/verilator_debian/usr/share/verilator/include -I/workspace/scratch/f28987e955ed/hetero_cnn_llm_aha/work/rope_hardware_oracle/deps/verilator_debian/usr/share/verilator/include/vltstd -DVM_COVERAGE=0 -DVM_SC=0 -DVM_TIMING=1 -DVM_TRACE=0 -DVM_TRACE_FST=0 -DVM_TRACE_VCD=0 -faligned-new -fcf-protection=none -Wno-bool-operation -Wno-shadow -Wno-sign-compare -Wno-tautological-compare -Wno-uninitialized -Wno-unused-but-set-parameter -Wno-unused-but-set-variable -Wno-unused-parameter -Wno-unused-variable    -DVL_TIME_CONTEXT   -fcoroutines -include Vtb_independent_aperture__pch.h.slow -c -o Vtb_independent_aperture__Syms.o Vtb_independent_aperture__Syms.cpp
echo "" > Vtb_independent_aperture__ALL.verilator_deplist.tmp
g++    verilated.o verilated_timing.o verilated_threads.o Vtb_independent_aperture__ALL.a    -pthread -lpthread -latomic   -o tb
rm Vtb_independent_aperture__ALL.verilator_deplist.tmp
make: Leaving directory '/workspace/scratch/f28987e955ed/hetero_cnn_llm_aha/work/rope_bf16_l2_independent/obj_override'
- V e r i l a t i o n   R e p o r t: Verilator 5.032 2025-01-01 rev (Debian 5.032-1+b2)
- Verilator: Built from 0.633 MB sources in 21 modules, into 2.536 MB in 11 C++ files needing 0.016 MB
- Verilator: Walltime 7.866 s (elab=0.010, cvt=0.134, bld=7.681); cpu 0.223 s on 4 threads; alloced 37.227 MB
