{
  "schema": 1,
  "status": "PASS_REAL16_TWO_LAYER_HOST_NUMERICAL",
  "source_commit": "52adab91c89335f29eb8af49b5a04843662dc67e",
  "tokens": 16,
  "layers": 2,
  "hidden": 1536,
  "ffn": 8960,
  "commands": 42,
  "owner_jobs": 38,
  "descriptor_records": 430,
  "checked_fp32": 1409024,
  "bit_differences": 0,
  "counters": {
    "tokens": "16",
    "hidden": "1536",
    "ffn": "8960",
    "layers": "2",
    "host_commands": "42",
    "completed": "42",
    "owner_jobs": "38",
    "matrix_commands": "18",
    "sfu_commands": "22",
    "kv_commands": "2",
    "checked_fp32": "1409024",
    "bit_differences": "0",
    "useful_macs": "1498202112",
    "executed_macs": "1524105216",
    "cycles": "21779284",
    "metadata_reads": "472",
    "read_bytes": "197981696",
    "write_ack_bytes": "5636096",
    "idma_transfers": "770712",
    "read_bursts": "682648",
    "weight_read_burst_beats": "16",
    "pipelined_owner": "1",
    "streamed_read_beats": "2960896",
    "weight_cache_hits": "0",
    "request_stalls": "299238",
    "response_delay_cycles": "7132725",
    "host_intermediate_writes": "0",
    "legacy_block_launch": "0",
    "original_matrix_instances": "8",
    "logical_matrix_engines": "1",
    "matrix_macs": "4096",
    "original_idma_instances": "1",
    "score_ddr_accesses": "0",
    "output_fnv64": "8401b1b4297c40b0"
  },
  "layer_weight_identities": [
    {
      "layer": "0",
      "salt": "0",
      "wq": "4002164789806659059",
      "wg": "15424846485137942147",
      "wd": "6763894623645159555"
    },
    {
      "layer": "1",
      "salt": "17",
      "wq": "7546649509632609491",
      "wg": "8818369705648495747",
      "wd": "8698146924741062003"
    }
  ],
  "layer0_y_sha256": "a15b94dd35223a7f8284dd76950ced9d0a5822239d10507560cc91c7435d8eee",
  "layer1_y_sha256": "9a6acfe42db5c591da645d3ad798b33f0975be3981906838ffcbb6fa90b4acf6",
  "log_sha256": "b1a85b990265d904431d184dfb98662c75c5f844145ad0945fc416faeb6250a7",
  "csv_sha256": "6dab2db3cd92da40e62e51da40eb46a254231d5a23dd5b7d9e5d0a7c7460153e",
  "generated_rtl_sha256": "a73631fdfc409d6d1dd33a0c6b138c24864da821793b93f2209a87233898f95c",
  "source_files_rechecked": 331,
  "scope": {
    "original_host_command_graph": true,
    "retained_matrix": true,
    "pinned_idma": true,
    "one_launch": true,
    "block_launch": false,
    "host_layer_copy": false,
    "synthetic_weights": true,
    "official_weights": false,
    "full_network_q1024": false,
    "dc": false
  }
}
