%Warning-PINMISSING: /home/runner/work/hetero_cnn_llm_aha/hetero_cnn_llm_aha/work/pipeline_upstream/idma_export/deps/axi_stream/src/axi_stream_cut.sv:41:5: Cell has missing pin: 'clr_i'
   41 |   ) i_spill_register_stream (
      |     ^~~~~~~~~~~~~~~~~~~~~~~
                     ... For warning description see https://verilator.org/warn/PINMISSING?v=5.020
                     ... Use "/* verilator lint_off PINMISSING */" and lint_on around source to disable this message.
%Warning-TIMESCALEMOD: /home/runner/work/hetero_cnn_llm_aha/hetero_cnn_llm_aha/rtl/integration/qwen2_matrix_command_endpoint.sv:2:8: Timescale missing on this module as other modules have it (IEEE 1800-2017 3.14.2.3)
    2 | module qwen2_matrix_command_endpoint(
      |        ^~~~~~~~~~~~~~~~~~~~~~~~~~~~~
                       /home/runner/work/hetero_cnn_llm_aha/hetero_cnn_llm_aha/rtl/matrix/bf16_outer_product_array_glue512.sv:4:8: ... Location of module with timescale
    4 | module bf16_outer_product_array_glue512 (
      |        ^~~~~~~~~~~~~~~~~~~~~~~~~~~~~~~~
make: Entering directory '/home/runner/work/hetero_cnn_llm_aha/hetero_cnn_llm_aha/work/pipeline_components/MatrixPipeline/obj'
make[1]: Entering directory '/home/runner/work/hetero_cnn_llm_aha/hetero_cnn_llm_aha'
/usr/bin/verilator -f /home/runner/work/hetero_cnn_llm_aha/hetero_cnn_llm_aha/work/pipeline_components/MatrixPipeline/obj/Vbf16_context_lane_cluster16_rev8b_b_candidate__hierMkArgs.f
%Warning-PINMISSING: /home/runner/work/hetero_cnn_llm_aha/hetero_cnn_llm_aha/work/pipeline_upstream/idma_export/deps/axi_stream/src/axi_stream_cut.sv:41:5: Cell has missing pin: 'clr_i'
   41 |   ) i_spill_register_stream (
      |     ^~~~~~~~~~~~~~~~~~~~~~~
                     ... For warning description see https://verilator.org/warn/PINMISSING?v=5.020
                     ... Use "/* verilator lint_off PINMISSING */" and lint_on around source to disable this message.
%Warning-TIMESCALEMOD: /home/runner/work/hetero_cnn_llm_aha/hetero_cnn_llm_aha/rtl/integration/qwen2_matrix_command_endpoint.sv:2:8: Timescale missing on this module as other modules have it (IEEE 1800-2017 3.14.2.3)
    2 | module qwen2_matrix_command_endpoint(
      |        ^~~~~~~~~~~~~~~~~~~~~~~~~~~~~
                       /home/runner/work/hetero_cnn_llm_aha/hetero_cnn_llm_aha/rtl/matrix/bf16_outer_product_array_glue512.sv:4:8: ... Location of module with timescale
    4 | module bf16_outer_product_array_glue512 (
      |        ^~~~~~~~~~~~~~~~~~~~~~~~~~~~~~~~
%Warning-WIDTHEXPAND: /home/runner/work/hetero_cnn_llm_aha/hetero_cnn_llm_aha/work/pipeline_upstream/idma_export/deps/axi/src/axi_pkg.sv:203:77: Operator DIV expects 144 bits on the LHS, but LHS's VARREF '_addr' generates 128 bits.
                                                                                                                                               : ... note: In instance 'bf16_context_lane_cluster16_rev8b_b_candidate.g_lane[15].u_lane.u_round.round'
  203 |     return shortint'(($bits(_addr)  + $bits(strobe_width))'(_addr) - (_addr / largest_addr_t'(strobe_width)) * strobe_width);
      |                                                                             ^
%Warning-WIDTHEXPAND: /home/runner/work/hetero_cnn_llm_aha/hetero_cnn_llm_aha/work/pipeline_upstream/idma_export/deps/axi/src/axi_pkg.sv:203:77: Operator DIV expects 144 bits on the RHS, but RHS's CASTWRAP generates 128 bits.
                                                                                                                                               : ... note: In instance 'bf16_context_lane_cluster16_rev8b_b_candidate.g_lane[15].u_lane.u_round.round'
  203 |     return shortint'(($bits(_addr)  + $bits(strobe_width))'(_addr) - (_addr / largest_addr_t'(strobe_width)) * strobe_width);
      |                                                                             ^
make[1]: Leaving directory '/home/runner/work/hetero_cnn_llm_aha/hetero_cnn_llm_aha'
make[1]: Entering directory '/home/runner/work/hetero_cnn_llm_aha/hetero_cnn_llm_aha'
/usr/bin/verilator -f /home/runner/work/hetero_cnn_llm_aha/hetero_cnn_llm_aha/work/pipeline_components/MatrixPipeline/obj/Vqwen2_matrix_command_endpoint__hierMkArgs.f
%Warning-PINMISSING: /home/runner/work/hetero_cnn_llm_aha/hetero_cnn_llm_aha/work/pipeline_upstream/idma_export/deps/axi_stream/src/axi_stream_cut.sv:41:5: Cell has missing pin: 'clr_i'
   41 |   ) i_spill_register_stream (
      |     ^~~~~~~~~~~~~~~~~~~~~~~
                     ... For warning description see https://verilator.org/warn/PINMISSING?v=5.020
                     ... Use "/* verilator lint_off PINMISSING */" and lint_on around source to disable this message.
%Warning-TIMESCALEMOD: /home/runner/work/hetero_cnn_llm_aha/hetero_cnn_llm_aha/rtl/integration/qwen2_matrix_command_endpoint.sv:2:8: Timescale missing on this module as other modules have it (IEEE 1800-2017 3.14.2.3)
    2 | module qwen2_matrix_command_endpoint(
      |        ^~~~~~~~~~~~~~~~~~~~~~~~~~~~~
                       /home/runner/work/hetero_cnn_llm_aha/hetero_cnn_llm_aha/work/pipeline_components/MatrixPipeline/obj/Vbf16_context_lane_cluster16_rev8b_b_candidate/bf16_context_lane_cluster16_rev8b_b_candidate.sv:6:8: ... Location of module with timescale
    6 | module bf16_context_lane_cluster16_rev8b_b_candidate (
      |        ^~~~~~~~~~~~~~~~~~~~~~~~~~~~~~~~~~~~~~~~~~~~~
%Warning-WIDTHEXPAND: /home/runner/work/hetero_cnn_llm_aha/hetero_cnn_llm_aha/work/pipeline_upstream/idma_export/deps/axi/src/axi_pkg.sv:203:77: Operator DIV expects 144 bits on the LHS, but LHS's VARREF '_addr' generates 128 bits.
                                                                                                                                               : ... note: In instance 'qwen2_matrix_command_endpoint.matrix.g_production.front_control.tags'
  203 |     return shortint'(($bits(_addr)  + $bits(strobe_width))'(_addr) - (_addr / largest_addr_t'(strobe_width)) * strobe_width);
      |                                                                             ^
%Warning-WIDTHEXPAND: /home/runner/work/hetero_cnn_llm_aha/hetero_cnn_llm_aha/work/pipeline_upstream/idma_export/deps/axi/src/axi_pkg.sv:203:77: Operator DIV expects 144 bits on the RHS, but RHS's CASTWRAP generates 128 bits.
                                                                                                                                               : ... note: In instance 'qwen2_matrix_command_endpoint.matrix.g_production.front_control.tags'
  203 |     return shortint'(($bits(_addr)  + $bits(strobe_width))'(_addr) - (_addr / largest_addr_t'(strobe_width)) * strobe_width);
      |                                                                             ^
make[1]: Leaving directory '/home/runner/work/hetero_cnn_llm_aha/hetero_cnn_llm_aha'
make[1]: Entering directory '/home/runner/work/hetero_cnn_llm_aha/hetero_cnn_llm_aha'
/usr/bin/verilator -f /home/runner/work/hetero_cnn_llm_aha/hetero_cnn_llm_aha/work/pipeline_components/MatrixPipeline/obj/VMatrixPipelineProbe__hierMkArgs.f
%Warning-PINMISSING: /home/runner/work/hetero_cnn_llm_aha/hetero_cnn_llm_aha/work/pipeline_upstream/idma_export/deps/axi_stream/src/axi_stream_cut.sv:41:5: Cell has missing pin: 'clr_i'
   41 |   ) i_spill_register_stream (
      |     ^~~~~~~~~~~~~~~~~~~~~~~
                     ... For warning description see https://verilator.org/warn/PINMISSING?v=5.020
                     ... Use "/* verilator lint_off PINMISSING */" and lint_on around source to disable this message.
%Warning-WIDTHEXPAND: /home/runner/work/hetero_cnn_llm_aha/hetero_cnn_llm_aha/work/pipeline_upstream/idma_export/deps/axi/src/axi_pkg.sv:203:77: Operator DIV expects 144 bits on the LHS, but LHS's VARREF '_addr' generates 128 bits.
                                                                                                                                               : ... note: In instance 'MatrixPipelineProbe.dut.tags.ram_ext'
  203 |     return shortint'(($bits(_addr)  + $bits(strobe_width))'(_addr) - (_addr / largest_addr_t'(strobe_width)) * strobe_width);
      |                                                                             ^
%Warning-WIDTHEXPAND: /home/runner/work/hetero_cnn_llm_aha/hetero_cnn_llm_aha/work/pipeline_upstream/idma_export/deps/axi/src/axi_pkg.sv:203:77: Operator DIV expects 144 bits on the RHS, but RHS's CASTWRAP generates 128 bits.
                                                                                                                                               : ... note: In instance 'MatrixPipelineProbe.dut.tags.ram_ext'
  203 |     return shortint'(($bits(_addr)  + $bits(strobe_width))'(_addr) - (_addr / largest_addr_t'(strobe_width)) * strobe_width);
      |                                                                             ^
%Warning-UNOPTFLAT: /home/runner/work/hetero_cnn_llm_aha/hetero_cnn_llm_aha/work/pipeline_components/MatrixPipeline/obj/Vqwen2_matrix_command_endpoint/qwen2_matrix_command_endpoint.sv:9:23: Signal unoptimizable: Circular combinational logic: 'MatrixPipelineProbe.dut.__Vcellinp__leaves_0__cmd_valid_i'
    9 |         , input logic cmd_valid_i
      |                       ^~~~~~~~~~~
                    /home/runner/work/hetero_cnn_llm_aha/hetero_cnn_llm_aha/work/pipeline_components/MatrixPipeline/obj/Vqwen2_matrix_command_endpoint/qwen2_matrix_command_endpoint.sv:9:23:      Example path: MatrixPipelineProbe.dut.__Vcellinp__leaves_0__cmd_valid_i
                    /home/runner/work/hetero_cnn_llm_aha/hetero_cnn_llm_aha/work/pipeline_components/MatrixPipeline/obj/Vqwen2_matrix_command_endpoint/qwen2_matrix_command_endpoint.sv:144:5:      Example path: ALWAYS
                    /home/runner/work/hetero_cnn_llm_aha/hetero_cnn_llm_aha/work/pipeline_components/MatrixPipeline/obj/Vqwen2_matrix_command_endpoint/qwen2_matrix_command_endpoint.sv:107:11:      Example path: MatrixPipelineProbe.dut.leaves_0.cmd_ready_o_combo__V
                    /home/runner/work/hetero_cnn_llm_aha/hetero_cnn_llm_aha/work/pipeline_components/MatrixPipeline/obj/Vqwen2_matrix_command_endpoint/qwen2_matrix_command_endpoint.sv:212:5:      Example path: ALWAYS
                    /home/runner/work/hetero_cnn_llm_aha/hetero_cnn_llm_aha/work/pipeline_components/MatrixPipeline/generated/MatrixPipelineProbe.sv:34226:18:      Example path: MatrixPipelineProbe.dut._leaves_0_cmd_ready_o
                    /home/runner/work/hetero_cnn_llm_aha/hetero_cnn_llm_aha/work/pipeline_components/MatrixPipeline/generated/MatrixPipelineProbe.sv:34256:34:      Example path: ASSIGNW
                    /home/runner/work/hetero_cnn_llm_aha/hetero_cnn_llm_aha/work/pipeline_components/MatrixPipeline/generated/MatrixPipelineProbe.sv:34256:18:      Example path: MatrixPipelineProbe.dut.allCommandReady
                    /home/runner/work/hetero_cnn_llm_aha/hetero_cnn_llm_aha/work/pipeline_components/MatrixPipeline/generated/MatrixPipelineProbe.sv:46525:6:      Example path: ASSIGNW
                    /home/runner/work/hetero_cnn_llm_aha/hetero_cnn_llm_aha/work/pipeline_components/MatrixPipeline/obj/Vqwen2_matrix_command_endpoint/qwen2_matrix_command_endpoint.sv:9:23:      Example path: MatrixPipelineProbe.dut.__Vcellinp__leaves_0__cmd_valid_i
%Warning-UNOPTFLAT: /home/runner/work/hetero_cnn_llm_aha/hetero_cnn_llm_aha/work/pipeline_components/MatrixPipeline/obj/Vqwen2_matrix_command_endpoint/qwen2_matrix_command_endpoint.sv:12:23: Signal unoptimizable: Circular combinational logic: 'MatrixPipelineProbe.dut.__Vcellinp__leaves_0__step_valid_i'
   12 |         , input logic step_valid_i
      |                       ^~~~~~~~~~~~
                    /home/runner/work/hetero_cnn_llm_aha/hetero_cnn_llm_aha/work/pipeline_components/MatrixPipeline/obj/Vqwen2_matrix_command_endpoint/qwen2_matrix_command_endpoint.sv:12:23:      Example path: MatrixPipelineProbe.dut.__Vcellinp__leaves_0__step_valid_i
                    /home/runner/work/hetero_cnn_llm_aha/hetero_cnn_llm_aha/work/pipeline_components/MatrixPipeline/obj/Vqwen2_matrix_command_endpoint/qwen2_matrix_command_endpoint.sv:144:5:      Example path: ALWAYS
                    /home/runner/work/hetero_cnn_llm_aha/hetero_cnn_llm_aha/work/pipeline_components/MatrixPipeline/obj/Vqwen2_matrix_command_endpoint/qwen2_matrix_command_endpoint.sv:107:11:      Example path: MatrixPipelineProbe.dut.leaves_0.cmd_ready_o_combo__V
                    /home/runner/work/hetero_cnn_llm_aha/hetero_cnn_llm_aha/work/pipeline_components/MatrixPipeline/obj/Vqwen2_matrix_command_endpoint/qwen2_matrix_command_endpoint.sv:212:5:      Example path: ALWAYS
                    /home/runner/work/hetero_cnn_llm_aha/hetero_cnn_llm_aha/work/pipeline_components/MatrixPipeline/generated/MatrixPipelineProbe.sv:34226:18:      Example path: MatrixPipelineProbe.dut._leaves_0_cmd_ready_o
                    /home/runner/work/hetero_cnn_llm_aha/hetero_cnn_llm_aha/work/pipeline_components/MatrixPipeline/generated/MatrixPipelineProbe.sv:34256:34:      Example path: ASSIGNW
                    /home/runner/work/hetero_cnn_llm_aha/hetero_cnn_llm_aha/work/pipeline_components/MatrixPipeline/generated/MatrixPipelineProbe.sv:34256:18:      Example path: MatrixPipelineProbe.dut.allCommandReady
                    /home/runner/work/hetero_cnn_llm_aha/hetero_cnn_llm_aha/work/pipeline_components/MatrixPipeline/generated/MatrixPipelineProbe.sv:46525:6:      Example path: ASSIGNW
                    /home/runner/work/hetero_cnn_llm_aha/hetero_cnn_llm_aha/work/pipeline_components/MatrixPipeline/obj/Vqwen2_matrix_command_endpoint/qwen2_matrix_command_endpoint.sv:9:23:      Example path: MatrixPipelineProbe.dut.__Vcellinp__leaves_0__cmd_valid_i
                    /home/runner/work/hetero_cnn_llm_aha/hetero_cnn_llm_aha/work/pipeline_components/MatrixPipeline/obj/Vqwen2_matrix_command_endpoint/qwen2_matrix_command_endpoint.sv:144:5:      Example path: ALWAYS
%Warning-UNOPTFLAT: /home/runner/work/hetero_cnn_llm_aha/hetero_cnn_llm_aha/work/pipeline_components/MatrixPipeline/obj/Vqwen2_matrix_command_endpoint/qwen2_matrix_command_endpoint.sv:26:23: Signal unoptimizable: Circular combinational logic: 'MatrixPipelineProbe.dut.__Vcellinp__leaves_0__completion_ready_i'
   26 |         , input logic completion_ready_i
      |                       ^~~~~~~~~~~~~~~~~~
                    /home/runner/work/hetero_cnn_llm_aha/hetero_cnn_llm_aha/work/pipeline_components/MatrixPipeline/obj/Vqwen2_matrix_command_endpoint/qwen2_matrix_command_endpoint.sv:26:23:      Example path: MatrixPipelineProbe.dut.__Vcellinp__leaves_0__completion_ready_i
                    /home/runner/work/hetero_cnn_llm_aha/hetero_cnn_llm_aha/work/pipeline_components/MatrixPipeline/obj/Vqwen2_matrix_command_endpoint/qwen2_matrix_command_endpoint.sv:144:5:      Example path: ALWAYS
                    /home/runner/work/hetero_cnn_llm_aha/hetero_cnn_llm_aha/work/pipeline_components/MatrixPipeline/obj/Vqwen2_matrix_command_endpoint/qwen2_matrix_command_endpoint.sv:107:11:      Example path: MatrixPipelineProbe.dut.leaves_0.cmd_ready_o_combo__V
                    /home/runner/work/hetero_cnn_llm_aha/hetero_cnn_llm_aha/work/pipeline_components/MatrixPipeline/obj/Vqwen2_matrix_command_endpoint/qwen2_matrix_command_endpoint.sv:212:5:      Example path: ALWAYS
                    /home/runner/work/hetero_cnn_llm_aha/hetero_cnn_llm_aha/work/pipeline_components/MatrixPipeline/generated/MatrixPipelineProbe.sv:34226:18:      Example path: MatrixPipelineProbe.dut._leaves_0_cmd_ready_o
                    /home/runner/work/hetero_cnn_llm_aha/hetero_cnn_llm_aha/work/pipeline_components/MatrixPipeline/generated/MatrixPipelineProbe.sv:34256:34:      Example path: ASSIGNW
                    /home/runner/work/hetero_cnn_llm_aha/hetero_cnn_llm_aha/work/pipeline_components/MatrixPipeline/generated/MatrixPipelineProbe.sv:34256:18:      Example path: MatrixPipelineProbe.dut.allCommandReady
                    /home/runner/work/hetero_cnn_llm_aha/hetero_cnn_llm_aha/work/pipeline_components/MatrixPipeline/generated/MatrixPipelineProbe.sv:46525:6:      Example path: ASSIGNW
                    /home/runner/work/hetero_cnn_llm_aha/hetero_cnn_llm_aha/work/pipeline_components/MatrixPipeline/obj/Vqwen2_matrix_command_endpoint/qwen2_matrix_command_endpoint.sv:9:23:      Example path: MatrixPipelineProbe.dut.__Vcellinp__leaves_0__cmd_valid_i
                    /home/runner/work/hetero_cnn_llm_aha/hetero_cnn_llm_aha/work/pipeline_components/MatrixPipeline/obj/Vqwen2_matrix_command_endpoint/qwen2_matrix_command_endpoint.sv:144:5:      Example path: ALWAYS
%Warning-UNOPTFLAT: /home/runner/work/hetero_cnn_llm_aha/hetero_cnn_llm_aha/work/pipeline_components/MatrixPipeline/generated/MatrixPipelineProbe.sv:34307:18: Signal unoptimizable: Circular combinational logic: 'MatrixPipelineProbe.dut.consumeOutput'
34307 |   wire           consumeOutput =
      |                  ^~~~~~~~~~~~~
                    /home/runner/work/hetero_cnn_llm_aha/hetero_cnn_llm_aha/work/pipeline_components/MatrixPipeline/generated/MatrixPipelineProbe.sv:34307:18:      Example path: MatrixPipelineProbe.dut.consumeOutput
                    /home/runner/work/hetero_cnn_llm_aha/hetero_cnn_llm_aha/work/pipeline_components/MatrixPipeline/generated/MatrixPipelineProbe.sv:46588:6:      Example path: ASSIGNW
                    /home/runner/work/hetero_cnn_llm_aha/hetero_cnn_llm_aha/work/pipeline_components/MatrixPipeline/obj/Vqwen2_matrix_command_endpoint/qwen2_matrix_command_endpoint.sv:21:23:      Example path: MatrixPipelineProbe.dut.__Vcellinp__leaves_0__out_ready_i
                    /home/runner/work/hetero_cnn_llm_aha/hetero_cnn_llm_aha/work/pipeline_components/MatrixPipeline/obj/Vqwen2_matrix_command_endpoint/qwen2_matrix_command_endpoint.sv:144:5:      Example path: ALWAYS
                    /home/runner/work/hetero_cnn_llm_aha/hetero_cnn_llm_aha/work/pipeline_components/MatrixPipeline/obj/Vqwen2_matrix_command_endpoint/qwen2_matrix_command_endpoint.sv:107:11:      Example path: MatrixPipelineProbe.dut.leaves_0.cmd_ready_o_combo__V
                    /home/runner/work/hetero_cnn_llm_aha/hetero_cnn_llm_aha/work/pipeline_components/MatrixPipeline/obj/Vqwen2_matrix_command_endpoint/qwen2_matrix_command_endpoint.sv:212:5:      Example path: ALWAYS
                    /home/runner/work/hetero_cnn_llm_aha/hetero_cnn_llm_aha/work/pipeline_components/MatrixPipeline/generated/MatrixPipelineProbe.sv:34226:18:      Example path: MatrixPipelineProbe.dut._leaves_0_cmd_ready_o
                    /home/runner/work/hetero_cnn_llm_aha/hetero_cnn_llm_aha/work/pipeline_components/MatrixPipeline/generated/MatrixPipelineProbe.sv:34256:34:      Example path: ASSIGNW
                    /home/runner/work/hetero_cnn_llm_aha/hetero_cnn_llm_aha/work/pipeline_components/MatrixPipeline/generated/MatrixPipelineProbe.sv:34256:18:      Example path: MatrixPipelineProbe.dut.allCommandReady
                    /home/runner/work/hetero_cnn_llm_aha/hetero_cnn_llm_aha/work/pipeline_components/MatrixPipeline/generated/MatrixPipelineProbe.sv:46525:6:      Example path: ASSIGNW
                    /home/runner/work/hetero_cnn_llm_aha/hetero_cnn_llm_aha/work/pipeline_components/MatrixPipeline/obj/Vqwen2_matrix_command_endpoint/qwen2_matrix_command_endpoint.sv:9:23:      Example path: MatrixPipelineProbe.dut.__Vcellinp__leaves_0__cmd_valid_i
                    /home/runner/work/hetero_cnn_llm_aha/hetero_cnn_llm_aha/work/pipeline_components/MatrixPipeline/obj/Vqwen2_matrix_command_endpoint/qwen2_matrix_command_endpoint.sv:144:5:      Example path: ALWAYS
make[1]: Leaving directory '/home/runner/work/hetero_cnn_llm_aha/hetero_cnn_llm_aha'
make: Leaving directory '/home/runner/work/hetero_cnn_llm_aha/hetero_cnn_llm_aha/work/pipeline_components/MatrixPipeline/obj'
make: Entering directory '/home/runner/work/hetero_cnn_llm_aha/hetero_cnn_llm_aha/work/pipeline_components/MatrixPipeline/obj'
make -f Vbf16_context_lane_cluster16_rev8b_b_candidate.mk -C Vbf16_context_lane_cluster16_rev8b_b_candidate VM_PREFIX=Vbf16_context_lane_cluster16_rev8b_b_candidate
make[1]: Entering directory '/home/runner/work/hetero_cnn_llm_aha/hetero_cnn_llm_aha/work/pipeline_components/MatrixPipeline/obj/Vbf16_context_lane_cluster16_rev8b_b_candidate'
g++ -O3  -I.  -MMD -I/home/runner/work/hetero_cnn_llm_aha/hetero_cnn_llm_aha/work/pipeline_components/verilator-runtime/include -I/home/runner/work/hetero_cnn_llm_aha/hetero_cnn_llm_aha/work/pipeline_components/verilator-runtime/include/vltstd -DVM_COVERAGE=0 -DVM_SC=0 -DVM_TRACE=0 -DVM_TRACE_FST=0 -DVM_TRACE_VCD=0 -faligned-new -fcf-protection=none -Wno-bool-operation -Wno-overloaded-virtual -Wno-shadow -Wno-sign-compare -Wno-uninitialized -Wno-unused-but-set-parameter -Wno-unused-but-set-variable -Wno-unused-parameter -Wno-unused-variable     -fPIC -O3 -std=c++17 -ffp-contract=off -fno-fast-math   -x c++-header Vbf16_context_lane_cluster16_rev8b_b_candidate__pch.h -o Vbf16_context_lane_cluster16_rev8b_b_candidate__pch.h.fast.gch
g++   -I.  -MMD -I/home/runner/work/hetero_cnn_llm_aha/hetero_cnn_llm_aha/work/pipeline_components/verilator-runtime/include -I/home/runner/work/hetero_cnn_llm_aha/hetero_cnn_llm_aha/work/pipeline_components/verilator-runtime/include/vltstd -DVM_COVERAGE=0 -DVM_SC=0 -DVM_TRACE=0 -DVM_TRACE_FST=0 -DVM_TRACE_VCD=0 -faligned-new -fcf-protection=none -Wno-bool-operation -Wno-overloaded-virtual -Wno-shadow -Wno-sign-compare -Wno-uninitialized -Wno-unused-but-set-parameter -Wno-unused-but-set-variable -Wno-unused-parameter -Wno-unused-variable     -fPIC -O3 -std=c++17 -ffp-contract=off -fno-fast-math   -x c++-header Vbf16_context_lane_cluster16_rev8b_b_candidate__pch.h -o Vbf16_context_lane_cluster16_rev8b_b_candidate__pch.h.slow.gch
g++ -O3  -I.  -MMD -I/home/runner/work/hetero_cnn_llm_aha/hetero_cnn_llm_aha/work/pipeline_components/verilator-runtime/include -I/home/runner/work/hetero_cnn_llm_aha/hetero_cnn_llm_aha/work/pipeline_components/verilator-runtime/include/vltstd -DVM_COVERAGE=0 -DVM_SC=0 -DVM_TRACE=0 -DVM_TRACE_FST=0 -DVM_TRACE_VCD=0 -faligned-new -fcf-protection=none -Wno-bool-operation -Wno-overloaded-virtual -Wno-shadow -Wno-sign-compare -Wno-uninitialized -Wno-unused-but-set-parameter -Wno-unused-but-set-variable -Wno-unused-parameter -Wno-unused-variable     -fPIC -O3 -std=c++17 -ffp-contract=off -fno-fast-math   -c -o bf16_context_lane_cluster16_rev8b_b_candidate.o bf16_context_lane_cluster16_rev8b_b_candidate.cpp
echo "" > libbf16_context_lane_cluster16_rev8b_b_candidate.verilator_deplist.tmp
g++ -O3  -I.  -MMD -I/home/runner/work/hetero_cnn_llm_aha/hetero_cnn_llm_aha/work/pipeline_components/verilator-runtime/include -I/home/runner/work/hetero_cnn_llm_aha/hetero_cnn_llm_aha/work/pipeline_components/verilator-runtime/include/vltstd -DVM_COVERAGE=0 -DVM_SC=0 -DVM_TRACE=0 -DVM_TRACE_FST=0 -DVM_TRACE_VCD=0 -faligned-new -fcf-protection=none -Wno-bool-operation -Wno-overloaded-virtual -Wno-shadow -Wno-sign-compare -Wno-uninitialized -Wno-unused-but-set-parameter -Wno-unused-but-set-variable -Wno-unused-parameter -Wno-unused-variable     -fPIC -O3 -std=c++17 -ffp-contract=off -fno-fast-math    -c -o Vbf16_context_lane_cluster16_rev8b_b_candidate.o Vbf16_context_lane_cluster16_rev8b_b_candidate.cpp
g++ -O3  -I.  -MMD -I/home/runner/work/hetero_cnn_llm_aha/hetero_cnn_llm_aha/work/pipeline_components/verilator-runtime/include -I/home/runner/work/hetero_cnn_llm_aha/hetero_cnn_llm_aha/work/pipeline_components/verilator-runtime/include/vltstd -DVM_COVERAGE=0 -DVM_SC=0 -DVM_TRACE=0 -DVM_TRACE_FST=0 -DVM_TRACE_VCD=0 -faligned-new -fcf-protection=none -Wno-bool-operation -Wno-overloaded-virtual -Wno-shadow -Wno-sign-compare -Wno-uninitialized -Wno-unused-but-set-parameter -Wno-unused-but-set-variable -Wno-unused-parameter -Wno-unused-variable     -fPIC -O3 -std=c++17 -ffp-contract=off -fno-fast-math    -c -o Vbf16_context_lane_cluster16_rev8b_b_candidate___024root__DepSet_h6ee09ac0__0.o Vbf16_context_lane_cluster16_rev8b_b_candidate___024root__DepSet_h6ee09ac0__0.cpp
g++ -O3  -I.  -MMD -I/home/runner/work/hetero_cnn_llm_aha/hetero_cnn_llm_aha/work/pipeline_components/verilator-runtime/include -I/home/runner/work/hetero_cnn_llm_aha/hetero_cnn_llm_aha/work/pipeline_components/verilator-runtime/include/vltstd -DVM_COVERAGE=0 -DVM_SC=0 -DVM_TRACE=0 -DVM_TRACE_FST=0 -DVM_TRACE_VCD=0 -faligned-new -fcf-protection=none -Wno-bool-operation -Wno-overloaded-virtual -Wno-shadow -Wno-sign-compare -Wno-uninitialized -Wno-unused-but-set-parameter -Wno-unused-but-set-variable -Wno-unused-parameter -Wno-unused-variable     -fPIC -O3 -std=c++17 -ffp-contract=off -fno-fast-math    -c -o Vbf16_context_lane_cluster16_rev8b_b_candidate___024root__DepSet_h93b2fa63__0.o Vbf16_context_lane_cluster16_rev8b_b_candidate___024root__DepSet_h93b2fa63__0.cpp
g++ -O3  -I.  -MMD -I/home/runner/work/hetero_cnn_llm_aha/hetero_cnn_llm_aha/work/pipeline_components/verilator-runtime/include -I/home/runner/work/hetero_cnn_llm_aha/hetero_cnn_llm_aha/work/pipeline_components/verilator-runtime/include/vltstd -DVM_COVERAGE=0 -DVM_SC=0 -DVM_TRACE=0 -DVM_TRACE_FST=0 -DVM_TRACE_VCD=0 -faligned-new -fcf-protection=none -Wno-bool-operation -Wno-overloaded-virtual -Wno-shadow -Wno-sign-compare -Wno-uninitialized -Wno-unused-but-set-parameter -Wno-unused-but-set-variable -Wno-unused-parameter -Wno-unused-variable     -fPIC -O3 -std=c++17 -ffp-contract=off -fno-fast-math    -c -o Vbf16_context_lane_cluster16_rev8b_b_candidate_bf16_context_fma_pipeline_lane5_rev8b_b_candidate__DepSet_h83af4dd3__0.o Vbf16_context_lane_cluster16_rev8b_b_candidate_bf16_context_fma_pipeline_lane5_rev8b_b_candidate__DepSet_h83af4dd3__0.cpp
g++ -O3  -I.  -MMD -I/home/runner/work/hetero_cnn_llm_aha/hetero_cnn_llm_aha/work/pipeline_components/verilator-runtime/include -I/home/runner/work/hetero_cnn_llm_aha/hetero_cnn_llm_aha/work/pipeline_components/verilator-runtime/include/vltstd -DVM_COVERAGE=0 -DVM_SC=0 -DVM_TRACE=0 -DVM_TRACE_FST=0 -DVM_TRACE_VCD=0 -faligned-new -fcf-protection=none -Wno-bool-operation -Wno-overloaded-virtual -Wno-shadow -Wno-sign-compare -Wno-uninitialized -Wno-unused-but-set-parameter -Wno-unused-but-set-variable -Wno-unused-parameter -Wno-unused-variable     -fPIC -O3 -std=c++17 -ffp-contract=off -fno-fast-math    -c -o Vbf16_context_lane_cluster16_rev8b_b_candidate_bf16_context_fma_pipeline_lane5_rev8b_b_candidate__DepSet_h83af4dd3__1.o Vbf16_context_lane_cluster16_rev8b_b_candidate_bf16_context_fma_pipeline_lane5_rev8b_b_candidate__DepSet_h83af4dd3__1.cpp
g++ -O3  -I.  -MMD -I/home/runner/work/hetero_cnn_llm_aha/hetero_cnn_llm_aha/work/pipeline_components/verilator-runtime/include -I/home/runner/work/hetero_cnn_llm_aha/hetero_cnn_llm_aha/work/pipeline_components/verilator-runtime/include/vltstd -DVM_COVERAGE=0 -DVM_SC=0 -DVM_TRACE=0 -DVM_TRACE_FST=0 -DVM_TRACE_VCD=0 -faligned-new -fcf-protection=none -Wno-bool-operation -Wno-overloaded-virtual -Wno-shadow -Wno-sign-compare -Wno-uninitialized -Wno-unused-but-set-parameter -Wno-unused-but-set-variable -Wno-unused-parameter -Wno-unused-variable     -fPIC -O3 -std=c++17 -ffp-contract=off -fno-fast-math    -c -o Vbf16_context_lane_cluster16_rev8b_b_candidate_bf16_context_fma_pipeline_lane5_rev8b_b_candidate__DepSet_h83af4dd3__2.o Vbf16_context_lane_cluster16_rev8b_b_candidate_bf16_context_fma_pipeline_lane5_rev8b_b_candidate__DepSet_h83af4dd3__2.cpp
g++ -O3  -I.  -MMD -I/home/runner/work/hetero_cnn_llm_aha/hetero_cnn_llm_aha/work/pipeline_components/verilator-runtime/include -I/home/runner/work/hetero_cnn_llm_aha/hetero_cnn_llm_aha/work/pipeline_components/verilator-runtime/include/vltstd -DVM_COVERAGE=0 -DVM_SC=0 -DVM_TRACE=0 -DVM_TRACE_FST=0 -DVM_TRACE_VCD=0 -faligned-new -fcf-protection=none -Wno-bool-operation -Wno-overloaded-virtual -Wno-shadow -Wno-sign-compare -Wno-uninitialized -Wno-unused-but-set-parameter -Wno-unused-but-set-variable -Wno-unused-parameter -Wno-unused-variable     -fPIC -O3 -std=c++17 -ffp-contract=off -fno-fast-math    -c -o Vbf16_context_lane_cluster16_rev8b_b_candidate_bf16_context_fma_pipeline_lane5_rev8b_b_candidate__DepSet_h83af4dd3__3.o Vbf16_context_lane_cluster16_rev8b_b_candidate_bf16_context_fma_pipeline_lane5_rev8b_b_candidate__DepSet_h83af4dd3__3.cpp
g++ -O3  -I.  -MMD -I/home/runner/work/hetero_cnn_llm_aha/hetero_cnn_llm_aha/work/pipeline_components/verilator-runtime/include -I/home/runner/work/hetero_cnn_llm_aha/hetero_cnn_llm_aha/work/pipeline_components/verilator-runtime/include/vltstd -DVM_COVERAGE=0 -DVM_SC=0 -DVM_TRACE=0 -DVM_TRACE_FST=0 -DVM_TRACE_VCD=0 -faligned-new -fcf-protection=none -Wno-bool-operation -Wno-overloaded-virtual -Wno-shadow -Wno-sign-compare -Wno-uninitialized -Wno-unused-but-set-parameter -Wno-unused-but-set-variable -Wno-unused-parameter -Wno-unused-variable     -fPIC -O3 -std=c++17 -ffp-contract=off -fno-fast-math    -c -o Vbf16_context_lane_cluster16_rev8b_b_candidate_idma_reg32_3d_reg_pkg__DepSet_hfe9aa73d__0.o Vbf16_context_lane_cluster16_rev8b_b_candidate_idma_reg32_3d_reg_pkg__DepSet_hfe9aa73d__0.cpp
g++ -O3  -I.  -MMD -I/home/runner/work/hetero_cnn_llm_aha/hetero_cnn_llm_aha/work/pipeline_components/verilator-runtime/include -I/home/runner/work/hetero_cnn_llm_aha/hetero_cnn_llm_aha/work/pipeline_components/verilator-runtime/include/vltstd -DVM_COVERAGE=0 -DVM_SC=0 -DVM_TRACE=0 -DVM_TRACE_FST=0 -DVM_TRACE_VCD=0 -faligned-new -fcf-protection=none -Wno-bool-operation -Wno-overloaded-virtual -Wno-shadow -Wno-sign-compare -Wno-uninitialized -Wno-unused-but-set-parameter -Wno-unused-but-set-variable -Wno-unused-parameter -Wno-unused-variable     -fPIC -O3 -std=c++17 -ffp-contract=off -fno-fast-math    -c -o Vbf16_context_lane_cluster16_rev8b_b_candidate_idma_reg64_2d_reg_pkg__DepSet_h80448f65__0.o Vbf16_context_lane_cluster16_rev8b_b_candidate_idma_reg64_2d_reg_pkg__DepSet_h80448f65__0.cpp
g++ -O3  -I.  -MMD -I/home/runner/work/hetero_cnn_llm_aha/hetero_cnn_llm_aha/work/pipeline_components/verilator-runtime/include -I/home/runner/work/hetero_cnn_llm_aha/hetero_cnn_llm_aha/work/pipeline_components/verilator-runtime/include/vltstd -DVM_COVERAGE=0 -DVM_SC=0 -DVM_TRACE=0 -DVM_TRACE_FST=0 -DVM_TRACE_VCD=0 -faligned-new -fcf-protection=none -Wno-bool-operation -Wno-overloaded-virtual -Wno-shadow -Wno-sign-compare -Wno-uninitialized -Wno-unused-but-set-parameter -Wno-unused-but-set-variable -Wno-unused-parameter -Wno-unused-variable     -fPIC -O3 -std=c++17 -ffp-contract=off -fno-fast-math    -c -o Vbf16_context_lane_cluster16_rev8b_b_candidate_idma_reg64_1d_reg_pkg__DepSet_hf55d458a__0.o Vbf16_context_lane_cluster16_rev8b_b_candidate_idma_reg64_1d_reg_pkg__DepSet_hf55d458a__0.cpp
g++ -O3  -I.  -MMD -I/home/runner/work/hetero_cnn_llm_aha/hetero_cnn_llm_aha/work/pipeline_components/verilator-runtime/include -I/home/runner/work/hetero_cnn_llm_aha/hetero_cnn_llm_aha/work/pipeline_components/verilator-runtime/include/vltstd -DVM_COVERAGE=0 -DVM_SC=0 -DVM_TRACE=0 -DVM_TRACE_FST=0 -DVM_TRACE_VCD=0 -faligned-new -fcf-protection=none -Wno-bool-operation -Wno-overloaded-virtual -Wno-shadow -Wno-sign-compare -Wno-uninitialized -Wno-unused-but-set-parameter -Wno-unused-but-set-variable -Wno-unused-parameter -Wno-unused-variable     -fPIC -O3 -std=c++17 -ffp-contract=off -fno-fast-math    -c -o Vbf16_context_lane_cluster16_rev8b_b_candidate_idma_desc64_reg_pkg__DepSet_h86c206b3__0.o Vbf16_context_lane_cluster16_rev8b_b_candidate_idma_desc64_reg_pkg__DepSet_h86c206b3__0.cpp
g++   -I.  -MMD -I/home/runner/work/hetero_cnn_llm_aha/hetero_cnn_llm_aha/work/pipeline_components/verilator-runtime/include -I/home/runner/work/hetero_cnn_llm_aha/hetero_cnn_llm_aha/work/pipeline_components/verilator-runtime/include/vltstd -DVM_COVERAGE=0 -DVM_SC=0 -DVM_TRACE=0 -DVM_TRACE_FST=0 -DVM_TRACE_VCD=0 -faligned-new -fcf-protection=none -Wno-bool-operation -Wno-overloaded-virtual -Wno-shadow -Wno-sign-compare -Wno-uninitialized -Wno-unused-but-set-parameter -Wno-unused-but-set-variable -Wno-unused-parameter -Wno-unused-variable     -fPIC -O3 -std=c++17 -ffp-contract=off -fno-fast-math    -c -o Vbf16_context_lane_cluster16_rev8b_b_candidate___024root__Slow.o Vbf16_context_lane_cluster16_rev8b_b_candidate___024root__Slow.cpp
g++   -I.  -MMD -I/home/runner/work/hetero_cnn_llm_aha/hetero_cnn_llm_aha/work/pipeline_components/verilator-runtime/include -I/home/runner/work/hetero_cnn_llm_aha/hetero_cnn_llm_aha/work/pipeline_components/verilator-runtime/include/vltstd -DVM_COVERAGE=0 -DVM_SC=0 -DVM_TRACE=0 -DVM_TRACE_FST=0 -DVM_TRACE_VCD=0 -faligned-new -fcf-protection=none -Wno-bool-operation -Wno-overloaded-virtual -Wno-shadow -Wno-sign-compare -Wno-uninitialized -Wno-unused-but-set-parameter -Wno-unused-but-set-variable -Wno-unused-parameter -Wno-unused-variable     -fPIC -O3 -std=c++17 -ffp-contract=off -fno-fast-math    -c -o Vbf16_context_lane_cluster16_rev8b_b_candidate___024root__DepSet_h6ee09ac0__0__Slow.o Vbf16_context_lane_cluster16_rev8b_b_candidate___024root__DepSet_h6ee09ac0__0__Slow.cpp
g++   -I.  -MMD -I/home/runner/work/hetero_cnn_llm_aha/hetero_cnn_llm_aha/work/pipeline_components/verilator-runtime/include -I/home/runner/work/hetero_cnn_llm_aha/hetero_cnn_llm_aha/work/pipeline_components/verilator-runtime/include/vltstd -DVM_COVERAGE=0 -DVM_SC=0 -DVM_TRACE=0 -DVM_TRACE_FST=0 -DVM_TRACE_VCD=0 -faligned-new -fcf-protection=none -Wno-bool-operation -Wno-overloaded-virtual -Wno-shadow -Wno-sign-compare -Wno-uninitialized -Wno-unused-but-set-parameter -Wno-unused-but-set-variable -Wno-unused-parameter -Wno-unused-variable     -fPIC -O3 -std=c++17 -ffp-contract=off -fno-fast-math    -c -o Vbf16_context_lane_cluster16_rev8b_b_candidate___024root__DepSet_h93b2fa63__0__Slow.o Vbf16_context_lane_cluster16_rev8b_b_candidate___024root__DepSet_h93b2fa63__0__Slow.cpp
g++   -I.  -MMD -I/home/runner/work/hetero_cnn_llm_aha/hetero_cnn_llm_aha/work/pipeline_components/verilator-runtime/include -I/home/runner/work/hetero_cnn_llm_aha/hetero_cnn_llm_aha/work/pipeline_components/verilator-runtime/include/vltstd -DVM_COVERAGE=0 -DVM_SC=0 -DVM_TRACE=0 -DVM_TRACE_FST=0 -DVM_TRACE_VCD=0 -faligned-new -fcf-protection=none -Wno-bool-operation -Wno-overloaded-virtual -Wno-shadow -Wno-sign-compare -Wno-uninitialized -Wno-unused-but-set-parameter -Wno-unused-but-set-variable -Wno-unused-parameter -Wno-unused-variable     -fPIC -O3 -std=c++17 -ffp-contract=off -fno-fast-math    -c -o Vbf16_context_lane_cluster16_rev8b_b_candidate_bf16_context_fma_pipeline_lane5_rev8b_b_candidate__Slow.o Vbf16_context_lane_cluster16_rev8b_b_candidate_bf16_context_fma_pipeline_lane5_rev8b_b_candidate__Slow.cpp
g++   -I.  -MMD -I/home/runner/work/hetero_cnn_llm_aha/hetero_cnn_llm_aha/work/pipeline_components/verilator-runtime/include -I/home/runner/work/hetero_cnn_llm_aha/hetero_cnn_llm_aha/work/pipeline_components/verilator-runtime/include/vltstd -DVM_COVERAGE=0 -DVM_SC=0 -DVM_TRACE=0 -DVM_TRACE_FST=0 -DVM_TRACE_VCD=0 -faligned-new -fcf-protection=none -Wno-bool-operation -Wno-overloaded-virtual -Wno-shadow -Wno-sign-compare -Wno-uninitialized -Wno-unused-but-set-parameter -Wno-unused-but-set-variable -Wno-unused-parameter -Wno-unused-variable     -fPIC -O3 -std=c++17 -ffp-contract=off -fno-fast-math    -c -o Vbf16_context_lane_cluster16_rev8b_b_candidate_bf16_context_fma_pipeline_lane5_rev8b_b_candidate__DepSet_h80feab54__0__Slow.o Vbf16_context_lane_cluster16_rev8b_b_candidate_bf16_context_fma_pipeline_lane5_rev8b_b_candidate__DepSet_h80feab54__0__Slow.cpp
g++   -I.  -MMD -I/home/runner/work/hetero_cnn_llm_aha/hetero_cnn_llm_aha/work/pipeline_components/verilator-runtime/include -I/home/runner/work/hetero_cnn_llm_aha/hetero_cnn_llm_aha/work/pipeline_components/verilator-runtime/include/vltstd -DVM_COVERAGE=0 -DVM_SC=0 -DVM_TRACE=0 -DVM_TRACE_FST=0 -DVM_TRACE_VCD=0 -faligned-new -fcf-protection=none -Wno-bool-operation -Wno-overloaded-virtual -Wno-shadow -Wno-sign-compare -Wno-uninitialized -Wno-unused-but-set-parameter -Wno-unused-but-set-variable -Wno-unused-parameter -Wno-unused-variable     -fPIC -O3 -std=c++17 -ffp-contract=off -fno-fast-math    -c -o Vbf16_context_lane_cluster16_rev8b_b_candidate_idma_reg32_3d_reg_pkg__Slow.o Vbf16_context_lane_cluster16_rev8b_b_candidate_idma_reg32_3d_reg_pkg__Slow.cpp
g++   -I.  -MMD -I/home/runner/work/hetero_cnn_llm_aha/hetero_cnn_llm_aha/work/pipeline_components/verilator-runtime/include -I/home/runner/work/hetero_cnn_llm_aha/hetero_cnn_llm_aha/work/pipeline_components/verilator-runtime/include/vltstd -DVM_COVERAGE=0 -DVM_SC=0 -DVM_TRACE=0 -DVM_TRACE_FST=0 -DVM_TRACE_VCD=0 -faligned-new -fcf-protection=none -Wno-bool-operation -Wno-overloaded-virtual -Wno-shadow -Wno-sign-compare -Wno-uninitialized -Wno-unused-but-set-parameter -Wno-unused-but-set-variable -Wno-unused-parameter -Wno-unused-variable     -fPIC -O3 -std=c++17 -ffp-contract=off -fno-fast-math    -c -o Vbf16_context_lane_cluster16_rev8b_b_candidate_idma_reg32_3d_reg_pkg__DepSet_hfe9aa73d__0__Slow.o Vbf16_context_lane_cluster16_rev8b_b_candidate_idma_reg32_3d_reg_pkg__DepSet_hfe9aa73d__0__Slow.cpp
g++   -I.  -MMD -I/home/runner/work/hetero_cnn_llm_aha/hetero_cnn_llm_aha/work/pipeline_components/verilator-runtime/include -I/home/runner/work/hetero_cnn_llm_aha/hetero_cnn_llm_aha/work/pipeline_components/verilator-runtime/include/vltstd -DVM_COVERAGE=0 -DVM_SC=0 -DVM_TRACE=0 -DVM_TRACE_FST=0 -DVM_TRACE_VCD=0 -faligned-new -fcf-protection=none -Wno-bool-operation -Wno-overloaded-virtual -Wno-shadow -Wno-sign-compare -Wno-uninitialized -Wno-unused-but-set-parameter -Wno-unused-but-set-variable -Wno-unused-parameter -Wno-unused-variable     -fPIC -O3 -std=c++17 -ffp-contract=off -fno-fast-math    -c -o Vbf16_context_lane_cluster16_rev8b_b_candidate_idma_reg64_2d_reg_pkg__Slow.o Vbf16_context_lane_cluster16_rev8b_b_candidate_idma_reg64_2d_reg_pkg__Slow.cpp
g++   -I.  -MMD -I/home/runner/work/hetero_cnn_llm_aha/hetero_cnn_llm_aha/work/pipeline_components/verilator-runtime/include -I/home/runner/work/hetero_cnn_llm_aha/hetero_cnn_llm_aha/work/pipeline_components/verilator-runtime/include/vltstd -DVM_COVERAGE=0 -DVM_SC=0 -DVM_TRACE=0 -DVM_TRACE_FST=0 -DVM_TRACE_VCD=0 -faligned-new -fcf-protection=none -Wno-bool-operation -Wno-overloaded-virtual -Wno-shadow -Wno-sign-compare -Wno-uninitialized -Wno-unused-but-set-parameter -Wno-unused-but-set-variable -Wno-unused-parameter -Wno-unused-variable     -fPIC -O3 -std=c++17 -ffp-contract=off -fno-fast-math    -c -o Vbf16_context_lane_cluster16_rev8b_b_candidate_idma_reg64_2d_reg_pkg__DepSet_h80448f65__0__Slow.o Vbf16_context_lane_cluster16_rev8b_b_candidate_idma_reg64_2d_reg_pkg__DepSet_h80448f65__0__Slow.cpp
g++   -I.  -MMD -I/home/runner/work/hetero_cnn_llm_aha/hetero_cnn_llm_aha/work/pipeline_components/verilator-runtime/include -I/home/runner/work/hetero_cnn_llm_aha/hetero_cnn_llm_aha/work/pipeline_components/verilator-runtime/include/vltstd -DVM_COVERAGE=0 -DVM_SC=0 -DVM_TRACE=0 -DVM_TRACE_FST=0 -DVM_TRACE_VCD=0 -faligned-new -fcf-protection=none -Wno-bool-operation -Wno-overloaded-virtual -Wno-shadow -Wno-sign-compare -Wno-uninitialized -Wno-unused-but-set-parameter -Wno-unused-but-set-variable -Wno-unused-parameter -Wno-unused-variable     -fPIC -O3 -std=c++17 -ffp-contract=off -fno-fast-math    -c -o Vbf16_context_lane_cluster16_rev8b_b_candidate_idma_reg64_1d_reg_pkg__Slow.o Vbf16_context_lane_cluster16_rev8b_b_candidate_idma_reg64_1d_reg_pkg__Slow.cpp
g++   -I.  -MMD -I/home/runner/work/hetero_cnn_llm_aha/hetero_cnn_llm_aha/work/pipeline_components/verilator-runtime/include -I/home/runner/work/hetero_cnn_llm_aha/hetero_cnn_llm_aha/work/pipeline_components/verilator-runtime/include/vltstd -DVM_COVERAGE=0 -DVM_SC=0 -DVM_TRACE=0 -DVM_TRACE_FST=0 -DVM_TRACE_VCD=0 -faligned-new -fcf-protection=none -Wno-bool-operation -Wno-overloaded-virtual -Wno-shadow -Wno-sign-compare -Wno-uninitialized -Wno-unused-but-set-parameter -Wno-unused-but-set-variable -Wno-unused-parameter -Wno-unused-variable     -fPIC -O3 -std=c++17 -ffp-contract=off -fno-fast-math    -c -o Vbf16_context_lane_cluster16_rev8b_b_candidate_idma_reg64_1d_reg_pkg__DepSet_hf55d458a__0__Slow.o Vbf16_context_lane_cluster16_rev8b_b_candidate_idma_reg64_1d_reg_pkg__DepSet_hf55d458a__0__Slow.cpp
g++   -I.  -MMD -I/home/runner/work/hetero_cnn_llm_aha/hetero_cnn_llm_aha/work/pipeline_components/verilator-runtime/include -I/home/runner/work/hetero_cnn_llm_aha/hetero_cnn_llm_aha/work/pipeline_components/verilator-runtime/include/vltstd -DVM_COVERAGE=0 -DVM_SC=0 -DVM_TRACE=0 -DVM_TRACE_FST=0 -DVM_TRACE_VCD=0 -faligned-new -fcf-protection=none -Wno-bool-operation -Wno-overloaded-virtual -Wno-shadow -Wno-sign-compare -Wno-uninitialized -Wno-unused-but-set-parameter -Wno-unused-but-set-variable -Wno-unused-parameter -Wno-unused-variable     -fPIC -O3 -std=c++17 -ffp-contract=off -fno-fast-math    -c -o Vbf16_context_lane_cluster16_rev8b_b_candidate_idma_desc64_reg_pkg__Slow.o Vbf16_context_lane_cluster16_rev8b_b_candidate_idma_desc64_reg_pkg__Slow.cpp
g++   -I.  -MMD -I/home/runner/work/hetero_cnn_llm_aha/hetero_cnn_llm_aha/work/pipeline_components/verilator-runtime/include -I/home/runner/work/hetero_cnn_llm_aha/hetero_cnn_llm_aha/work/pipeline_components/verilator-runtime/include/vltstd -DVM_COVERAGE=0 -DVM_SC=0 -DVM_TRACE=0 -DVM_TRACE_FST=0 -DVM_TRACE_VCD=0 -faligned-new -fcf-protection=none -Wno-bool-operation -Wno-overloaded-virtual -Wno-shadow -Wno-sign-compare -Wno-uninitialized -Wno-unused-but-set-parameter -Wno-unused-but-set-variable -Wno-unused-parameter -Wno-unused-variable     -fPIC -O3 -std=c++17 -ffp-contract=off -fno-fast-math    -c -o Vbf16_context_lane_cluster16_rev8b_b_candidate_idma_desc64_reg_pkg__DepSet_h86c206b3__0__Slow.o Vbf16_context_lane_cluster16_rev8b_b_candidate_idma_desc64_reg_pkg__DepSet_h86c206b3__0__Slow.cpp
g++   -I.  -MMD -I/home/runner/work/hetero_cnn_llm_aha/hetero_cnn_llm_aha/work/pipeline_components/verilator-runtime/include -I/home/runner/work/hetero_cnn_llm_aha/hetero_cnn_llm_aha/work/pipeline_components/verilator-runtime/include/vltstd -DVM_COVERAGE=0 -DVM_SC=0 -DVM_TRACE=0 -DVM_TRACE_FST=0 -DVM_TRACE_VCD=0 -faligned-new -fcf-protection=none -Wno-bool-operation -Wno-overloaded-virtual -Wno-shadow -Wno-sign-compare -Wno-uninitialized -Wno-unused-but-set-parameter -Wno-unused-but-set-variable -Wno-unused-parameter -Wno-unused-variable     -fPIC -O3 -std=c++17 -ffp-contract=off -fno-fast-math    -c -o Vbf16_context_lane_cluster16_rev8b_b_candidate__Syms.o Vbf16_context_lane_cluster16_rev8b_b_candidate__Syms.cpp
Archive ar -rcs libbf16_context_lane_cluster16_rev8b_b_candidate.a Vbf16_context_lane_cluster16_rev8b_b_candidate.o Vbf16_context_lane_cluster16_rev8b_b_candidate___024root__DepSet_h6ee09ac0__0.o Vbf16_context_lane_cluster16_rev8b_b_candidate___024root__DepSet_h93b2fa63__0.o Vbf16_context_lane_cluster16_rev8b_b_candidate_bf16_context_fma_pipeline_lane5_rev8b_b_candidate__DepSet_h83af4dd3__0.o Vbf16_context_lane_cluster16_rev8b_b_candidate_bf16_context_fma_pipeline_lane5_rev8b_b_candidate__DepSet_h83af4dd3__1.o Vbf16_context_lane_cluster16_rev8b_b_candidate_bf16_context_fma_pipeline_lane5_rev8b_b_candidate__DepSet_h83af4dd3__2.o Vbf16_context_lane_cluster16_rev8b_b_candidate_bf16_context_fma_pipeline_lane5_rev8b_b_candidate__DepSet_h83af4dd3__3.o Vbf16_context_lane_cluster16_rev8b_b_candidate_idma_reg32_3d_reg_pkg__DepSet_hfe9aa73d__0.o Vbf16_context_lane_cluster16_rev8b_b_candidate_idma_reg64_2d_reg_pkg__DepSet_h80448f65__0.o Vbf16_context_lane_cluster16_rev8b_b_candidate_idma_reg64_1d_reg_pkg__DepSet_hf55d458a__0.o Vbf16_context_lane_cluster16_rev8b_b_candidate_idma_desc64_reg_pkg__DepSet_h86c206b3__0.o Vbf16_context_lane_cluster16_rev8b_b_candidate___024root__Slow.o Vbf16_context_lane_cluster16_rev8b_b_candidate___024root__DepSet_h6ee09ac0__0__Slow.o Vbf16_context_lane_cluster16_rev8b_b_candidate___024root__DepSet_h93b2fa63__0__Slow.o Vbf16_context_lane_cluster16_rev8b_b_candidate_bf16_context_fma_pipeline_lane5_rev8b_b_candidate__Slow.o Vbf16_context_lane_cluster16_rev8b_b_candidate_bf16_context_fma_pipeline_lane5_rev8b_b_candidate__DepSet_h80feab54__0__Slow.o Vbf16_context_lane_cluster16_rev8b_b_candidate_idma_reg32_3d_reg_pkg__Slow.o Vbf16_context_lane_cluster16_rev8b_b_candidate_idma_reg32_3d_reg_pkg__DepSet_hfe9aa73d__0__Slow.o Vbf16_context_lane_cluster16_rev8b_b_candidate_idma_reg64_2d_reg_pkg__Slow.o Vbf16_context_lane_cluster16_rev8b_b_candidate_idma_reg64_2d_reg_pkg__DepSet_h80448f65__0__Slow.o Vbf16_context_lane_cluster16_rev8b_b_candidate_idma_reg64_1d_reg_pkg__Slow.o Vbf16_context_lane_cluster16_rev8b_b_candidate_idma_reg64_1d_reg_pkg__DepSet_hf55d458a__0__Slow.o Vbf16_context_lane_cluster16_rev8b_b_candidate_idma_desc64_reg_pkg__Slow.o Vbf16_context_lane_cluster16_rev8b_b_candidate_idma_desc64_reg_pkg__DepSet_h86c206b3__0__Slow.o Vbf16_context_lane_cluster16_rev8b_b_candidate__Syms.o bf16_context_lane_cluster16_rev8b_b_candidate.o
rm libbf16_context_lane_cluster16_rev8b_b_candidate.verilator_deplist.tmp
make[1]: Leaving directory '/home/runner/work/hetero_cnn_llm_aha/hetero_cnn_llm_aha/work/pipeline_components/MatrixPipeline/obj/Vbf16_context_lane_cluster16_rev8b_b_candidate'
make -f Vqwen2_matrix_command_endpoint.mk -C Vqwen2_matrix_command_endpoint VM_PREFIX=Vqwen2_matrix_command_endpoint
make[1]: Entering directory '/home/runner/work/hetero_cnn_llm_aha/hetero_cnn_llm_aha/work/pipeline_components/MatrixPipeline/obj/Vqwen2_matrix_command_endpoint'
g++ -O3  -I.  -MMD -I/home/runner/work/hetero_cnn_llm_aha/hetero_cnn_llm_aha/work/pipeline_components/verilator-runtime/include -I/home/runner/work/hetero_cnn_llm_aha/hetero_cnn_llm_aha/work/pipeline_components/verilator-runtime/include/vltstd -DVM_COVERAGE=0 -DVM_SC=0 -DVM_TRACE=0 -DVM_TRACE_FST=0 -DVM_TRACE_VCD=0 -faligned-new -fcf-protection=none -Wno-bool-operation -Wno-overloaded-virtual -Wno-shadow -Wno-sign-compare -Wno-uninitialized -Wno-unused-but-set-parameter -Wno-unused-but-set-variable -Wno-unused-parameter -Wno-unused-variable     -fPIC -O3 -std=c++17 -ffp-contract=off -fno-fast-math   -x c++-header Vqwen2_matrix_command_endpoint__pch.h -o Vqwen2_matrix_command_endpoint__pch.h.fast.gch
g++   -I.  -MMD -I/home/runner/work/hetero_cnn_llm_aha/hetero_cnn_llm_aha/work/pipeline_components/verilator-runtime/include -I/home/runner/work/hetero_cnn_llm_aha/hetero_cnn_llm_aha/work/pipeline_components/verilator-runtime/include/vltstd -DVM_COVERAGE=0 -DVM_SC=0 -DVM_TRACE=0 -DVM_TRACE_FST=0 -DVM_TRACE_VCD=0 -faligned-new -fcf-protection=none -Wno-bool-operation -Wno-overloaded-virtual -Wno-shadow -Wno-sign-compare -Wno-uninitialized -Wno-unused-but-set-parameter -Wno-unused-but-set-variable -Wno-unused-parameter -Wno-unused-variable     -fPIC -O3 -std=c++17 -ffp-contract=off -fno-fast-math   -x c++-header Vqwen2_matrix_command_endpoint__pch.h -o Vqwen2_matrix_command_endpoint__pch.h.slow.gch
g++ -O3  -I.  -MMD -I/home/runner/work/hetero_cnn_llm_aha/hetero_cnn_llm_aha/work/pipeline_components/verilator-runtime/include -I/home/runner/work/hetero_cnn_llm_aha/hetero_cnn_llm_aha/work/pipeline_components/verilator-runtime/include/vltstd -DVM_COVERAGE=0 -DVM_SC=0 -DVM_TRACE=0 -DVM_TRACE_FST=0 -DVM_TRACE_VCD=0 -faligned-new -fcf-protection=none -Wno-bool-operation -Wno-overloaded-virtual -Wno-shadow -Wno-sign-compare -Wno-uninitialized -Wno-unused-but-set-parameter -Wno-unused-but-set-variable -Wno-unused-parameter -Wno-unused-variable     -fPIC -O3 -std=c++17 -ffp-contract=off -fno-fast-math   -c -o qwen2_matrix_command_endpoint.o qwen2_matrix_command_endpoint.cpp
echo "" > libqwen2_matrix_command_endpoint.verilator_deplist.tmp
g++ -O3  -I.  -MMD -I/home/runner/work/hetero_cnn_llm_aha/hetero_cnn_llm_aha/work/pipeline_components/verilator-runtime/include -I/home/runner/work/hetero_cnn_llm_aha/hetero_cnn_llm_aha/work/pipeline_components/verilator-runtime/include/vltstd -DVM_COVERAGE=0 -DVM_SC=0 -DVM_TRACE=0 -DVM_TRACE_FST=0 -DVM_TRACE_VCD=0 -faligned-new -fcf-protection=none -Wno-bool-operation -Wno-overloaded-virtual -Wno-shadow -Wno-sign-compare -Wno-uninitialized -Wno-unused-but-set-parameter -Wno-unused-but-set-variable -Wno-unused-parameter -Wno-unused-variable     -fPIC -O3 -std=c++17 -ffp-contract=off -fno-fast-math    -c -o Vqwen2_matrix_command_endpoint.o Vqwen2_matrix_command_endpoint.cpp
g++ -O3  -I.  -MMD -I/home/runner/work/hetero_cnn_llm_aha/hetero_cnn_llm_aha/work/pipeline_components/verilator-runtime/include -I/home/runner/work/hetero_cnn_llm_aha/hetero_cnn_llm_aha/work/pipeline_components/verilator-runtime/include/vltstd -DVM_COVERAGE=0 -DVM_SC=0 -DVM_TRACE=0 -DVM_TRACE_FST=0 -DVM_TRACE_VCD=0 -faligned-new -fcf-protection=none -Wno-bool-operation -Wno-overloaded-virtual -Wno-shadow -Wno-sign-compare -Wno-uninitialized -Wno-unused-but-set-parameter -Wno-unused-but-set-variable -Wno-unused-parameter -Wno-unused-variable     -fPIC -O3 -std=c++17 -ffp-contract=off -fno-fast-math    -c -o Vqwen2_matrix_command_endpoint___024root__DepSet_he959708b__0.o Vqwen2_matrix_command_endpoint___024root__DepSet_he959708b__0.cpp
g++ -O3  -I.  -MMD -I/home/runner/work/hetero_cnn_llm_aha/hetero_cnn_llm_aha/work/pipeline_components/verilator-runtime/include -I/home/runner/work/hetero_cnn_llm_aha/hetero_cnn_llm_aha/work/pipeline_components/verilator-runtime/include/vltstd -DVM_COVERAGE=0 -DVM_SC=0 -DVM_TRACE=0 -DVM_TRACE_FST=0 -DVM_TRACE_VCD=0 -faligned-new -fcf-protection=none -Wno-bool-operation -Wno-overloaded-virtual -Wno-shadow -Wno-sign-compare -Wno-uninitialized -Wno-unused-but-set-parameter -Wno-unused-but-set-variable -Wno-unused-parameter -Wno-unused-variable     -fPIC -O3 -std=c++17 -ffp-contract=off -fno-fast-math    -c -o Vqwen2_matrix_command_endpoint___024root__DepSet_he63927f2__0.o Vqwen2_matrix_command_endpoint___024root__DepSet_he63927f2__0.cpp
g++ -O3  -I.  -MMD -I/home/runner/work/hetero_cnn_llm_aha/hetero_cnn_llm_aha/work/pipeline_components/verilator-runtime/include -I/home/runner/work/hetero_cnn_llm_aha/hetero_cnn_llm_aha/work/pipeline_components/verilator-runtime/include/vltstd -DVM_COVERAGE=0 -DVM_SC=0 -DVM_TRACE=0 -DVM_TRACE_FST=0 -DVM_TRACE_VCD=0 -faligned-new -fcf-protection=none -Wno-bool-operation -Wno-overloaded-virtual -Wno-shadow -Wno-sign-compare -Wno-uninitialized -Wno-unused-but-set-parameter -Wno-unused-but-set-variable -Wno-unused-parameter -Wno-unused-variable     -fPIC -O3 -std=c++17 -ffp-contract=off -fno-fast-math    -c -o Vqwen2_matrix_command_endpoint_idma_reg32_3d_reg_pkg__DepSet_h3d37fb8d__0.o Vqwen2_matrix_command_endpoint_idma_reg32_3d_reg_pkg__DepSet_h3d37fb8d__0.cpp
g++ -O3  -I.  -MMD -I/home/runner/work/hetero_cnn_llm_aha/hetero_cnn_llm_aha/work/pipeline_components/verilator-runtime/include -I/home/runner/work/hetero_cnn_llm_aha/hetero_cnn_llm_aha/work/pipeline_components/verilator-runtime/include/vltstd -DVM_COVERAGE=0 -DVM_SC=0 -DVM_TRACE=0 -DVM_TRACE_FST=0 -DVM_TRACE_VCD=0 -faligned-new -fcf-protection=none -Wno-bool-operation -Wno-overloaded-virtual -Wno-shadow -Wno-sign-compare -Wno-uninitialized -Wno-unused-but-set-parameter -Wno-unused-but-set-variable -Wno-unused-parameter -Wno-unused-variable     -fPIC -O3 -std=c++17 -ffp-contract=off -fno-fast-math    -c -o Vqwen2_matrix_command_endpoint_idma_reg64_2d_reg_pkg__DepSet_h41c99f3d__0.o Vqwen2_matrix_command_endpoint_idma_reg64_2d_reg_pkg__DepSet_h41c99f3d__0.cpp
g++ -O3  -I.  -MMD -I/home/runner/work/hetero_cnn_llm_aha/hetero_cnn_llm_aha/work/pipeline_components/verilator-runtime/include -I/home/runner/work/hetero_cnn_llm_aha/hetero_cnn_llm_aha/work/pipeline_components/verilator-runtime/include/vltstd -DVM_COVERAGE=0 -DVM_SC=0 -DVM_TRACE=0 -DVM_TRACE_FST=0 -DVM_TRACE_VCD=0 -faligned-new -fcf-protection=none -Wno-bool-operation -Wno-overloaded-virtual -Wno-shadow -Wno-sign-compare -Wno-uninitialized -Wno-unused-but-set-parameter -Wno-unused-but-set-variable -Wno-unused-parameter -Wno-unused-variable     -fPIC -O3 -std=c++17 -ffp-contract=off -fno-fast-math    -c -o Vqwen2_matrix_command_endpoint_idma_reg64_1d_reg_pkg__DepSet_hd9e235ce__0.o Vqwen2_matrix_command_endpoint_idma_reg64_1d_reg_pkg__DepSet_hd9e235ce__0.cpp
g++ -O3  -I.  -MMD -I/home/runner/work/hetero_cnn_llm_aha/hetero_cnn_llm_aha/work/pipeline_components/verilator-runtime/include -I/home/runner/work/hetero_cnn_llm_aha/hetero_cnn_llm_aha/work/pipeline_components/verilator-runtime/include/vltstd -DVM_COVERAGE=0 -DVM_SC=0 -DVM_TRACE=0 -DVM_TRACE_FST=0 -DVM_TRACE_VCD=0 -faligned-new -fcf-protection=none -Wno-bool-operation -Wno-overloaded-virtual -Wno-shadow -Wno-sign-compare -Wno-uninitialized -Wno-unused-but-set-parameter -Wno-unused-but-set-variable -Wno-unused-parameter -Wno-unused-variable     -fPIC -O3 -std=c++17 -ffp-contract=off -fno-fast-math    -c -o Vqwen2_matrix_command_endpoint_bf16_context_lane_cluster16_rev8b_b_candidate__DepSet_hc67d292d__0.o Vqwen2_matrix_command_endpoint_bf16_context_lane_cluster16_rev8b_b_candidate__DepSet_hc67d292d__0.cpp
g++ -O3  -I.  -MMD -I/home/runner/work/hetero_cnn_llm_aha/hetero_cnn_llm_aha/work/pipeline_components/verilator-runtime/include -I/home/runner/work/hetero_cnn_llm_aha/hetero_cnn_llm_aha/work/pipeline_components/verilator-runtime/include/vltstd -DVM_COVERAGE=0 -DVM_SC=0 -DVM_TRACE=0 -DVM_TRACE_FST=0 -DVM_TRACE_VCD=0 -faligned-new -fcf-protection=none -Wno-bool-operation -Wno-overloaded-virtual -Wno-shadow -Wno-sign-compare -Wno-uninitialized -Wno-unused-but-set-parameter -Wno-unused-but-set-variable -Wno-unused-parameter -Wno-unused-variable     -fPIC -O3 -std=c++17 -ffp-contract=off -fno-fast-math    -c -o Vqwen2_matrix_command_endpoint_bf16_context_lane_cluster16_rev8b_b_candidate__DepSet_hc67d292d__1.o Vqwen2_matrix_command_endpoint_bf16_context_lane_cluster16_rev8b_b_candidate__DepSet_hc67d292d__1.cpp
g++ -O3  -I.  -MMD -I/home/runner/work/hetero_cnn_llm_aha/hetero_cnn_llm_aha/work/pipeline_components/verilator-runtime/include -I/home/runner/work/hetero_cnn_llm_aha/hetero_cnn_llm_aha/work/pipeline_components/verilator-runtime/include/vltstd -DVM_COVERAGE=0 -DVM_SC=0 -DVM_TRACE=0 -DVM_TRACE_FST=0 -DVM_TRACE_VCD=0 -faligned-new -fcf-protection=none -Wno-bool-operation -Wno-overloaded-virtual -Wno-shadow -Wno-sign-compare -Wno-uninitialized -Wno-unused-but-set-parameter -Wno-unused-but-set-variable -Wno-unused-parameter -Wno-unused-variable     -fPIC -O3 -std=c++17 -ffp-contract=off -fno-fast-math    -c -o Vqwen2_matrix_command_endpoint_bf16_context_lane_cluster16_rev8b_b_candidate__DepSet_hc67d292d__2.o Vqwen2_matrix_command_endpoint_bf16_context_lane_cluster16_rev8b_b_candidate__DepSet_hc67d292d__2.cpp
g++ -O3  -I.  -MMD -I/home/runner/work/hetero_cnn_llm_aha/hetero_cnn_llm_aha/work/pipeline_components/verilator-runtime/include -I/home/runner/work/hetero_cnn_llm_aha/hetero_cnn_llm_aha/work/pipeline_components/verilator-runtime/include/vltstd -DVM_COVERAGE=0 -DVM_SC=0 -DVM_TRACE=0 -DVM_TRACE_FST=0 -DVM_TRACE_VCD=0 -faligned-new -fcf-protection=none -Wno-bool-operation -Wno-overloaded-virtual -Wno-shadow -Wno-sign-compare -Wno-uninitialized -Wno-unused-but-set-parameter -Wno-unused-but-set-variable -Wno-unused-parameter -Wno-unused-variable     -fPIC -O3 -std=c++17 -ffp-contract=off -fno-fast-math    -c -o Vqwen2_matrix_command_endpoint_bf16_context_lane_cluster16_rev8b_b_candidate__DepSet_hf91cee90__0.o Vqwen2_matrix_command_endpoint_bf16_context_lane_cluster16_rev8b_b_candidate__DepSet_hf91cee90__0.cpp
g++ -O3  -I.  -MMD -I/home/runner/work/hetero_cnn_llm_aha/hetero_cnn_llm_aha/work/pipeline_components/verilator-runtime/include -I/home/runner/work/hetero_cnn_llm_aha/hetero_cnn_llm_aha/work/pipeline_components/verilator-runtime/include/vltstd -DVM_COVERAGE=0 -DVM_SC=0 -DVM_TRACE=0 -DVM_TRACE_FST=0 -DVM_TRACE_VCD=0 -faligned-new -fcf-protection=none -Wno-bool-operation -Wno-overloaded-virtual -Wno-shadow -Wno-sign-compare -Wno-uninitialized -Wno-unused-but-set-parameter -Wno-unused-but-set-variable -Wno-unused-parameter -Wno-unused-variable     -fPIC -O3 -std=c++17 -ffp-contract=off -fno-fast-math    -c -o Vqwen2_matrix_command_endpoint_idma_desc64_reg_pkg__DepSet_h5a9280c5__0.o Vqwen2_matrix_command_endpoint_idma_desc64_reg_pkg__DepSet_h5a9280c5__0.cpp
g++ -O3  -I.  -MMD -I/home/runner/work/hetero_cnn_llm_aha/hetero_cnn_llm_aha/work/pipeline_components/verilator-runtime/include -I/home/runner/work/hetero_cnn_llm_aha/hetero_cnn_llm_aha/work/pipeline_components/verilator-runtime/include/vltstd -DVM_COVERAGE=0 -DVM_SC=0 -DVM_TRACE=0 -DVM_TRACE_FST=0 -DVM_TRACE_VCD=0 -faligned-new -fcf-protection=none -Wno-bool-operation -Wno-overloaded-virtual -Wno-shadow -Wno-sign-compare -Wno-uninitialized -Wno-unused-but-set-parameter -Wno-unused-but-set-variable -Wno-unused-parameter -Wno-unused-variable     -fPIC -O3 -std=c++17 -ffp-contract=off -fno-fast-math    -c -o Vqwen2_matrix_command_endpoint__Dpi.o Vqwen2_matrix_command_endpoint__Dpi.cpp
g++   -I.  -MMD -I/home/runner/work/hetero_cnn_llm_aha/hetero_cnn_llm_aha/work/pipeline_components/verilator-runtime/include -I/home/runner/work/hetero_cnn_llm_aha/hetero_cnn_llm_aha/work/pipeline_components/verilator-runtime/include/vltstd -DVM_COVERAGE=0 -DVM_SC=0 -DVM_TRACE=0 -DVM_TRACE_FST=0 -DVM_TRACE_VCD=0 -faligned-new -fcf-protection=none -Wno-bool-operation -Wno-overloaded-virtual -Wno-shadow -Wno-sign-compare -Wno-uninitialized -Wno-unused-but-set-parameter -Wno-unused-but-set-variable -Wno-unused-parameter -Wno-unused-variable     -fPIC -O3 -std=c++17 -ffp-contract=off -fno-fast-math    -c -o Vqwen2_matrix_command_endpoint___024root__Slow.o Vqwen2_matrix_command_endpoint___024root__Slow.cpp
g++   -I.  -MMD -I/home/runner/work/hetero_cnn_llm_aha/hetero_cnn_llm_aha/work/pipeline_components/verilator-runtime/include -I/home/runner/work/hetero_cnn_llm_aha/hetero_cnn_llm_aha/work/pipeline_components/verilator-runtime/include/vltstd -DVM_COVERAGE=0 -DVM_SC=0 -DVM_TRACE=0 -DVM_TRACE_FST=0 -DVM_TRACE_VCD=0 -faligned-new -fcf-protection=none -Wno-bool-operation -Wno-overloaded-virtual -Wno-shadow -Wno-sign-compare -Wno-uninitialized -Wno-unused-but-set-parameter -Wno-unused-but-set-variable -Wno-unused-parameter -Wno-unused-variable     -fPIC -O3 -std=c++17 -ffp-contract=off -fno-fast-math    -c -o Vqwen2_matrix_command_endpoint___024root__DepSet_he959708b__0__Slow.o Vqwen2_matrix_command_endpoint___024root__DepSet_he959708b__0__Slow.cpp
g++   -I.  -MMD -I/home/runner/work/hetero_cnn_llm_aha/hetero_cnn_llm_aha/work/pipeline_components/verilator-runtime/include -I/home/runner/work/hetero_cnn_llm_aha/hetero_cnn_llm_aha/work/pipeline_components/verilator-runtime/include/vltstd -DVM_COVERAGE=0 -DVM_SC=0 -DVM_TRACE=0 -DVM_TRACE_FST=0 -DVM_TRACE_VCD=0 -faligned-new -fcf-protection=none -Wno-bool-operation -Wno-overloaded-virtual -Wno-shadow -Wno-sign-compare -Wno-uninitialized -Wno-unused-but-set-parameter -Wno-unused-but-set-variable -Wno-unused-parameter -Wno-unused-variable     -fPIC -O3 -std=c++17 -ffp-contract=off -fno-fast-math    -c -o Vqwen2_matrix_command_endpoint___024root__DepSet_he63927f2__0__Slow.o Vqwen2_matrix_command_endpoint___024root__DepSet_he63927f2__0__Slow.cpp
g++   -I.  -MMD -I/home/runner/work/hetero_cnn_llm_aha/hetero_cnn_llm_aha/work/pipeline_components/verilator-runtime/include -I/home/runner/work/hetero_cnn_llm_aha/hetero_cnn_llm_aha/work/pipeline_components/verilator-runtime/include/vltstd -DVM_COVERAGE=0 -DVM_SC=0 -DVM_TRACE=0 -DVM_TRACE_FST=0 -DVM_TRACE_VCD=0 -faligned-new -fcf-protection=none -Wno-bool-operation -Wno-overloaded-virtual -Wno-shadow -Wno-sign-compare -Wno-uninitialized -Wno-unused-but-set-parameter -Wno-unused-but-set-variable -Wno-unused-parameter -Wno-unused-variable     -fPIC -O3 -std=c++17 -ffp-contract=off -fno-fast-math    -c -o Vqwen2_matrix_command_endpoint_idma_reg32_3d_reg_pkg__Slow.o Vqwen2_matrix_command_endpoint_idma_reg32_3d_reg_pkg__Slow.cpp
g++   -I.  -MMD -I/home/runner/work/hetero_cnn_llm_aha/hetero_cnn_llm_aha/work/pipeline_components/verilator-runtime/include -I/home/runner/work/hetero_cnn_llm_aha/hetero_cnn_llm_aha/work/pipeline_components/verilator-runtime/include/vltstd -DVM_COVERAGE=0 -DVM_SC=0 -DVM_TRACE=0 -DVM_TRACE_FST=0 -DVM_TRACE_VCD=0 -faligned-new -fcf-protection=none -Wno-bool-operation -Wno-overloaded-virtual -Wno-shadow -Wno-sign-compare -Wno-uninitialized -Wno-unused-but-set-parameter -Wno-unused-but-set-variable -Wno-unused-parameter -Wno-unused-variable     -fPIC -O3 -std=c++17 -ffp-contract=off -fno-fast-math    -c -o Vqwen2_matrix_command_endpoint_idma_reg32_3d_reg_pkg__DepSet_h3d37fb8d__0__Slow.o Vqwen2_matrix_command_endpoint_idma_reg32_3d_reg_pkg__DepSet_h3d37fb8d__0__Slow.cpp
g++   -I.  -MMD -I/home/runner/work/hetero_cnn_llm_aha/hetero_cnn_llm_aha/work/pipeline_components/verilator-runtime/include -I/home/runner/work/hetero_cnn_llm_aha/hetero_cnn_llm_aha/work/pipeline_components/verilator-runtime/include/vltstd -DVM_COVERAGE=0 -DVM_SC=0 -DVM_TRACE=0 -DVM_TRACE_FST=0 -DVM_TRACE_VCD=0 -faligned-new -fcf-protection=none -Wno-bool-operation -Wno-overloaded-virtual -Wno-shadow -Wno-sign-compare -Wno-uninitialized -Wno-unused-but-set-parameter -Wno-unused-but-set-variable -Wno-unused-parameter -Wno-unused-variable     -fPIC -O3 -std=c++17 -ffp-contract=off -fno-fast-math    -c -o Vqwen2_matrix_command_endpoint_idma_reg64_2d_reg_pkg__Slow.o Vqwen2_matrix_command_endpoint_idma_reg64_2d_reg_pkg__Slow.cpp
g++   -I.  -MMD -I/home/runner/work/hetero_cnn_llm_aha/hetero_cnn_llm_aha/work/pipeline_components/verilator-runtime/include -I/home/runner/work/hetero_cnn_llm_aha/hetero_cnn_llm_aha/work/pipeline_components/verilator-runtime/include/vltstd -DVM_COVERAGE=0 -DVM_SC=0 -DVM_TRACE=0 -DVM_TRACE_FST=0 -DVM_TRACE_VCD=0 -faligned-new -fcf-protection=none -Wno-bool-operation -Wno-overloaded-virtual -Wno-shadow -Wno-sign-compare -Wno-uninitialized -Wno-unused-but-set-parameter -Wno-unused-but-set-variable -Wno-unused-parameter -Wno-unused-variable     -fPIC -O3 -std=c++17 -ffp-contract=off -fno-fast-math    -c -o Vqwen2_matrix_command_endpoint_idma_reg64_2d_reg_pkg__DepSet_h41c99f3d__0__Slow.o Vqwen2_matrix_command_endpoint_idma_reg64_2d_reg_pkg__DepSet_h41c99f3d__0__Slow.cpp
g++   -I.  -MMD -I/home/runner/work/hetero_cnn_llm_aha/hetero_cnn_llm_aha/work/pipeline_components/verilator-runtime/include -I/home/runner/work/hetero_cnn_llm_aha/hetero_cnn_llm_aha/work/pipeline_components/verilator-runtime/include/vltstd -DVM_COVERAGE=0 -DVM_SC=0 -DVM_TRACE=0 -DVM_TRACE_FST=0 -DVM_TRACE_VCD=0 -faligned-new -fcf-protection=none -Wno-bool-operation -Wno-overloaded-virtual -Wno-shadow -Wno-sign-compare -Wno-uninitialized -Wno-unused-but-set-parameter -Wno-unused-but-set-variable -Wno-unused-parameter -Wno-unused-variable     -fPIC -O3 -std=c++17 -ffp-contract=off -fno-fast-math    -c -o Vqwen2_matrix_command_endpoint_idma_reg64_1d_reg_pkg__Slow.o Vqwen2_matrix_command_endpoint_idma_reg64_1d_reg_pkg__Slow.cpp
g++   -I.  -MMD -I/home/runner/work/hetero_cnn_llm_aha/hetero_cnn_llm_aha/work/pipeline_components/verilator-runtime/include -I/home/runner/work/hetero_cnn_llm_aha/hetero_cnn_llm_aha/work/pipeline_components/verilator-runtime/include/vltstd -DVM_COVERAGE=0 -DVM_SC=0 -DVM_TRACE=0 -DVM_TRACE_FST=0 -DVM_TRACE_VCD=0 -faligned-new -fcf-protection=none -Wno-bool-operation -Wno-overloaded-virtual -Wno-shadow -Wno-sign-compare -Wno-uninitialized -Wno-unused-but-set-parameter -Wno-unused-but-set-variable -Wno-unused-parameter -Wno-unused-variable     -fPIC -O3 -std=c++17 -ffp-contract=off -fno-fast-math    -c -o Vqwen2_matrix_command_endpoint_idma_reg64_1d_reg_pkg__DepSet_hd9e235ce__0__Slow.o Vqwen2_matrix_command_endpoint_idma_reg64_1d_reg_pkg__DepSet_hd9e235ce__0__Slow.cpp
g++   -I.  -MMD -I/home/runner/work/hetero_cnn_llm_aha/hetero_cnn_llm_aha/work/pipeline_components/verilator-runtime/include -I/home/runner/work/hetero_cnn_llm_aha/hetero_cnn_llm_aha/work/pipeline_components/verilator-runtime/include/vltstd -DVM_COVERAGE=0 -DVM_SC=0 -DVM_TRACE=0 -DVM_TRACE_FST=0 -DVM_TRACE_VCD=0 -faligned-new -fcf-protection=none -Wno-bool-operation -Wno-overloaded-virtual -Wno-shadow -Wno-sign-compare -Wno-uninitialized -Wno-unused-but-set-parameter -Wno-unused-but-set-variable -Wno-unused-parameter -Wno-unused-variable     -fPIC -O3 -std=c++17 -ffp-contract=off -fno-fast-math    -c -o Vqwen2_matrix_command_endpoint_bf16_context_lane_cluster16_rev8b_b_candidate__Slow.o Vqwen2_matrix_command_endpoint_bf16_context_lane_cluster16_rev8b_b_candidate__Slow.cpp
g++   -I.  -MMD -I/home/runner/work/hetero_cnn_llm_aha/hetero_cnn_llm_aha/work/pipeline_components/verilator-runtime/include -I/home/runner/work/hetero_cnn_llm_aha/hetero_cnn_llm_aha/work/pipeline_components/verilator-runtime/include/vltstd -DVM_COVERAGE=0 -DVM_SC=0 -DVM_TRACE=0 -DVM_TRACE_FST=0 -DVM_TRACE_VCD=0 -faligned-new -fcf-protection=none -Wno-bool-operation -Wno-overloaded-virtual -Wno-shadow -Wno-sign-compare -Wno-uninitialized -Wno-unused-but-set-parameter -Wno-unused-but-set-variable -Wno-unused-parameter -Wno-unused-variable     -fPIC -O3 -std=c++17 -ffp-contract=off -fno-fast-math    -c -o Vqwen2_matrix_command_endpoint_bf16_context_lane_cluster16_rev8b_b_candidate__DepSet_hc67d292d__0__Slow.o Vqwen2_matrix_command_endpoint_bf16_context_lane_cluster16_rev8b_b_candidate__DepSet_hc67d292d__0__Slow.cpp
g++   -I.  -MMD -I/home/runner/work/hetero_cnn_llm_aha/hetero_cnn_llm_aha/work/pipeline_components/verilator-runtime/include -I/home/runner/work/hetero_cnn_llm_aha/hetero_cnn_llm_aha/work/pipeline_components/verilator-runtime/include/vltstd -DVM_COVERAGE=0 -DVM_SC=0 -DVM_TRACE=0 -DVM_TRACE_FST=0 -DVM_TRACE_VCD=0 -faligned-new -fcf-protection=none -Wno-bool-operation -Wno-overloaded-virtual -Wno-shadow -Wno-sign-compare -Wno-uninitialized -Wno-unused-but-set-parameter -Wno-unused-but-set-variable -Wno-unused-parameter -Wno-unused-variable     -fPIC -O3 -std=c++17 -ffp-contract=off -fno-fast-math    -c -o Vqwen2_matrix_command_endpoint_bf16_context_lane_cluster16_rev8b_b_candidate__DepSet_hf91cee90__0__Slow.o Vqwen2_matrix_command_endpoint_bf16_context_lane_cluster16_rev8b_b_candidate__DepSet_hf91cee90__0__Slow.cpp
g++   -I.  -MMD -I/home/runner/work/hetero_cnn_llm_aha/hetero_cnn_llm_aha/work/pipeline_components/verilator-runtime/include -I/home/runner/work/hetero_cnn_llm_aha/hetero_cnn_llm_aha/work/pipeline_components/verilator-runtime/include/vltstd -DVM_COVERAGE=0 -DVM_SC=0 -DVM_TRACE=0 -DVM_TRACE_FST=0 -DVM_TRACE_VCD=0 -faligned-new -fcf-protection=none -Wno-bool-operation -Wno-overloaded-virtual -Wno-shadow -Wno-sign-compare -Wno-uninitialized -Wno-unused-but-set-parameter -Wno-unused-but-set-variable -Wno-unused-parameter -Wno-unused-variable     -fPIC -O3 -std=c++17 -ffp-contract=off -fno-fast-math    -c -o Vqwen2_matrix_command_endpoint_idma_desc64_reg_pkg__Slow.o Vqwen2_matrix_command_endpoint_idma_desc64_reg_pkg__Slow.cpp
g++   -I.  -MMD -I/home/runner/work/hetero_cnn_llm_aha/hetero_cnn_llm_aha/work/pipeline_components/verilator-runtime/include -I/home/runner/work/hetero_cnn_llm_aha/hetero_cnn_llm_aha/work/pipeline_components/verilator-runtime/include/vltstd -DVM_COVERAGE=0 -DVM_SC=0 -DVM_TRACE=0 -DVM_TRACE_FST=0 -DVM_TRACE_VCD=0 -faligned-new -fcf-protection=none -Wno-bool-operation -Wno-overloaded-virtual -Wno-shadow -Wno-sign-compare -Wno-uninitialized -Wno-unused-but-set-parameter -Wno-unused-but-set-variable -Wno-unused-parameter -Wno-unused-variable     -fPIC -O3 -std=c++17 -ffp-contract=off -fno-fast-math    -c -o Vqwen2_matrix_command_endpoint_idma_desc64_reg_pkg__DepSet_h5a9280c5__0__Slow.o Vqwen2_matrix_command_endpoint_idma_desc64_reg_pkg__DepSet_h5a9280c5__0__Slow.cpp
g++   -I.  -MMD -I/home/runner/work/hetero_cnn_llm_aha/hetero_cnn_llm_aha/work/pipeline_components/verilator-runtime/include -I/home/runner/work/hetero_cnn_llm_aha/hetero_cnn_llm_aha/work/pipeline_components/verilator-runtime/include/vltstd -DVM_COVERAGE=0 -DVM_SC=0 -DVM_TRACE=0 -DVM_TRACE_FST=0 -DVM_TRACE_VCD=0 -faligned-new -fcf-protection=none -Wno-bool-operation -Wno-overloaded-virtual -Wno-shadow -Wno-sign-compare -Wno-uninitialized -Wno-unused-but-set-parameter -Wno-unused-but-set-variable -Wno-unused-parameter -Wno-unused-variable     -fPIC -O3 -std=c++17 -ffp-contract=off -fno-fast-math    -c -o Vqwen2_matrix_command_endpoint__Syms.o Vqwen2_matrix_command_endpoint__Syms.cpp
Archive ar -rcs libqwen2_matrix_command_endpoint.a Vqwen2_matrix_command_endpoint.o Vqwen2_matrix_command_endpoint___024root__DepSet_he959708b__0.o Vqwen2_matrix_command_endpoint___024root__DepSet_he63927f2__0.o Vqwen2_matrix_command_endpoint_idma_reg32_3d_reg_pkg__DepSet_h3d37fb8d__0.o Vqwen2_matrix_command_endpoint_idma_reg64_2d_reg_pkg__DepSet_h41c99f3d__0.o Vqwen2_matrix_command_endpoint_idma_reg64_1d_reg_pkg__DepSet_hd9e235ce__0.o Vqwen2_matrix_command_endpoint_bf16_context_lane_cluster16_rev8b_b_candidate__DepSet_hc67d292d__0.o Vqwen2_matrix_command_endpoint_bf16_context_lane_cluster16_rev8b_b_candidate__DepSet_hc67d292d__1.o Vqwen2_matrix_command_endpoint_bf16_context_lane_cluster16_rev8b_b_candidate__DepSet_hc67d292d__2.o Vqwen2_matrix_command_endpoint_bf16_context_lane_cluster16_rev8b_b_candidate__DepSet_hf91cee90__0.o Vqwen2_matrix_command_endpoint_idma_desc64_reg_pkg__DepSet_h5a9280c5__0.o Vqwen2_matrix_command_endpoint__Dpi.o Vqwen2_matrix_command_endpoint___024root__Slow.o Vqwen2_matrix_command_endpoint___024root__DepSet_he959708b__0__Slow.o Vqwen2_matrix_command_endpoint___024root__DepSet_he63927f2__0__Slow.o Vqwen2_matrix_command_endpoint_idma_reg32_3d_reg_pkg__Slow.o Vqwen2_matrix_command_endpoint_idma_reg32_3d_reg_pkg__DepSet_h3d37fb8d__0__Slow.o Vqwen2_matrix_command_endpoint_idma_reg64_2d_reg_pkg__Slow.o Vqwen2_matrix_command_endpoint_idma_reg64_2d_reg_pkg__DepSet_h41c99f3d__0__Slow.o Vqwen2_matrix_command_endpoint_idma_reg64_1d_reg_pkg__Slow.o Vqwen2_matrix_command_endpoint_idma_reg64_1d_reg_pkg__DepSet_hd9e235ce__0__Slow.o Vqwen2_matrix_command_endpoint_bf16_context_lane_cluster16_rev8b_b_candidate__Slow.o Vqwen2_matrix_command_endpoint_bf16_context_lane_cluster16_rev8b_b_candidate__DepSet_hc67d292d__0__Slow.o Vqwen2_matrix_command_endpoint_bf16_context_lane_cluster16_rev8b_b_candidate__DepSet_hf91cee90__0__Slow.o Vqwen2_matrix_command_endpoint_idma_desc64_reg_pkg__Slow.o Vqwen2_matrix_command_endpoint_idma_desc64_reg_pkg__DepSet_h5a9280c5__0__Slow.o Vqwen2_matrix_command_endpoint__Syms.o qwen2_matrix_command_endpoint.o
rm libqwen2_matrix_command_endpoint.verilator_deplist.tmp
make[1]: Leaving directory '/home/runner/work/hetero_cnn_llm_aha/hetero_cnn_llm_aha/work/pipeline_components/MatrixPipeline/obj/Vqwen2_matrix_command_endpoint'
make -f VMatrixPipelineProbe.mk
make[1]: Entering directory '/home/runner/work/hetero_cnn_llm_aha/hetero_cnn_llm_aha/work/pipeline_components/MatrixPipeline/obj'
g++  -I.  -MMD -I/home/runner/work/hetero_cnn_llm_aha/hetero_cnn_llm_aha/work/pipeline_components/verilator-runtime/include -I/home/runner/work/hetero_cnn_llm_aha/hetero_cnn_llm_aha/work/pipeline_components/verilator-runtime/include/vltstd -DVM_COVERAGE=0 -DVM_SC=0 -DVM_TRACE=0 -DVM_TRACE_FST=0 -DVM_TRACE_VCD=0 -faligned-new -fcf-protection=none -Wno-bool-operation -Wno-overloaded-virtual -Wno-shadow -Wno-sign-compare -Wno-uninitialized -Wno-unused-but-set-parameter -Wno-unused-but-set-variable -Wno-unused-parameter -Wno-unused-variable     -O3 -std=c++17 -ffp-contract=off -fno-fast-math   -O3 -c -o matrix_pipeline.o /home/runner/work/hetero_cnn_llm_aha/hetero_cnn_llm_aha/chisel/continuous_prefill/tests/matrix_pipeline.cpp
g++ -Os  -I.  -MMD -I/home/runner/work/hetero_cnn_llm_aha/hetero_cnn_llm_aha/work/pipeline_components/verilator-runtime/include -I/home/runner/work/hetero_cnn_llm_aha/hetero_cnn_llm_aha/work/pipeline_components/verilator-runtime/include/vltstd -DVM_COVERAGE=0 -DVM_SC=0 -DVM_TRACE=0 -DVM_TRACE_FST=0 -DVM_TRACE_VCD=0 -faligned-new -fcf-protection=none -Wno-bool-operation -Wno-overloaded-virtual -Wno-shadow -Wno-sign-compare -Wno-uninitialized -Wno-unused-but-set-parameter -Wno-unused-but-set-variable -Wno-unused-parameter -Wno-unused-variable     -O3 -std=c++17 -ffp-contract=off -fno-fast-math   -c -o verilated.o /home/runner/work/hetero_cnn_llm_aha/hetero_cnn_llm_aha/work/pipeline_components/verilator-runtime/include/verilated.cpp
g++ -Os  -I.  -MMD -I/home/runner/work/hetero_cnn_llm_aha/hetero_cnn_llm_aha/work/pipeline_components/verilator-runtime/include -I/home/runner/work/hetero_cnn_llm_aha/hetero_cnn_llm_aha/work/pipeline_components/verilator-runtime/include/vltstd -DVM_COVERAGE=0 -DVM_SC=0 -DVM_TRACE=0 -DVM_TRACE_FST=0 -DVM_TRACE_VCD=0 -faligned-new -fcf-protection=none -Wno-bool-operation -Wno-overloaded-virtual -Wno-shadow -Wno-sign-compare -Wno-uninitialized -Wno-unused-but-set-parameter -Wno-unused-but-set-variable -Wno-unused-parameter -Wno-unused-variable     -O3 -std=c++17 -ffp-contract=off -fno-fast-math   -c -o verilated_dpi.o /home/runner/work/hetero_cnn_llm_aha/hetero_cnn_llm_aha/work/pipeline_components/verilator-runtime/include/verilated_dpi.cpp
g++ -Os  -I.  -MMD -I/home/runner/work/hetero_cnn_llm_aha/hetero_cnn_llm_aha/work/pipeline_components/verilator-runtime/include -I/home/runner/work/hetero_cnn_llm_aha/hetero_cnn_llm_aha/work/pipeline_components/verilator-runtime/include/vltstd -DVM_COVERAGE=0 -DVM_SC=0 -DVM_TRACE=0 -DVM_TRACE_FST=0 -DVM_TRACE_VCD=0 -faligned-new -fcf-protection=none -Wno-bool-operation -Wno-overloaded-virtual -Wno-shadow -Wno-sign-compare -Wno-uninitialized -Wno-unused-but-set-parameter -Wno-unused-but-set-variable -Wno-unused-parameter -Wno-unused-variable     -O3 -std=c++17 -ffp-contract=off -fno-fast-math   -c -o verilated_threads.o /home/runner/work/hetero_cnn_llm_aha/hetero_cnn_llm_aha/work/pipeline_components/verilator-runtime/include/verilated_threads.cpp
g++ -O3  -I.  -MMD -I/home/runner/work/hetero_cnn_llm_aha/hetero_cnn_llm_aha/work/pipeline_components/verilator-runtime/include -I/home/runner/work/hetero_cnn_llm_aha/hetero_cnn_llm_aha/work/pipeline_components/verilator-runtime/include/vltstd -DVM_COVERAGE=0 -DVM_SC=0 -DVM_TRACE=0 -DVM_TRACE_FST=0 -DVM_TRACE_VCD=0 -faligned-new -fcf-protection=none -Wno-bool-operation -Wno-overloaded-virtual -Wno-shadow -Wno-sign-compare -Wno-uninitialized -Wno-unused-but-set-parameter -Wno-unused-but-set-variable -Wno-unused-parameter -Wno-unused-variable     -O3 -std=c++17 -ffp-contract=off -fno-fast-math   -x c++-header VMatrixPipelineProbe__pch.h -o VMatrixPipelineProbe__pch.h.fast.gch
g++   -I.  -MMD -I/home/runner/work/hetero_cnn_llm_aha/hetero_cnn_llm_aha/work/pipeline_components/verilator-runtime/include -I/home/runner/work/hetero_cnn_llm_aha/hetero_cnn_llm_aha/work/pipeline_components/verilator-runtime/include/vltstd -DVM_COVERAGE=0 -DVM_SC=0 -DVM_TRACE=0 -DVM_TRACE_FST=0 -DVM_TRACE_VCD=0 -faligned-new -fcf-protection=none -Wno-bool-operation -Wno-overloaded-virtual -Wno-shadow -Wno-sign-compare -Wno-uninitialized -Wno-unused-but-set-parameter -Wno-unused-but-set-variable -Wno-unused-parameter -Wno-unused-variable     -O3 -std=c++17 -ffp-contract=off -fno-fast-math   -x c++-header VMatrixPipelineProbe__pch.h -o VMatrixPipelineProbe__pch.h.slow.gch
echo "" > VMatrixPipelineProbe__ALL.verilator_deplist.tmp
g++ -O3  -I.  -MMD -I/home/runner/work/hetero_cnn_llm_aha/hetero_cnn_llm_aha/work/pipeline_components/verilator-runtime/include -I/home/runner/work/hetero_cnn_llm_aha/hetero_cnn_llm_aha/work/pipeline_components/verilator-runtime/include/vltstd -DVM_COVERAGE=0 -DVM_SC=0 -DVM_TRACE=0 -DVM_TRACE_FST=0 -DVM_TRACE_VCD=0 -faligned-new -fcf-protection=none -Wno-bool-operation -Wno-overloaded-virtual -Wno-shadow -Wno-sign-compare -Wno-uninitialized -Wno-unused-but-set-parameter -Wno-unused-but-set-variable -Wno-unused-parameter -Wno-unused-variable     -O3 -std=c++17 -ffp-contract=off -fno-fast-math    -c -o VMatrixPipelineProbe.o VMatrixPipelineProbe.cpp
g++ -O3  -I.  -MMD -I/home/runner/work/hetero_cnn_llm_aha/hetero_cnn_llm_aha/work/pipeline_components/verilator-runtime/include -I/home/runner/work/hetero_cnn_llm_aha/hetero_cnn_llm_aha/work/pipeline_components/verilator-runtime/include/vltstd -DVM_COVERAGE=0 -DVM_SC=0 -DVM_TRACE=0 -DVM_TRACE_FST=0 -DVM_TRACE_VCD=0 -faligned-new -fcf-protection=none -Wno-bool-operation -Wno-overloaded-virtual -Wno-shadow -Wno-sign-compare -Wno-uninitialized -Wno-unused-but-set-parameter -Wno-unused-but-set-variable -Wno-unused-parameter -Wno-unused-variable     -O3 -std=c++17 -ffp-contract=off -fno-fast-math    -c -o VMatrixPipelineProbe___024root__DepSet_hba81b086__0.o VMatrixPipelineProbe___024root__DepSet_hba81b086__0.cpp
g++ -O3  -I.  -MMD -I/home/runner/work/hetero_cnn_llm_aha/hetero_cnn_llm_aha/work/pipeline_components/verilator-runtime/include -I/home/runner/work/hetero_cnn_llm_aha/hetero_cnn_llm_aha/work/pipeline_components/verilator-runtime/include/vltstd -DVM_COVERAGE=0 -DVM_SC=0 -DVM_TRACE=0 -DVM_TRACE_FST=0 -DVM_TRACE_VCD=0 -faligned-new -fcf-protection=none -Wno-bool-operation -Wno-overloaded-virtual -Wno-shadow -Wno-sign-compare -Wno-uninitialized -Wno-unused-but-set-parameter -Wno-unused-but-set-variable -Wno-unused-parameter -Wno-unused-variable     -O3 -std=c++17 -ffp-contract=off -fno-fast-math    -c -o VMatrixPipelineProbe___024root__DepSet_h182f4388__0.o VMatrixPipelineProbe___024root__DepSet_h182f4388__0.cpp
g++ -O3  -I.  -MMD -I/home/runner/work/hetero_cnn_llm_aha/hetero_cnn_llm_aha/work/pipeline_components/verilator-runtime/include -I/home/runner/work/hetero_cnn_llm_aha/hetero_cnn_llm_aha/work/pipeline_components/verilator-runtime/include/vltstd -DVM_COVERAGE=0 -DVM_SC=0 -DVM_TRACE=0 -DVM_TRACE_FST=0 -DVM_TRACE_VCD=0 -faligned-new -fcf-protection=none -Wno-bool-operation -Wno-overloaded-virtual -Wno-shadow -Wno-sign-compare -Wno-uninitialized -Wno-unused-but-set-parameter -Wno-unused-but-set-variable -Wno-unused-parameter -Wno-unused-variable     -O3 -std=c++17 -ffp-contract=off -fno-fast-math    -c -o VMatrixPipelineProbe___024root__DepSet_h182f4388__1.o VMatrixPipelineProbe___024root__DepSet_h182f4388__1.cpp
g++ -O3  -I.  -MMD -I/home/runner/work/hetero_cnn_llm_aha/hetero_cnn_llm_aha/work/pipeline_components/verilator-runtime/include -I/home/runner/work/hetero_cnn_llm_aha/hetero_cnn_llm_aha/work/pipeline_components/verilator-runtime/include/vltstd -DVM_COVERAGE=0 -DVM_SC=0 -DVM_TRACE=0 -DVM_TRACE_FST=0 -DVM_TRACE_VCD=0 -faligned-new -fcf-protection=none -Wno-bool-operation -Wno-overloaded-virtual -Wno-shadow -Wno-sign-compare -Wno-uninitialized -Wno-unused-but-set-parameter -Wno-unused-but-set-variable -Wno-unused-parameter -Wno-unused-variable     -O3 -std=c++17 -ffp-contract=off -fno-fast-math    -c -o VMatrixPipelineProbe___024root__DepSet_h182f4388__2.o VMatrixPipelineProbe___024root__DepSet_h182f4388__2.cpp
g++ -O3  -I.  -MMD -I/home/runner/work/hetero_cnn_llm_aha/hetero_cnn_llm_aha/work/pipeline_components/verilator-runtime/include -I/home/runner/work/hetero_cnn_llm_aha/hetero_cnn_llm_aha/work/pipeline_components/verilator-runtime/include/vltstd -DVM_COVERAGE=0 -DVM_SC=0 -DVM_TRACE=0 -DVM_TRACE_FST=0 -DVM_TRACE_VCD=0 -faligned-new -fcf-protection=none -Wno-bool-operation -Wno-overloaded-virtual -Wno-shadow -Wno-sign-compare -Wno-uninitialized -Wno-unused-but-set-parameter -Wno-unused-but-set-variable -Wno-unused-parameter -Wno-unused-variable     -O3 -std=c++17 -ffp-contract=off -fno-fast-math    -c -o VMatrixPipelineProbe___024root__DepSet_h182f4388__3.o VMatrixPipelineProbe___024root__DepSet_h182f4388__3.cpp
g++ -O3  -I.  -MMD -I/home/runner/work/hetero_cnn_llm_aha/hetero_cnn_llm_aha/work/pipeline_components/verilator-runtime/include -I/home/runner/work/hetero_cnn_llm_aha/hetero_cnn_llm_aha/work/pipeline_components/verilator-runtime/include/vltstd -DVM_COVERAGE=0 -DVM_SC=0 -DVM_TRACE=0 -DVM_TRACE_FST=0 -DVM_TRACE_VCD=0 -faligned-new -fcf-protection=none -Wno-bool-operation -Wno-overloaded-virtual -Wno-shadow -Wno-sign-compare -Wno-uninitialized -Wno-unused-but-set-parameter -Wno-unused-but-set-variable -Wno-unused-parameter -Wno-unused-variable     -O3 -std=c++17 -ffp-contract=off -fno-fast-math    -c -o VMatrixPipelineProbe___024root__DepSet_h182f4388__4.o VMatrixPipelineProbe___024root__DepSet_h182f4388__4.cpp
g++ -O3  -I.  -MMD -I/home/runner/work/hetero_cnn_llm_aha/hetero_cnn_llm_aha/work/pipeline_components/verilator-runtime/include -I/home/runner/work/hetero_cnn_llm_aha/hetero_cnn_llm_aha/work/pipeline_components/verilator-runtime/include/vltstd -DVM_COVERAGE=0 -DVM_SC=0 -DVM_TRACE=0 -DVM_TRACE_FST=0 -DVM_TRACE_VCD=0 -faligned-new -fcf-protection=none -Wno-bool-operation -Wno-overloaded-virtual -Wno-shadow -Wno-sign-compare -Wno-uninitialized -Wno-unused-but-set-parameter -Wno-unused-but-set-variable -Wno-unused-parameter -Wno-unused-variable     -O3 -std=c++17 -ffp-contract=off -fno-fast-math    -c -o VMatrixPipelineProbe___024root__DepSet_h182f4388__5.o VMatrixPipelineProbe___024root__DepSet_h182f4388__5.cpp
g++ -O3  -I.  -MMD -I/home/runner/work/hetero_cnn_llm_aha/hetero_cnn_llm_aha/work/pipeline_components/verilator-runtime/include -I/home/runner/work/hetero_cnn_llm_aha/hetero_cnn_llm_aha/work/pipeline_components/verilator-runtime/include/vltstd -DVM_COVERAGE=0 -DVM_SC=0 -DVM_TRACE=0 -DVM_TRACE_FST=0 -DVM_TRACE_VCD=0 -faligned-new -fcf-protection=none -Wno-bool-operation -Wno-overloaded-virtual -Wno-shadow -Wno-sign-compare -Wno-uninitialized -Wno-unused-but-set-parameter -Wno-unused-but-set-variable -Wno-unused-parameter -Wno-unused-variable     -O3 -std=c++17 -ffp-contract=off -fno-fast-math    -c -o VMatrixPipelineProbe_idma_reg32_3d_reg_pkg__DepSet_h91ff419a__0.o VMatrixPipelineProbe_idma_reg32_3d_reg_pkg__DepSet_h91ff419a__0.cpp
g++ -O3  -I.  -MMD -I/home/runner/work/hetero_cnn_llm_aha/hetero_cnn_llm_aha/work/pipeline_components/verilator-runtime/include -I/home/runner/work/hetero_cnn_llm_aha/hetero_cnn_llm_aha/work/pipeline_components/verilator-runtime/include/vltstd -DVM_COVERAGE=0 -DVM_SC=0 -DVM_TRACE=0 -DVM_TRACE_FST=0 -DVM_TRACE_VCD=0 -faligned-new -fcf-protection=none -Wno-bool-operation -Wno-overloaded-virtual -Wno-shadow -Wno-sign-compare -Wno-uninitialized -Wno-unused-but-set-parameter -Wno-unused-but-set-variable -Wno-unused-parameter -Wno-unused-variable     -O3 -std=c++17 -ffp-contract=off -fno-fast-math    -c -o VMatrixPipelineProbe_idma_reg64_2d_reg_pkg__DepSet_hf093beca__0.o VMatrixPipelineProbe_idma_reg64_2d_reg_pkg__DepSet_hf093beca__0.cpp
g++ -O3  -I.  -MMD -I/home/runner/work/hetero_cnn_llm_aha/hetero_cnn_llm_aha/work/pipeline_components/verilator-runtime/include -I/home/runner/work/hetero_cnn_llm_aha/hetero_cnn_llm_aha/work/pipeline_components/verilator-runtime/include/vltstd -DVM_COVERAGE=0 -DVM_SC=0 -DVM_TRACE=0 -DVM_TRACE_FST=0 -DVM_TRACE_VCD=0 -faligned-new -fcf-protection=none -Wno-bool-operation -Wno-overloaded-virtual -Wno-shadow -Wno-sign-compare -Wno-uninitialized -Wno-unused-but-set-parameter -Wno-unused-but-set-variable -Wno-unused-parameter -Wno-unused-variable     -O3 -std=c++17 -ffp-contract=off -fno-fast-math    -c -o VMatrixPipelineProbe_idma_reg64_1d_reg_pkg__DepSet_h26c733d6__0.o VMatrixPipelineProbe_idma_reg64_1d_reg_pkg__DepSet_h26c733d6__0.cpp
g++ -O3  -I.  -MMD -I/home/runner/work/hetero_cnn_llm_aha/hetero_cnn_llm_aha/work/pipeline_components/verilator-runtime/include -I/home/runner/work/hetero_cnn_llm_aha/hetero_cnn_llm_aha/work/pipeline_components/verilator-runtime/include/vltstd -DVM_COVERAGE=0 -DVM_SC=0 -DVM_TRACE=0 -DVM_TRACE_FST=0 -DVM_TRACE_VCD=0 -faligned-new -fcf-protection=none -Wno-bool-operation -Wno-overloaded-virtual -Wno-shadow -Wno-sign-compare -Wno-uninitialized -Wno-unused-but-set-parameter -Wno-unused-but-set-variable -Wno-unused-parameter -Wno-unused-variable     -O3 -std=c++17 -ffp-contract=off -fno-fast-math    -c -o VMatrixPipelineProbe_idma_desc64_reg_pkg__DepSet_h52ce0eae__0.o VMatrixPipelineProbe_idma_desc64_reg_pkg__DepSet_h52ce0eae__0.cpp
g++ -O3  -I.  -MMD -I/home/runner/work/hetero_cnn_llm_aha/hetero_cnn_llm_aha/work/pipeline_components/verilator-runtime/include -I/home/runner/work/hetero_cnn_llm_aha/hetero_cnn_llm_aha/work/pipeline_components/verilator-runtime/include/vltstd -DVM_COVERAGE=0 -DVM_SC=0 -DVM_TRACE=0 -DVM_TRACE_FST=0 -DVM_TRACE_VCD=0 -faligned-new -fcf-protection=none -Wno-bool-operation -Wno-overloaded-virtual -Wno-shadow -Wno-sign-compare -Wno-uninitialized -Wno-unused-but-set-parameter -Wno-unused-but-set-variable -Wno-unused-parameter -Wno-unused-variable     -O3 -std=c++17 -ffp-contract=off -fno-fast-math    -c -o VMatrixPipelineProbe__Dpi.o VMatrixPipelineProbe__Dpi.cpp
g++   -I.  -MMD -I/home/runner/work/hetero_cnn_llm_aha/hetero_cnn_llm_aha/work/pipeline_components/verilator-runtime/include -I/home/runner/work/hetero_cnn_llm_aha/hetero_cnn_llm_aha/work/pipeline_components/verilator-runtime/include/vltstd -DVM_COVERAGE=0 -DVM_SC=0 -DVM_TRACE=0 -DVM_TRACE_FST=0 -DVM_TRACE_VCD=0 -faligned-new -fcf-protection=none -Wno-bool-operation -Wno-overloaded-virtual -Wno-shadow -Wno-sign-compare -Wno-uninitialized -Wno-unused-but-set-parameter -Wno-unused-but-set-variable -Wno-unused-parameter -Wno-unused-variable     -O3 -std=c++17 -ffp-contract=off -fno-fast-math    -c -o VMatrixPipelineProbe___024root__Slow.o VMatrixPipelineProbe___024root__Slow.cpp
g++   -I.  -MMD -I/home/runner/work/hetero_cnn_llm_aha/hetero_cnn_llm_aha/work/pipeline_components/verilator-runtime/include -I/home/runner/work/hetero_cnn_llm_aha/hetero_cnn_llm_aha/work/pipeline_components/verilator-runtime/include/vltstd -DVM_COVERAGE=0 -DVM_SC=0 -DVM_TRACE=0 -DVM_TRACE_FST=0 -DVM_TRACE_VCD=0 -faligned-new -fcf-protection=none -Wno-bool-operation -Wno-overloaded-virtual -Wno-shadow -Wno-sign-compare -Wno-uninitialized -Wno-unused-but-set-parameter -Wno-unused-but-set-variable -Wno-unused-parameter -Wno-unused-variable     -O3 -std=c++17 -ffp-contract=off -fno-fast-math    -c -o VMatrixPipelineProbe___024root__DepSet_hba81b086__0__Slow.o VMatrixPipelineProbe___024root__DepSet_hba81b086__0__Slow.cpp
g++   -I.  -MMD -I/home/runner/work/hetero_cnn_llm_aha/hetero_cnn_llm_aha/work/pipeline_components/verilator-runtime/include -I/home/runner/work/hetero_cnn_llm_aha/hetero_cnn_llm_aha/work/pipeline_components/verilator-runtime/include/vltstd -DVM_COVERAGE=0 -DVM_SC=0 -DVM_TRACE=0 -DVM_TRACE_FST=0 -DVM_TRACE_VCD=0 -faligned-new -fcf-protection=none -Wno-bool-operation -Wno-overloaded-virtual -Wno-shadow -Wno-sign-compare -Wno-uninitialized -Wno-unused-but-set-parameter -Wno-unused-but-set-variable -Wno-unused-parameter -Wno-unused-variable     -O3 -std=c++17 -ffp-contract=off -fno-fast-math    -c -o VMatrixPipelineProbe___024root__DepSet_h182f4388__0__Slow.o VMatrixPipelineProbe___024root__DepSet_h182f4388__0__Slow.cpp
g++   -I.  -MMD -I/home/runner/work/hetero_cnn_llm_aha/hetero_cnn_llm_aha/work/pipeline_components/verilator-runtime/include -I/home/runner/work/hetero_cnn_llm_aha/hetero_cnn_llm_aha/work/pipeline_components/verilator-runtime/include/vltstd -DVM_COVERAGE=0 -DVM_SC=0 -DVM_TRACE=0 -DVM_TRACE_FST=0 -DVM_TRACE_VCD=0 -faligned-new -fcf-protection=none -Wno-bool-operation -Wno-overloaded-virtual -Wno-shadow -Wno-sign-compare -Wno-uninitialized -Wno-unused-but-set-parameter -Wno-unused-but-set-variable -Wno-unused-parameter -Wno-unused-variable     -O3 -std=c++17 -ffp-contract=off -fno-fast-math    -c -o VMatrixPipelineProbe___024root__DepSet_h182f4388__1__Slow.o VMatrixPipelineProbe___024root__DepSet_h182f4388__1__Slow.cpp
g++   -I.  -MMD -I/home/runner/work/hetero_cnn_llm_aha/hetero_cnn_llm_aha/work/pipeline_components/verilator-runtime/include -I/home/runner/work/hetero_cnn_llm_aha/hetero_cnn_llm_aha/work/pipeline_components/verilator-runtime/include/vltstd -DVM_COVERAGE=0 -DVM_SC=0 -DVM_TRACE=0 -DVM_TRACE_FST=0 -DVM_TRACE_VCD=0 -faligned-new -fcf-protection=none -Wno-bool-operation -Wno-overloaded-virtual -Wno-shadow -Wno-sign-compare -Wno-uninitialized -Wno-unused-but-set-parameter -Wno-unused-but-set-variable -Wno-unused-parameter -Wno-unused-variable     -O3 -std=c++17 -ffp-contract=off -fno-fast-math    -c -o VMatrixPipelineProbe_idma_reg32_3d_reg_pkg__Slow.o VMatrixPipelineProbe_idma_reg32_3d_reg_pkg__Slow.cpp
g++   -I.  -MMD -I/home/runner/work/hetero_cnn_llm_aha/hetero_cnn_llm_aha/work/pipeline_components/verilator-runtime/include -I/home/runner/work/hetero_cnn_llm_aha/hetero_cnn_llm_aha/work/pipeline_components/verilator-runtime/include/vltstd -DVM_COVERAGE=0 -DVM_SC=0 -DVM_TRACE=0 -DVM_TRACE_FST=0 -DVM_TRACE_VCD=0 -faligned-new -fcf-protection=none -Wno-bool-operation -Wno-overloaded-virtual -Wno-shadow -Wno-sign-compare -Wno-uninitialized -Wno-unused-but-set-parameter -Wno-unused-but-set-variable -Wno-unused-parameter -Wno-unused-variable     -O3 -std=c++17 -ffp-contract=off -fno-fast-math    -c -o VMatrixPipelineProbe_idma_reg32_3d_reg_pkg__DepSet_h91ff419a__0__Slow.o VMatrixPipelineProbe_idma_reg32_3d_reg_pkg__DepSet_h91ff419a__0__Slow.cpp
g++   -I.  -MMD -I/home/runner/work/hetero_cnn_llm_aha/hetero_cnn_llm_aha/work/pipeline_components/verilator-runtime/include -I/home/runner/work/hetero_cnn_llm_aha/hetero_cnn_llm_aha/work/pipeline_components/verilator-runtime/include/vltstd -DVM_COVERAGE=0 -DVM_SC=0 -DVM_TRACE=0 -DVM_TRACE_FST=0 -DVM_TRACE_VCD=0 -faligned-new -fcf-protection=none -Wno-bool-operation -Wno-overloaded-virtual -Wno-shadow -Wno-sign-compare -Wno-uninitialized -Wno-unused-but-set-parameter -Wno-unused-but-set-variable -Wno-unused-parameter -Wno-unused-variable     -O3 -std=c++17 -ffp-contract=off -fno-fast-math    -c -o VMatrixPipelineProbe_idma_reg64_2d_reg_pkg__Slow.o VMatrixPipelineProbe_idma_reg64_2d_reg_pkg__Slow.cpp
g++   -I.  -MMD -I/home/runner/work/hetero_cnn_llm_aha/hetero_cnn_llm_aha/work/pipeline_components/verilator-runtime/include -I/home/runner/work/hetero_cnn_llm_aha/hetero_cnn_llm_aha/work/pipeline_components/verilator-runtime/include/vltstd -DVM_COVERAGE=0 -DVM_SC=0 -DVM_TRACE=0 -DVM_TRACE_FST=0 -DVM_TRACE_VCD=0 -faligned-new -fcf-protection=none -Wno-bool-operation -Wno-overloaded-virtual -Wno-shadow -Wno-sign-compare -Wno-uninitialized -Wno-unused-but-set-parameter -Wno-unused-but-set-variable -Wno-unused-parameter -Wno-unused-variable     -O3 -std=c++17 -ffp-contract=off -fno-fast-math    -c -o VMatrixPipelineProbe_idma_reg64_2d_reg_pkg__DepSet_hf093beca__0__Slow.o VMatrixPipelineProbe_idma_reg64_2d_reg_pkg__DepSet_hf093beca__0__Slow.cpp
g++   -I.  -MMD -I/home/runner/work/hetero_cnn_llm_aha/hetero_cnn_llm_aha/work/pipeline_components/verilator-runtime/include -I/home/runner/work/hetero_cnn_llm_aha/hetero_cnn_llm_aha/work/pipeline_components/verilator-runtime/include/vltstd -DVM_COVERAGE=0 -DVM_SC=0 -DVM_TRACE=0 -DVM_TRACE_FST=0 -DVM_TRACE_VCD=0 -faligned-new -fcf-protection=none -Wno-bool-operation -Wno-overloaded-virtual -Wno-shadow -Wno-sign-compare -Wno-uninitialized -Wno-unused-but-set-parameter -Wno-unused-but-set-variable -Wno-unused-parameter -Wno-unused-variable     -O3 -std=c++17 -ffp-contract=off -fno-fast-math    -c -o VMatrixPipelineProbe_idma_reg64_1d_reg_pkg__Slow.o VMatrixPipelineProbe_idma_reg64_1d_reg_pkg__Slow.cpp
g++   -I.  -MMD -I/home/runner/work/hetero_cnn_llm_aha/hetero_cnn_llm_aha/work/pipeline_components/verilator-runtime/include -I/home/runner/work/hetero_cnn_llm_aha/hetero_cnn_llm_aha/work/pipeline_components/verilator-runtime/include/vltstd -DVM_COVERAGE=0 -DVM_SC=0 -DVM_TRACE=0 -DVM_TRACE_FST=0 -DVM_TRACE_VCD=0 -faligned-new -fcf-protection=none -Wno-bool-operation -Wno-overloaded-virtual -Wno-shadow -Wno-sign-compare -Wno-uninitialized -Wno-unused-but-set-parameter -Wno-unused-but-set-variable -Wno-unused-parameter -Wno-unused-variable     -O3 -std=c++17 -ffp-contract=off -fno-fast-math    -c -o VMatrixPipelineProbe_idma_reg64_1d_reg_pkg__DepSet_h26c733d6__0__Slow.o VMatrixPipelineProbe_idma_reg64_1d_reg_pkg__DepSet_h26c733d6__0__Slow.cpp
g++   -I.  -MMD -I/home/runner/work/hetero_cnn_llm_aha/hetero_cnn_llm_aha/work/pipeline_components/verilator-runtime/include -I/home/runner/work/hetero_cnn_llm_aha/hetero_cnn_llm_aha/work/pipeline_components/verilator-runtime/include/vltstd -DVM_COVERAGE=0 -DVM_SC=0 -DVM_TRACE=0 -DVM_TRACE_FST=0 -DVM_TRACE_VCD=0 -faligned-new -fcf-protection=none -Wno-bool-operation -Wno-overloaded-virtual -Wno-shadow -Wno-sign-compare -Wno-uninitialized -Wno-unused-but-set-parameter -Wno-unused-but-set-variable -Wno-unused-parameter -Wno-unused-variable     -O3 -std=c++17 -ffp-contract=off -fno-fast-math    -c -o VMatrixPipelineProbe_idma_desc64_reg_pkg__Slow.o VMatrixPipelineProbe_idma_desc64_reg_pkg__Slow.cpp
g++   -I.  -MMD -I/home/runner/work/hetero_cnn_llm_aha/hetero_cnn_llm_aha/work/pipeline_components/verilator-runtime/include -I/home/runner/work/hetero_cnn_llm_aha/hetero_cnn_llm_aha/work/pipeline_components/verilator-runtime/include/vltstd -DVM_COVERAGE=0 -DVM_SC=0 -DVM_TRACE=0 -DVM_TRACE_FST=0 -DVM_TRACE_VCD=0 -faligned-new -fcf-protection=none -Wno-bool-operation -Wno-overloaded-virtual -Wno-shadow -Wno-sign-compare -Wno-uninitialized -Wno-unused-but-set-parameter -Wno-unused-but-set-variable -Wno-unused-parameter -Wno-unused-variable     -O3 -std=c++17 -ffp-contract=off -fno-fast-math    -c -o VMatrixPipelineProbe_idma_desc64_reg_pkg__DepSet_h52ce0eae__0__Slow.o VMatrixPipelineProbe_idma_desc64_reg_pkg__DepSet_h52ce0eae__0__Slow.cpp
g++   -I.  -MMD -I/home/runner/work/hetero_cnn_llm_aha/hetero_cnn_llm_aha/work/pipeline_components/verilator-runtime/include -I/home/runner/work/hetero_cnn_llm_aha/hetero_cnn_llm_aha/work/pipeline_components/verilator-runtime/include/vltstd -DVM_COVERAGE=0 -DVM_SC=0 -DVM_TRACE=0 -DVM_TRACE_FST=0 -DVM_TRACE_VCD=0 -faligned-new -fcf-protection=none -Wno-bool-operation -Wno-overloaded-virtual -Wno-shadow -Wno-sign-compare -Wno-uninitialized -Wno-unused-but-set-parameter -Wno-unused-but-set-variable -Wno-unused-parameter -Wno-unused-variable     -O3 -std=c++17 -ffp-contract=off -fno-fast-math    -c -o VMatrixPipelineProbe__Syms.o VMatrixPipelineProbe__Syms.cpp
Archive ar -rcs VMatrixPipelineProbe__ALL.a VMatrixPipelineProbe.o VMatrixPipelineProbe___024root__DepSet_hba81b086__0.o VMatrixPipelineProbe___024root__DepSet_h182f4388__0.o VMatrixPipelineProbe___024root__DepSet_h182f4388__1.o VMatrixPipelineProbe___024root__DepSet_h182f4388__2.o VMatrixPipelineProbe___024root__DepSet_h182f4388__3.o VMatrixPipelineProbe___024root__DepSet_h182f4388__4.o VMatrixPipelineProbe___024root__DepSet_h182f4388__5.o VMatrixPipelineProbe_idma_reg32_3d_reg_pkg__DepSet_h91ff419a__0.o VMatrixPipelineProbe_idma_reg64_2d_reg_pkg__DepSet_hf093beca__0.o VMatrixPipelineProbe_idma_reg64_1d_reg_pkg__DepSet_h26c733d6__0.o VMatrixPipelineProbe_idma_desc64_reg_pkg__DepSet_h52ce0eae__0.o VMatrixPipelineProbe__Dpi.o VMatrixPipelineProbe___024root__Slow.o VMatrixPipelineProbe___024root__DepSet_hba81b086__0__Slow.o VMatrixPipelineProbe___024root__DepSet_h182f4388__0__Slow.o VMatrixPipelineProbe___024root__DepSet_h182f4388__1__Slow.o VMatrixPipelineProbe_idma_reg32_3d_reg_pkg__Slow.o VMatrixPipelineProbe_idma_reg32_3d_reg_pkg__DepSet_h91ff419a__0__Slow.o VMatrixPipelineProbe_idma_reg64_2d_reg_pkg__Slow.o VMatrixPipelineProbe_idma_reg64_2d_reg_pkg__DepSet_hf093beca__0__Slow.o VMatrixPipelineProbe_idma_reg64_1d_reg_pkg__Slow.o VMatrixPipelineProbe_idma_reg64_1d_reg_pkg__DepSet_h26c733d6__0__Slow.o VMatrixPipelineProbe_idma_desc64_reg_pkg__Slow.o VMatrixPipelineProbe_idma_desc64_reg_pkg__DepSet_h52ce0eae__0__Slow.o VMatrixPipelineProbe__Syms.o Vqwen2_matrix_command_endpoint/libqwen2_matrix_command_endpoint.a Vbf16_context_lane_cluster16_rev8b_b_candidate/libbf16_context_lane_cluster16_rev8b_b_candidate.a
g++     matrix_pipeline.o verilated.o verilated_dpi.o verilated_threads.o VMatrixPipelineProbe__ALL.a Vqwen2_matrix_command_endpoint/libqwen2_matrix_command_endpoint.a Vbf16_context_lane_cluster16_rev8b_b_candidate/libbf16_context_lane_cluster16_rev8b_b_candidate.a    -pthread -lpthread -latomic   -o VMatrixPipelineProbe
rm VMatrixPipelineProbe__ALL.verilator_deplist.tmp
make[1]: Leaving directory '/home/runner/work/hetero_cnn_llm_aha/hetero_cnn_llm_aha/work/pipeline_components/MatrixPipeline/obj'
make: Leaving directory '/home/runner/work/hetero_cnn_llm_aha/hetero_cnn_llm_aha/work/pipeline_components/MatrixPipeline/obj'
