LAYER_WEIGHT_ID layer=0 salt=0 wq=9183213585421943683 wg=10099582513830593411 wd=6060938776426742659
LAYER_WEIGHT_ID layer=1 salt=17 wq=11498667290918765443 wg=13506014258321589123 wd=15227419801319015299
LAYER_WEIGHT_ID layer=2 salt=34 wq=9499816631385047939 wg=10491862784676889475 wd=13927612558444757891
OWNER_TENSOR pc=0 name=l0_n0 values=2112 bit_differences=0 cycle=19809
OWNER_COMPLETION pc=0 owner=3 signal=1 write_ack_bytes=8448 cycle=19809
OWNER_TENSOR pc=1 name=l0_qraw values=2112 bit_differences=0 cycle=39935
OWNER_COMPLETION pc=1 owner=2 signal=2 write_ack_bytes=8448 cycle=39935
OWNER_TENSOR pc=2 name=l0_qr values=2112 bit_differences=0 cycle=45901
OWNER_COMPLETION pc=2 owner=3 signal=3 write_ack_bytes=8448 cycle=45901
OWNER_TENSOR pc=3 name=l0_q values=2112 bit_differences=0 cycle=52145
OWNER_COMPLETION pc=3 owner=3 signal=4 write_ack_bytes=8448 cycle=52145
OWNER_TENSOR pc=4 name=l0_kraw values=1056 bit_differences=0 cycle=63427
OWNER_COMPLETION pc=4 owner=2 signal=5 write_ack_bytes=4224 cycle=63427
OWNER_TENSOR pc=5 name=l0_kr values=1056 bit_differences=0 cycle=66526
OWNER_COMPLETION pc=5 owner=3 signal=6 write_ack_bytes=4224 cycle=66526
OWNER_TENSOR pc=6 name=l0_k values=1056 bit_differences=0 cycle=69730
OWNER_COMPLETION pc=6 owner=3 signal=7 write_ack_bytes=4224 cycle=69730
OWNER_TENSOR pc=7 name=l0_vraw values=1056 bit_differences=0 cycle=81036
OWNER_COMPLETION pc=7 owner=2 signal=8 write_ack_bytes=4224 cycle=81036
OWNER_TENSOR pc=8 name=l0_v values=1056 bit_differences=0 cycle=84157
OWNER_COMPLETION pc=8 owner=3 signal=9 write_ack_bytes=4224 cycle=84157
OWNER_TENSOR pc=9 name=l0_cache_k values=1056 bit_differences=0 cycle=88912
OWNER_TENSOR pc=9 name=l0_cache_v values=1056 bit_differences=0 cycle=88912
OWNER_COMPLETION pc=9 owner=4 signal=10 write_ack_bytes=8448 cycle=88912
OWNER_COMPLETION pc=10 owner=2 signal=11 write_ack_bytes=0 cycle=345668
OWNER_COMPLETION pc=11 owner=3 signal=12 write_ack_bytes=0 cycle=345669
OWNER_TENSOR pc=12 name=l0_att values=2112 bit_differences=0 cycle=345670
OWNER_COMPLETION pc=12 owner=2 signal=13 write_ack_bytes=8448 cycle=345670
OWNER_TENSOR pc=13 name=l0_o values=2112 bit_differences=0 cycle=365833
OWNER_COMPLETION pc=13 owner=2 signal=14 write_ack_bytes=8448 cycle=365833
OWNER_TENSOR pc=14 name=l0_r values=2112 bit_differences=0 cycle=372688
OWNER_COMPLETION pc=14 owner=3 signal=15 write_ack_bytes=8448 cycle=372688
OWNER_TENSOR pc=15 name=l0_n1 values=2112 bit_differences=0 cycle=392478
OWNER_COMPLETION pc=15 owner=3 signal=16 write_ack_bytes=8448 cycle=392478
OWNER_TENSOR pc=16 name=l0_gate values=4224 bit_differences=0 cycle=430180
OWNER_COMPLETION pc=16 owner=2 signal=17 write_ack_bytes=16896 cycle=430180
OWNER_TENSOR pc=17 name=l0_up values=4224 bit_differences=0 cycle=467732
OWNER_COMPLETION pc=17 owner=2 signal=18 write_ack_bytes=16896 cycle=467732
OWNER_TENSOR pc=18 name=l0_act values=4224 bit_differences=0 cycle=766813
OWNER_COMPLETION pc=18 owner=3 signal=19 write_ack_bytes=16896 cycle=766813
OWNER_TENSOR pc=19 name=l0_down values=2112 bit_differences=0 cycle=804754
OWNER_COMPLETION pc=19 owner=2 signal=20 write_ack_bytes=8448 cycle=804754
OWNER_TENSOR pc=20 name=l0_y values=2112 bit_differences=0 cycle=811546
OWNER_COMPLETION pc=20 owner=3 signal=21 write_ack_bytes=8448 cycle=811546
OWNER_TENSOR pc=21 name=l1_n0 values=2112 bit_differences=0 cycle=831266
OWNER_COMPLETION pc=21 owner=3 signal=22 write_ack_bytes=8448 cycle=831266
OWNER_TENSOR pc=22 name=l1_qraw values=2112 bit_differences=0 cycle=851278
OWNER_COMPLETION pc=22 owner=2 signal=23 write_ack_bytes=8448 cycle=851278
OWNER_TENSOR pc=23 name=l1_qr values=2112 bit_differences=0 cycle=857262
OWNER_COMPLETION pc=23 owner=3 signal=24 write_ack_bytes=8448 cycle=857262
OWNER_TENSOR pc=24 name=l1_q values=2112 bit_differences=0 cycle=863478
OWNER_COMPLETION pc=24 owner=3 signal=25 write_ack_bytes=8448 cycle=863478
OWNER_TENSOR pc=25 name=l1_kraw values=1056 bit_differences=0 cycle=874683
OWNER_COMPLETION pc=25 owner=2 signal=26 write_ack_bytes=4224 cycle=874683
OWNER_TENSOR pc=26 name=l1_kr values=1056 bit_differences=0 cycle=877783
OWNER_COMPLETION pc=26 owner=3 signal=27 write_ack_bytes=4224 cycle=877783
OWNER_TENSOR pc=27 name=l1_k values=1056 bit_differences=0 cycle=881023
OWNER_COMPLETION pc=27 owner=3 signal=28 write_ack_bytes=4224 cycle=881023
OWNER_TENSOR pc=28 name=l1_vraw values=1056 bit_differences=0 cycle=892307
OWNER_COMPLETION pc=28 owner=2 signal=29 write_ack_bytes=4224 cycle=892307
OWNER_TENSOR pc=29 name=l1_v values=1056 bit_differences=0 cycle=895408
OWNER_COMPLETION pc=29 owner=3 signal=30 write_ack_bytes=4224 cycle=895408
OWNER_TENSOR pc=30 name=l1_cache_k values=1056 bit_differences=0 cycle=900150
OWNER_TENSOR pc=30 name=l1_cache_v values=1056 bit_differences=0 cycle=900150
OWNER_COMPLETION pc=30 owner=4 signal=31 write_ack_bytes=8448 cycle=900150
OWNER_COMPLETION pc=31 owner=2 signal=32 write_ack_bytes=0 cycle=1156921
OWNER_COMPLETION pc=32 owner=3 signal=33 write_ack_bytes=0 cycle=1156922
OWNER_TENSOR pc=33 name=l1_att values=2112 bit_differences=0 cycle=1156923
OWNER_COMPLETION pc=33 owner=2 signal=34 write_ack_bytes=8448 cycle=1156923
OWNER_TENSOR pc=34 name=l1_o values=2112 bit_differences=0 cycle=1177007
OWNER_COMPLETION pc=34 owner=2 signal=35 write_ack_bytes=8448 cycle=1177007
OWNER_TENSOR pc=35 name=l1_r values=2112 bit_differences=0 cycle=1183798
OWNER_COMPLETION pc=35 owner=3 signal=36 write_ack_bytes=8448 cycle=1183798
OWNER_TENSOR pc=36 name=l1_n1 values=2112 bit_differences=0 cycle=1203507
OWNER_COMPLETION pc=36 owner=3 signal=37 write_ack_bytes=8448 cycle=1203507
OWNER_TENSOR pc=37 name=l1_gate values=4224 bit_differences=0 cycle=1241332
OWNER_COMPLETION pc=37 owner=2 signal=38 write_ack_bytes=16896 cycle=1241332
OWNER_TENSOR pc=38 name=l1_up values=4224 bit_differences=0 cycle=1278907
OWNER_COMPLETION pc=38 owner=2 signal=39 write_ack_bytes=16896 cycle=1278907
OWNER_TENSOR pc=39 name=l1_act values=4224 bit_differences=0 cycle=1577934
OWNER_COMPLETION pc=39 owner=3 signal=40 write_ack_bytes=16896 cycle=1577934
OWNER_TENSOR pc=40 name=l1_down values=2112 bit_differences=0 cycle=1615855
OWNER_COMPLETION pc=40 owner=2 signal=41 write_ack_bytes=8448 cycle=1615855
OWNER_TENSOR pc=41 name=l1_y values=2112 bit_differences=0 cycle=1622649
OWNER_COMPLETION pc=41 owner=3 signal=42 write_ack_bytes=8448 cycle=1622649
OWNER_TENSOR pc=42 name=l2_n0 values=2112 bit_differences=0 cycle=1642380
OWNER_COMPLETION pc=42 owner=3 signal=43 write_ack_bytes=8448 cycle=1642380
OWNER_TENSOR pc=43 name=l2_qraw values=2112 bit_differences=0 cycle=1662398
OWNER_COMPLETION pc=43 owner=2 signal=44 write_ack_bytes=8448 cycle=1662398
OWNER_TENSOR pc=44 name=l2_qr values=2112 bit_differences=0 cycle=1668453
OWNER_COMPLETION pc=44 owner=3 signal=45 write_ack_bytes=8448 cycle=1668453
OWNER_TENSOR pc=45 name=l2_q values=2112 bit_differences=0 cycle=1674750
OWNER_COMPLETION pc=45 owner=3 signal=46 write_ack_bytes=8448 cycle=1674750
OWNER_TENSOR pc=46 name=l2_kraw values=1056 bit_differences=0 cycle=1686038
OWNER_COMPLETION pc=46 owner=2 signal=47 write_ack_bytes=4224 cycle=1686038
OWNER_TENSOR pc=47 name=l2_kr values=1056 bit_differences=0 cycle=1689111
OWNER_COMPLETION pc=47 owner=3 signal=48 write_ack_bytes=4224 cycle=1689111
OWNER_TENSOR pc=48 name=l2_k values=1056 bit_differences=0 cycle=1692356
OWNER_COMPLETION pc=48 owner=3 signal=49 write_ack_bytes=4224 cycle=1692356
OWNER_TENSOR pc=49 name=l2_vraw values=1056 bit_differences=0 cycle=1703597
OWNER_COMPLETION pc=49 owner=2 signal=50 write_ack_bytes=4224 cycle=1703597
OWNER_TENSOR pc=50 name=l2_v values=1056 bit_differences=0 cycle=1706674
OWNER_COMPLETION pc=50 owner=3 signal=51 write_ack_bytes=4224 cycle=1706674
OWNER_TENSOR pc=51 name=l2_cache_k values=1056 bit_differences=0 cycle=1711457
OWNER_TENSOR pc=51 name=l2_cache_v values=1056 bit_differences=0 cycle=1711457
OWNER_COMPLETION pc=51 owner=4 signal=52 write_ack_bytes=8448 cycle=1711457
OWNER_COMPLETION pc=52 owner=2 signal=53 write_ack_bytes=0 cycle=1968160
OWNER_COMPLETION pc=53 owner=3 signal=54 write_ack_bytes=0 cycle=1968163
OWNER_TENSOR pc=54 name=l2_att values=2112 bit_differences=0 cycle=1968164
OWNER_COMPLETION pc=54 owner=2 signal=55 write_ack_bytes=8448 cycle=1968164
OWNER_TENSOR pc=55 name=l2_o values=2112 bit_differences=0 cycle=1988167
OWNER_COMPLETION pc=55 owner=2 signal=56 write_ack_bytes=8448 cycle=1988167
OWNER_TENSOR pc=56 name=l2_r values=2112 bit_differences=0 cycle=1994970
OWNER_COMPLETION pc=56 owner=3 signal=57 write_ack_bytes=8448 cycle=1994970
OWNER_TENSOR pc=57 name=l2_n1 values=2112 bit_differences=0 cycle=2014675
OWNER_COMPLETION pc=57 owner=3 signal=58 write_ack_bytes=8448 cycle=2014675
OWNER_TENSOR pc=58 name=l2_gate values=4224 bit_differences=0 cycle=2052244
OWNER_COMPLETION pc=58 owner=2 signal=59 write_ack_bytes=16896 cycle=2052244
OWNER_TENSOR pc=59 name=l2_up values=4224 bit_differences=0 cycle=2089819
OWNER_COMPLETION pc=59 owner=2 signal=60 write_ack_bytes=16896 cycle=2089819
OWNER_TENSOR pc=60 name=l2_act values=4224 bit_differences=0 cycle=2388901
OWNER_COMPLETION pc=60 owner=3 signal=61 write_ack_bytes=16896 cycle=2388901
OWNER_TENSOR pc=61 name=l2_down values=2112 bit_differences=0 cycle=2426621
OWNER_COMPLETION pc=61 owner=2 signal=62 write_ack_bytes=8448 cycle=2426621
OWNER_TENSOR pc=62 name=l2_y values=2112 bit_differences=0 cycle=2433411
OWNER_COMPLETION pc=62 owner=3 signal=63 write_ack_bytes=8448 cycle=2433411
HOST_BLOCK_ALL_OWNERS_PASS tokens=33 hidden=64 ffn=128 layers=3 host_commands=63 completed=63 owner_jobs=57 matrix_commands=27 sfu_commands=33 kv_commands=3 checked_fp32=123552 bit_differences=0 useful_macs=3864960 executed_macs=12201984 cycles=2433412 metadata_reads=708 read_bytes=2969088 write_ack_bytes=494208 idma_transfers=54114 request_stalls=22079 response_delay_cycles=162156 host_intermediate_writes=0 legacy_block_launch=0 original_matrix_instances=1 original_idma_instances=1 score_ddr_accesses=0 output_fnv64=7a182eaf645d52ff
