LAYER_WEIGHT_ID layer=0 salt=0 wq=4002164789806659059 wg=15424846485137942147 wd=6763894623645159555
LAYER_WEIGHT_ID layer=1 salt=17 wq=7546649509632609491 wg=8818369705648495747 wd=8698146924741062003
OWNER_TENSOR pc=0 name=l0_n0 values=24576 bit_differences=0 cycle=202555
OWNER_COMPLETION pc=0 owner=3 signal=1 write_ack_bytes=98304 cycle=202555
OWNER_TENSOR pc=1 name=l0_qraw values=24576 bit_differences=0 cycle=499969
OWNER_COMPLETION pc=1 owner=2 signal=2 write_ack_bytes=98304 cycle=499969
OWNER_TENSOR pc=2 name=l0_qr values=24576 bit_differences=0 cycle=567948
OWNER_COMPLETION pc=2 owner=3 signal=3 write_ack_bytes=98304 cycle=567948
OWNER_TENSOR pc=3 name=l0_q values=24576 bit_differences=0 cycle=639082
OWNER_COMPLETION pc=3 owner=3 signal=4 write_ack_bytes=98304 cycle=639082
OWNER_TENSOR pc=4 name=l0_kraw values=4096 bit_differences=0 cycle=689782
OWNER_COMPLETION pc=4 owner=2 signal=5 write_ack_bytes=16384 cycle=689782
OWNER_TENSOR pc=5 name=l0_kr values=4096 bit_differences=0 cycle=701206
OWNER_COMPLETION pc=5 owner=3 signal=6 write_ack_bytes=16384 cycle=701206
OWNER_TENSOR pc=6 name=l0_k values=4096 bit_differences=0 cycle=713211
OWNER_COMPLETION pc=6 owner=3 signal=7 write_ack_bytes=16384 cycle=713211
OWNER_TENSOR pc=7 name=l0_vraw values=4096 bit_differences=0 cycle=764146
OWNER_COMPLETION pc=7 owner=2 signal=8 write_ack_bytes=16384 cycle=764146
OWNER_TENSOR pc=8 name=l0_v values=4096 bit_differences=0 cycle=775651
OWNER_COMPLETION pc=8 owner=3 signal=9 write_ack_bytes=16384 cycle=775651
OWNER_TENSOR pc=9 name=l0_cache_k values=4096 bit_differences=0 cycle=793656
OWNER_TENSOR pc=9 name=l0_cache_v values=4096 bit_differences=0 cycle=793656
OWNER_COMPLETION pc=9 owner=4 signal=10 write_ack_bytes=32768 cycle=793656
OWNER_COMPLETION pc=10 owner=2 signal=11 write_ack_bytes=0 cycle=1752674
OWNER_COMPLETION pc=11 owner=3 signal=12 write_ack_bytes=0 cycle=1752675
OWNER_TENSOR pc=12 name=l0_att values=24576 bit_differences=0 cycle=1752676
OWNER_COMPLETION pc=12 owner=2 signal=13 write_ack_bytes=98304 cycle=1752676
OWNER_TENSOR pc=13 name=l0_o values=24576 bit_differences=0 cycle=2048969
OWNER_COMPLETION pc=13 owner=2 signal=14 write_ack_bytes=98304 cycle=2048969
OWNER_TENSOR pc=14 name=l0_r values=24576 bit_differences=0 cycle=2126271
OWNER_COMPLETION pc=14 owner=3 signal=15 write_ack_bytes=98304 cycle=2126271
OWNER_TENSOR pc=15 name=l0_n1 values=24576 bit_differences=0 cycle=2329009
OWNER_COMPLETION pc=15 owner=3 signal=16 write_ack_bytes=98304 cycle=2329009
OWNER_TENSOR pc=16 name=l0_gate values=143360 bit_differences=0 cycle=3972526
OWNER_COMPLETION pc=16 owner=2 signal=17 write_ack_bytes=573440 cycle=3972526
OWNER_TENSOR pc=17 name=l0_up values=143360 bit_differences=0 cycle=5616033
OWNER_COMPLETION pc=17 owner=2 signal=18 write_ack_bytes=573440 cycle=5616033
OWNER_TENSOR pc=18 name=l0_act values=143360 bit_differences=0 cycle=6540228
OWNER_COMPLETION pc=18 owner=3 signal=19 write_ack_bytes=573440 cycle=6540228
OWNER_TENSOR pc=19 name=l0_down values=24576 bit_differences=0 cycle=8241497
OWNER_COMPLETION pc=19 owner=2 signal=20 write_ack_bytes=98304 cycle=8241497
OWNER_TENSOR pc=20 name=l0_y values=24576 bit_differences=0 cycle=8318760
OWNER_COMPLETION pc=20 owner=3 signal=21 write_ack_bytes=98304 cycle=8318760
OWNER_TENSOR pc=21 name=l1_n0 values=24576 bit_differences=0 cycle=8521532
OWNER_COMPLETION pc=21 owner=3 signal=22 write_ack_bytes=98304 cycle=8521532
OWNER_TENSOR pc=22 name=l1_qraw values=24576 bit_differences=0 cycle=8818534
OWNER_COMPLETION pc=22 owner=2 signal=23 write_ack_bytes=98304 cycle=8818534
OWNER_TENSOR pc=23 name=l1_qr values=24576 bit_differences=0 cycle=8886647
OWNER_COMPLETION pc=23 owner=3 signal=24 write_ack_bytes=98304 cycle=8886647
OWNER_TENSOR pc=24 name=l1_q values=24576 bit_differences=0 cycle=8957781
OWNER_COMPLETION pc=24 owner=3 signal=25 write_ack_bytes=98304 cycle=8957781
OWNER_TENSOR pc=25 name=l1_kraw values=4096 bit_differences=0 cycle=9008023
OWNER_COMPLETION pc=25 owner=2 signal=26 write_ack_bytes=16384 cycle=9008023
OWNER_TENSOR pc=26 name=l1_kr values=4096 bit_differences=0 cycle=9019499
OWNER_COMPLETION pc=26 owner=3 signal=27 write_ack_bytes=16384 cycle=9019499
OWNER_TENSOR pc=27 name=l1_k values=4096 bit_differences=0 cycle=9031469
OWNER_COMPLETION pc=27 owner=3 signal=28 write_ack_bytes=16384 cycle=9031469
OWNER_TENSOR pc=28 name=l1_vraw values=4096 bit_differences=0 cycle=9082091
OWNER_COMPLETION pc=28 owner=2 signal=29 write_ack_bytes=16384 cycle=9082091
OWNER_TENSOR pc=29 name=l1_v values=4096 bit_differences=0 cycle=9093506
OWNER_COMPLETION pc=29 owner=3 signal=30 write_ack_bytes=16384 cycle=9093506
OWNER_TENSOR pc=30 name=l1_cache_k values=4096 bit_differences=0 cycle=9111503
OWNER_TENSOR pc=30 name=l1_cache_v values=4096 bit_differences=0 cycle=9111503
OWNER_COMPLETION pc=30 owner=4 signal=31 write_ack_bytes=32768 cycle=9111503
OWNER_COMPLETION pc=31 owner=2 signal=32 write_ack_bytes=0 cycle=10070991
OWNER_COMPLETION pc=32 owner=3 signal=33 write_ack_bytes=0 cycle=10070992
OWNER_TENSOR pc=33 name=l1_att values=24576 bit_differences=0 cycle=10070993
OWNER_COMPLETION pc=33 owner=2 signal=34 write_ack_bytes=98304 cycle=10070993
OWNER_TENSOR pc=34 name=l1_o values=24576 bit_differences=0 cycle=10367377
OWNER_COMPLETION pc=34 owner=2 signal=35 write_ack_bytes=98304 cycle=10367377
OWNER_TENSOR pc=35 name=l1_r values=24576 bit_differences=0 cycle=10444562
OWNER_COMPLETION pc=35 owner=3 signal=36 write_ack_bytes=98304 cycle=10444562
OWNER_TENSOR pc=36 name=l1_n1 values=24576 bit_differences=0 cycle=10647149
OWNER_COMPLETION pc=36 owner=3 signal=37 write_ack_bytes=98304 cycle=10647149
OWNER_TENSOR pc=37 name=l1_gate values=143360 bit_differences=0 cycle=12291137
OWNER_COMPLETION pc=37 owner=2 signal=38 write_ack_bytes=573440 cycle=12291137
OWNER_TENSOR pc=38 name=l1_up values=143360 bit_differences=0 cycle=13935250
OWNER_COMPLETION pc=38 owner=2 signal=39 write_ack_bytes=573440 cycle=13935250
OWNER_TENSOR pc=39 name=l1_act values=143360 bit_differences=0 cycle=14859450
OWNER_COMPLETION pc=39 owner=3 signal=40 write_ack_bytes=573440 cycle=14859450
OWNER_TENSOR pc=40 name=l1_down values=24576 bit_differences=0 cycle=16562271
OWNER_COMPLETION pc=40 owner=2 signal=41 write_ack_bytes=98304 cycle=16562271
OWNER_TENSOR pc=41 name=l1_y values=24576 bit_differences=0 cycle=16639514
OWNER_COMPLETION pc=41 owner=3 signal=42 write_ack_bytes=98304 cycle=16639514
HOST_BLOCK_ALL_OWNERS_PASS tokens=16 hidden=1536 ffn=8960 layers=2 host_commands=42 completed=42 owner_jobs=38 matrix_commands=18 sfu_commands=22 kv_commands=2 checked_fp32=1409024 bit_differences=0 useful_macs=1498202112 executed_macs=1524105216 cycles=16639515 metadata_reads=472 read_bytes=197981696 write_ack_bytes=5636096 idma_transfers=456920 read_bursts=409272 weight_read_burst_beats=16 pipelined_owner=1 streamed_read_beats=2960896 write_bursts=47648 streamed_write_beats=46080 burst_write_enabled=1 weight_cache_hits=0 request_stalls=190230 response_delay_cycles=6741949 host_intermediate_writes=0 legacy_block_launch=0 original_matrix_instances=8 logical_matrix_engines=1 matrix_macs=4096 original_idma_instances=1 score_ddr_accesses=0 output_fnv64=8401b1b4297c40b0
