STAGE_CHECK phase=0 name=n0 values=24576 max_abs=0 rel_l2=0 bit_diffs=0 cycle=195307
STAGE_MEMORY phase=0 reads=3072 write_acks=1536 visible_bytes=98304
STAGE_CHECK phase=1 name=qr values=24576 max_abs=0 rel_l2=0 bit_diffs=0 cycle=3082804
STAGE_MEMORY phase=1 reads=149088 write_acks=1536 visible_bytes=98304
STAGE_CHECK phase=2 name=kr values=4096 max_abs=0 rel_l2=0 bit_diffs=0 cycle=3584373
STAGE_MEMORY phase=2 reads=26128 write_acks=256 visible_bytes=16384
STAGE_CHECK phase=3 name=v values=4096 max_abs=0 rel_l2=0 bit_diffs=0 cycle=4085382
STAGE_MEMORY phase=3 reads=26128 write_acks=256 visible_bytes=16384
STAGE_CHECK phase=4 name=q values=24576 max_abs=0 rel_l2=0 bit_diffs=0 cycle=4149190
STAGE_MEMORY phase=4 reads=3072 write_acks=1536 visible_bytes=98304
STAGE_CHECK phase=5 name=k values=4096 max_abs=0 rel_l2=0 bit_diffs=0 cycle=4159747
STAGE_MEMORY phase=5 reads=512 write_acks=256 visible_bytes=16384
STAGE_CHECK phase=6 name=att values=24576 max_abs=0 rel_l2=0 bit_diffs=0 cycle=5042925
STAGE_MEMORY phase=6 reads=27648 write_acks=1536 visible_bytes=98304
STAGE_CHECK phase=7 name=o values=24576 max_abs=0 rel_l2=0 bit_diffs=0 cycle=7927662
STAGE_MEMORY phase=7 reads=148992 write_acks=1536 visible_bytes=98304
STAGE_CHECK phase=8 name=r values=24576 max_abs=0 rel_l2=0 bit_diffs=0 cycle=7997357
STAGE_MEMORY phase=8 reads=3072 write_acks=1536 visible_bytes=98304
STAGE_CHECK phase=9 name=n1 values=24576 max_abs=0 rel_l2=0 bit_diffs=0 cycle=8192548
STAGE_MEMORY phase=9 reads=3072 write_acks=1536 visible_bytes=98304
STAGE_CHECK phase=10 name=gate values=143360 max_abs=0 rel_l2=0 bit_diffs=0 cycle=24902824
STAGE_MEMORY phase=10 reads=861696 write_acks=8960 visible_bytes=573440
STAGE_CHECK phase=11 name=up values=143360 max_abs=0 rel_l2=0 bit_diffs=0 cycle=41609853
STAGE_MEMORY phase=11 reads=861696 write_acks=8960 visible_bytes=573440
STAGE_CHECK phase=12 name=act values=143360 max_abs=0 rel_l2=0 bit_diffs=0 cycle=51711846
STAGE_MEMORY phase=12 reads=17920 write_acks=8960 visible_bytes=573440
STAGE_CHECK phase=13 name=down values=24576 max_abs=0 rel_l2=0 bit_diffs=0 cycle=68432541
STAGE_MEMORY phase=13 reads=869120 write_acks=1536 visible_bytes=98304
STAGE_CHECK phase=14 name=y values=24576 max_abs=0 rel_l2=0 bit_diffs=0 cycle=68502390
STAGE_MEMORY phase=14 reads=3072 write_acks=1536 visible_bytes=98304
PINNED_IDMA_BLOCK transfers=3045760 external_read_beats=3004288 external_write_beats=41472 full_backend=1
DDR_GUARD_PASS visible_write_bytes=2654208 host_intermediate_writes=0
CONTINUOUS_QWEN2_BLOCK_PASS tokens=16 hidden=1536 ffn=8960 heads=12 kv_heads=2 phases=15 checked_fp32=663552 bit_diffs=0 max_abs=0 cycles=68502384 macs=749101056 read_bytes=192274432 write_bytes=2654208 request_stalls=785710 response_delay_cycles=4569896 hash=fe9744aaa5c1c9ad host_intermediate_writes=0 full_model=0 canonical_512_array=1 executed_macs=762052608
HOST_COMMAND_CHECK pc=0 values=24576 bit_diffs=0 write_ack_bytes=98304
HOST_COMMAND_CHECK pc=1 values=24576 bit_diffs=0 write_ack_bytes=98304
HOST_COMMAND_CHECK pc=2 values=24576 bit_diffs=0 write_ack_bytes=98304
HOST_COMMAND_CHAIN_PASS commands=3 values=73728 dtype=7 bit_diffs=0 metadata_reads=33 payload_reads=9216 write_ack_bytes=294912 idma_transfers=13857 request_stalls=6861 response_delay_cycles=41472 host_intermediate_writes=0
SHARED_PRODUCTION_COMMAND_PASS tokens=16 hidden=1536 ffn=8960 block_stages=15 host_commands=3 block_checked_fp32=663552 host_checked_fp32=73728 bit_diffs=0 original_matrix_instances=1 original_idma_instances=1 total_idma_transfers=3059617 block_to_command_address=115505000 host_intermediate_writes=0 reset_between_block_and_commands=0 full_21_command_graph=0 official_weights=0
SOURCE_IMMUTABILITY_PASS
{
  "schema": 1,
  "status": "PASS_BLOCK_TO_HOST_COMMAND_SHARED_IDMA",
  "profile": "real",
  "tokens": 16,
  "details": {
    "block_values": 663552,
    "host_values": 73728,
    "total_values": 737280,
    "command_backend_transfers": 13857,
    "block_backend_transfers": 3045760,
    "comparison_sha256": "012a70335a892cfa3f649fb63a23a2abb591bf29e1971fa3917740e751b23b1a"
  },
  "block_receipt": {
    "tokens": "16",
    "hidden": "1536",
    "ffn": "8960",
    "heads": "12",
    "kv_heads": "2",
    "phases": "15",
    "checked_fp32": "663552",
    "bit_diffs": "0",
    "max_abs": "0",
    "cycles": "68502384",
    "macs": "749101056",
    "read_bytes": "192274432",
    "write_bytes": "2654208",
    "request_stalls": "785710",
    "response_delay_cycles": "4569896",
    "hash": "fe9744aaa5c1c9ad",
    "host_intermediate_writes": "0",
    "full_model": "0",
    "canonical_512_array": "1",
    "executed_macs": "762052608"
  },
  "host_receipt": {
    "commands": "3",
    "values": "73728",
    "dtype": "7",
    "bit_diffs": "0",
    "metadata_reads": "33",
    "payload_reads": "9216",
    "write_ack_bytes": "294912",
    "idma_transfers": "13857",
    "request_stalls": "6861",
    "response_delay_cycles": "41472",
    "host_intermediate_writes": "0"
  },
  "tensor_sha256": {
    "host_0_actual.f32le": "e3b308fa6e409e7b6976a42aad8ba91afa1fce9413e9788f118f5c9f9cf116ab",
    "host_0_reference.f32le": "e3b308fa6e409e7b6976a42aad8ba91afa1fce9413e9788f118f5c9f9cf116ab",
    "host_1_actual.f32le": "7de76a7b2ffe2dbc0ff13ea7086963d6144424a2da22534bde4d5abefb154ac6",
    "host_1_reference.f32le": "7de76a7b2ffe2dbc0ff13ea7086963d6144424a2da22534bde4d5abefb154ac6",
    "host_2_actual.f32le": "ed0ae871fe48ad87130a6e2ecc538b1e19b9ad4d8de79087fadb6d85faf5c67e",
    "host_2_reference.f32le": "ed0ae871fe48ad87130a6e2ecc538b1e19b9ad4d8de79087fadb6d85faf5c67e",
    "host_commands.bin": "2e6bd81e13cd750b1a5b9758c14e5f604a92c134f6b8c7a2e4745fb51f8c93f8",
    "host_descriptors.bin": "b315919c40e51270494520a1db3e0f94c6be9a0d488f3995010b99c735978e8e",
    "input_x.f32le": "469dcd810999cf817d2ce9589e0022c0094927f619e374066e3aa6ace484dffe",
    "phase_0_n0_actual.f32le": "dcd53a69980b29e4e0f8f2ecec12b248e0e31f9ab245c6cd3b6a929cef0fe3a1",
    "phase_0_n0_reference.f32le": "dcd53a69980b29e4e0f8f2ecec12b248e0e31f9ab245c6cd3b6a929cef0fe3a1",
    "phase_10_gate_actual.f32le": "a42afd6a219dbebc0adb925bb4a1d6f686e918fff37c72bfffd4822edc9a08dc",
    "phase_10_gate_reference.f32le": "a42afd6a219dbebc0adb925bb4a1d6f686e918fff37c72bfffd4822edc9a08dc",
    "phase_11_up_actual.f32le": "d0fcfdb9cc1e341bfb2c36620a57d1f2190326f382ba46855340105a288121e2",
    "phase_11_up_reference.f32le": "d0fcfdb9cc1e341bfb2c36620a57d1f2190326f382ba46855340105a288121e2",
    "phase_12_act_actual.f32le": "d784903f60194f15d5c613e6bbc1135c12b5007343a655d211dc320114844fac",
    "phase_12_act_reference.f32le": "d784903f60194f15d5c613e6bbc1135c12b5007343a655d211dc320114844fac",
    "phase_13_down_actual.f32le": "857501afe4483cd7cdb39aa3876ac30ff7a7c9592e5fbe18a5b76b8abe4c73ef",
    "phase_13_down_reference.f32le": "857501afe4483cd7cdb39aa3876ac30ff7a7c9592e5fbe18a5b76b8abe4c73ef",
    "phase_14_y_actual.f32le": "a15b94dd35223a7f8284dd76950ced9d0a5822239d10507560cc91c7435d8eee",
    "phase_14_y_reference.f32le": "a15b94dd35223a7f8284dd76950ced9d0a5822239d10507560cc91c7435d8eee",
    "phase_1_qr_actual.f32le": "bd10ee07a3a44920d00b62cce3537a41c9eb3cdf4c3fadab0026f1af83453cf8",
    "phase_1_qr_reference.f32le": "bd10ee07a3a44920d00b62cce3537a41c9eb3cdf4c3fadab0026f1af83453cf8",
    "phase_2_kr_actual.f32le": "65e22993f9d8a1da7a2547e9e15c5cf146b3be25b5c73e5965eb7407074979ac",
    "phase_2_kr_reference.f32le": "65e22993f9d8a1da7a2547e9e15c5cf146b3be25b5c73e5965eb7407074979ac",
    "phase_3_v_actual.f32le": "d0521e7fe1ab237403509f6eb0c550ff6f4ab80e7cf0ca6cca84a5bf15267a41",
    "phase_3_v_reference.f32le": "d0521e7fe1ab237403509f6eb0c550ff6f4ab80e7cf0ca6cca84a5bf15267a41",
    "phase_4_q_actual.f32le": "41bded6c53f080fc1a54db5ccb1195a0cce2f3c1478bbb6401afd7eab08d4da5",
    "phase_4_q_reference.f32le": "41bded6c53f080fc1a54db5ccb1195a0cce2f3c1478bbb6401afd7eab08d4da5",
    "phase_5_k_actual.f32le": "2f3dc1f18369747718227ad0aa8a75b2d45bcd97d4a7b5ad4a6035863fbcbb5c",
    "phase_5_k_reference.f32le": "2f3dc1f18369747718227ad0aa8a75b2d45bcd97d4a7b5ad4a6035863fbcbb5c",
    "phase_6_att_actual.f32le": "8071cc5684bf1861b0b33f45063bc6a33e6f98d7169c7c24598680f193bec870",
    "phase_6_att_reference.f32le": "8071cc5684bf1861b0b33f45063bc6a33e6f98d7169c7c24598680f193bec870",
    "phase_7_o_actual.f32le": "198bead61cf80729ae5354625cf5f54d1ac093be626f29118593d9763f7706c6",
    "phase_7_o_reference.f32le": "198bead61cf80729ae5354625cf5f54d1ac093be626f29118593d9763f7706c6",
    "phase_8_r_actual.f32le": "2ac8604b99e42b3505c5759c32ca5614477ff28f0f844e06d346a468d9aeb764",
    "phase_8_r_reference.f32le": "2ac8604b99e42b3505c5759c32ca5614477ff28f0f844e06d346a468d9aeb764",
    "phase_9_n1_actual.f32le": "7c8a2c064b87812eb78f035fe6dac2b40a96255bd17b58d6979d7aaaea41540a",
    "phase_9_n1_reference.f32le": "7c8a2c064b87812eb78f035fe6dac2b40a96255bd17b58d6979d7aaaea41540a"
  },
  "files": {
    "run.log": "bae9dd9f7cadc379d3dfcd405ef3a0eb6684152fcea62482cc62cd3859cc08fc",
    "sources.sha256.json": "acb3999b20da679c30c9d0b286a35953efe82a86a0c0a1337087b7a282798a75",
    "generated/Qwen2SharedProductionTop.sv": "b60598c2b7f3022ec5c05a6e7b022ae728da5d9dbe41d82ce53b7de0138f20b1"
  },
  "scope": {
    "host_sfu_vector_add": true,
    "typed_tensor_decode": true,
    "single_original_idma": true,
    "original_21_command_graph": false,
    "official_weights": false,
    "full_network_q1024": false,
    "timing_800mhz_signed_off": false
  }
}
