LAYER_WEIGHT_ID layer=0 salt=0 wq=9183213585421943683 wg=10099582513830593411 wd=6060938776426742659
OWNER_TENSOR pc=0 name=n0 values=1088 bit_differences=0 cycle=10263
OWNER_COMPLETION pc=0 owner=3 signal=1 write_ack_bytes=4352 cycle=10263
FAULT_INJECT pc=1 mode=read-error address=4295317760 prior_write_bytes=0
EXPECTED_ERROR pc=1 status=3
HOST_BLOCK_FAULT_PASS mode=read-error pc=1 prior_completions=1 next_owner_not_started=1
LAYER_WEIGHT_ID layer=0 salt=0 wq=9183213585421943683 wg=10099582513830593411 wd=6060938776426742659
OWNER_TENSOR pc=0 name=n0 values=1088 bit_differences=0 cycle=10286
OWNER_COMPLETION pc=0 owner=3 signal=1 write_ack_bytes=4352 cycle=10286
OWNER_TENSOR pc=1 name=qraw values=1088 bit_differences=0 cycle=22930
OWNER_COMPLETION pc=1 owner=2 signal=2 write_ack_bytes=4352 cycle=22930
OWNER_TENSOR pc=2 name=qr values=1088 bit_differences=0 cycle=26135
OWNER_COMPLETION pc=2 owner=3 signal=3 write_ack_bytes=4352 cycle=26135
OWNER_TENSOR pc=3 name=q values=1088 bit_differences=0 cycle=29462
OWNER_COMPLETION pc=3 owner=3 signal=4 write_ack_bytes=4352 cycle=29462
OWNER_TENSOR pc=4 name=kraw values=544 bit_differences=0 cycle=36460
OWNER_COMPLETION pc=4 owner=2 signal=5 write_ack_bytes=2176 cycle=36460
OWNER_TENSOR pc=5 name=kr values=544 bit_differences=0 cycle=38163
OWNER_COMPLETION pc=5 owner=3 signal=6 write_ack_bytes=2176 cycle=38163
OWNER_TENSOR pc=6 name=k values=544 bit_differences=0 cycle=39905
OWNER_COMPLETION pc=6 owner=3 signal=7 write_ack_bytes=2176 cycle=39905
OWNER_TENSOR pc=7 name=vraw values=544 bit_differences=0 cycle=46910
OWNER_COMPLETION pc=7 owner=2 signal=8 write_ack_bytes=2176 cycle=46910
OWNER_TENSOR pc=8 name=v values=544 bit_differences=0 cycle=48570
OWNER_COMPLETION pc=8 owner=3 signal=9 write_ack_bytes=2176 cycle=48570
OWNER_TENSOR pc=9 name=cache_k values=544 bit_differences=0 cycle=51111
OWNER_TENSOR pc=9 name=cache_v values=544 bit_differences=0 cycle=51111
OWNER_COMPLETION pc=9 owner=4 signal=10 write_ack_bytes=4352 cycle=51111
OWNER_COMPLETION pc=10 owner=2 signal=11 write_ack_bytes=0 cycle=123129
OWNER_COMPLETION pc=11 owner=3 signal=12 write_ack_bytes=0 cycle=123130
OWNER_TENSOR pc=12 name=att values=1088 bit_differences=0 cycle=123133
OWNER_COMPLETION pc=12 owner=2 signal=13 write_ack_bytes=4352 cycle=123133
OWNER_TENSOR pc=13 name=o values=1088 bit_differences=0 cycle=135794
OWNER_COMPLETION pc=13 owner=2 signal=14 write_ack_bytes=4352 cycle=135794
OWNER_TENSOR pc=14 name=r values=1088 bit_differences=0 cycle=139403
OWNER_COMPLETION pc=14 owner=3 signal=15 write_ack_bytes=4352 cycle=139403
OWNER_TENSOR pc=15 name=n1 values=1088 bit_differences=0 cycle=149639
OWNER_COMPLETION pc=15 owner=3 signal=16 write_ack_bytes=4352 cycle=149639
OWNER_TENSOR pc=16 name=gate values=2176 bit_differences=0 cycle=173541
OWNER_COMPLETION pc=16 owner=2 signal=17 write_ack_bytes=8704 cycle=173541
OWNER_TENSOR pc=17 name=up values=2176 bit_differences=0 cycle=197231
OWNER_COMPLETION pc=17 owner=2 signal=18 write_ack_bytes=8704 cycle=197231
OWNER_TENSOR pc=18 name=act values=2176 bit_differences=0 cycle=351354
OWNER_COMPLETION pc=18 owner=3 signal=19 write_ack_bytes=8704 cycle=351354
OWNER_TENSOR pc=19 name=down values=1088 bit_differences=0 cycle=375392
OWNER_COMPLETION pc=19 owner=2 signal=20 write_ack_bytes=4352 cycle=375392
OWNER_TENSOR pc=20 name=y values=1088 bit_differences=0 cycle=378979
OWNER_COMPLETION pc=20 owner=3 signal=21 write_ack_bytes=4352 cycle=378979
HOST_BLOCK_ALL_OWNERS_PASS tokens=17 hidden=64 ffn=128 layers=1 host_commands=21 completed=21 owner_jobs=19 matrix_commands=9 sfu_commands=11 kv_commands=1 checked_fp32=21216 bit_differences=0 useful_macs=646272 executed_macs=1806336 cycles=378980 metadata_reads=236 read_bytes=514560 write_ack_bytes=84864 idma_transfers=9366 request_stalls=3700 response_delay_cycles=28113 host_intermediate_writes=0 legacy_block_launch=0 original_matrix_instances=1 original_idma_instances=1 score_ddr_accesses=0 output_fnv64=1793abedcc5e5865
HOST_OWNER_LIFECYCLE_PASS mode=read-error tokens=17 hidden=64 ffn=128 requests=2 second_commands=21 second_owner_jobs=19 first_checked_fp32=1088 second_checked_fp32=21216 bit_differences=0 reset_between_requests=1 changed_input=0 changed_weights=0 recovered=1 legacy_block_launch=0 first_output=3300a7d279c502c3 second_output=1793abedcc5e5865
