OWNER_TENSOR pc=0 name=n0 values=1024 bit_differences=0 cycle=9715
OWNER_COMPLETION pc=0 owner=3 signal=1 write_ack_bytes=4096 cycle=9715
OWNER_TENSOR pc=1 name=qraw values=1024 bit_differences=0 cycle=17361
OWNER_COMPLETION pc=1 owner=2 signal=2 write_ack_bytes=4096 cycle=17361
OWNER_TENSOR pc=2 name=qr values=1024 bit_differences=0 cycle=20337
OWNER_COMPLETION pc=2 owner=3 signal=3 write_ack_bytes=4096 cycle=20337
OWNER_TENSOR pc=3 name=q values=1024 bit_differences=0 cycle=23441
OWNER_COMPLETION pc=3 owner=3 signal=4 write_ack_bytes=4096 cycle=23441
OWNER_TENSOR pc=4 name=kraw values=512 bit_differences=0 cycle=27891
OWNER_COMPLETION pc=4 owner=2 signal=5 write_ack_bytes=2048 cycle=27891
OWNER_TENSOR pc=5 name=kr values=512 bit_differences=0 cycle=29501
OWNER_COMPLETION pc=5 owner=3 signal=6 write_ack_bytes=2048 cycle=29501
OWNER_TENSOR pc=6 name=k values=512 bit_differences=0 cycle=31176
OWNER_COMPLETION pc=6 owner=3 signal=7 write_ack_bytes=2048 cycle=31176
OWNER_TENSOR pc=7 name=vraw values=512 bit_differences=0 cycle=35639
OWNER_COMPLETION pc=7 owner=2 signal=8 write_ack_bytes=2048 cycle=35639
OWNER_TENSOR pc=8 name=v values=512 bit_differences=0 cycle=37213
OWNER_COMPLETION pc=8 owner=3 signal=9 write_ack_bytes=2048 cycle=37213
OWNER_TENSOR pc=9 name=cache_k values=512 bit_differences=0 cycle=39575
OWNER_TENSOR pc=9 name=cache_v values=512 bit_differences=0 cycle=39575
OWNER_COMPLETION pc=9 owner=4 signal=10 write_ack_bytes=4096 cycle=39575
OWNER_COMPLETION pc=10 owner=2 signal=11 write_ack_bytes=0 cycle=103842
OWNER_COMPLETION pc=11 owner=3 signal=12 write_ack_bytes=0 cycle=103844
OWNER_TENSOR pc=12 name=att values=1024 bit_differences=0 cycle=103845
OWNER_COMPLETION pc=12 owner=2 signal=13 write_ack_bytes=4096 cycle=103845
OWNER_TENSOR pc=13 name=o values=1024 bit_differences=0 cycle=111491
OWNER_COMPLETION pc=13 owner=2 signal=14 write_ack_bytes=4096 cycle=111491
OWNER_TENSOR pc=14 name=r values=1024 bit_differences=0 cycle=114873
OWNER_COMPLETION pc=14 owner=3 signal=15 write_ack_bytes=4096 cycle=114873
OWNER_TENSOR pc=15 name=n1 values=1024 bit_differences=0 cycle=124484
OWNER_COMPLETION pc=15 owner=3 signal=16 write_ack_bytes=4096 cycle=124484
OWNER_TENSOR pc=16 name=gate values=2048 bit_differences=0 cycle=138448
OWNER_COMPLETION pc=16 owner=2 signal=17 write_ack_bytes=8192 cycle=138448
OWNER_TENSOR pc=17 name=up values=2048 bit_differences=0 cycle=152453
OWNER_COMPLETION pc=17 owner=2 signal=18 write_ack_bytes=8192 cycle=152453
OWNER_TENSOR pc=18 name=act values=2048 bit_differences=0 cycle=297533
OWNER_COMPLETION pc=18 owner=3 signal=19 write_ack_bytes=8192 cycle=297533
OWNER_TENSOR pc=19 name=down values=1024 bit_differences=0 cycle=311601
OWNER_COMPLETION pc=19 owner=2 signal=20 write_ack_bytes=4096 cycle=311601
OWNER_TENSOR pc=20 name=y values=1024 bit_differences=0 cycle=315012
OWNER_COMPLETION pc=20 owner=3 signal=21 write_ack_bytes=4096 cycle=315012
HOST_BLOCK_ALL_OWNERS_PASS tokens=16 hidden=64 ffn=128 host_commands=21 completed=21 owner_jobs=19 matrix_commands=9 sfu_commands=11 kv_commands=1 checked_fp32=19968 bit_differences=0 useful_macs=607232 executed_macs=1146880 cycles=315013 metadata_reads=236 read_bytes=350976 write_ack_bytes=79872 idma_transfers=6732 request_stalls=2887 response_delay_cycles=20046 host_intermediate_writes=0 legacy_block_launch=0 original_matrix_instances=1 original_idma_instances=1 score_ddr_accesses=0 output_fnv64=63ae491f4ec1e365
