{
  "schema": 1,
  "status": "PASS_REAL16_TWO_LAYER_HOST_NUMERICAL",
  "source_commit": "a3cb4a7307a6165efd1849d0c578df30fb865857",
  "tokens": 16,
  "layers": 2,
  "hidden": 1536,
  "ffn": 8960,
  "commands": 42,
  "owner_jobs": 38,
  "descriptor_records": 430,
  "checked_fp32": 1409024,
  "bit_differences": 0,
  "counters": {
    "tokens": "16",
    "hidden": "1536",
    "ffn": "8960",
    "layers": "2",
    "host_commands": "42",
    "completed": "42",
    "owner_jobs": "38",
    "matrix_commands": "18",
    "sfu_commands": "22",
    "kv_commands": "2",
    "checked_fp32": "1409024",
    "bit_differences": "0",
    "useful_macs": "1498202112",
    "executed_macs": "1524105216",
    "cycles": "34812720",
    "metadata_reads": "472",
    "read_bytes": "385152512",
    "write_ack_bytes": "5636096",
    "idma_transfers": "952728",
    "read_bursts": "864664",
    "weight_read_burst_beats": "16",
    "pipelined_owner": "1",
    "streamed_read_beats": "5885440",
    "weight_cache_hits": "0",
    "request_stalls": "360712",
    "response_delay_cycles": "13163730",
    "host_intermediate_writes": "0",
    "legacy_block_launch": "0",
    "original_matrix_instances": "8",
    "logical_matrix_engines": "1",
    "matrix_macs": "4096",
    "original_idma_instances": "1",
    "score_ddr_accesses": "0",
    "output_fnv64": "8401b1b4297c40b0"
  },
  "layer_weight_identities": [
    {
      "layer": "0",
      "salt": "0",
      "wq": "10261862711375496067",
      "wg": "2204784633568363395",
      "wd": "5229516075674436483"
    },
    {
      "layer": "1",
      "salt": "17",
      "wq": "2443357929450832771",
      "wg": "16064510597906367363",
      "wd": "10873909750302835587"
    }
  ],
  "layer0_y_sha256": "a15b94dd35223a7f8284dd76950ced9d0a5822239d10507560cc91c7435d8eee",
  "layer1_y_sha256": "9a6acfe42db5c591da645d3ad798b33f0975be3981906838ffcbb6fa90b4acf6",
  "log_sha256": "d00ee77a433547200ffb5a3313a5d5e814c424fed9f07641f0564471ae6f3e4a",
  "csv_sha256": "bc346a4258ac75795e808779379b1e6b11b1248aa4f7338459300696cf32b0f6",
  "generated_rtl_sha256": "09b800194916c59037830a7e45e0dc78d6aac6e9ef076639dd1be3d5d4df15c1",
  "source_files_rechecked": 318,
  "scope": {
    "original_host_command_graph": true,
    "retained_matrix": true,
    "pinned_idma": true,
    "one_launch": true,
    "block_launch": false,
    "host_layer_copy": false,
    "synthetic_weights": true,
    "official_weights": false,
    "full_network_q1024": false,
    "dc": false
  }
}
