LAYER_WEIGHT_ID layer=0 salt=0 wq=10261862711375496067 wg=2204784633568363395 wd=5229516075674436483
LAYER_WEIGHT_ID layer=1 salt=17 wq=2443357929450832771 wg=16064510597906367363 wd=10873909750302835587
OWNER_TENSOR pc=0 name=l0_n0 values=24576 bit_differences=0 cycle=202493
OWNER_COMPLETION pc=0 owner=3 signal=1 write_ack_bytes=98304 cycle=202493
OWNER_TENSOR pc=1 name=l0_qraw values=24576 bit_differences=0 cycle=956553
OWNER_COMPLETION pc=1 owner=2 signal=2 write_ack_bytes=98304 cycle=956553
OWNER_TENSOR pc=2 name=l0_qr values=24576 bit_differences=0 cycle=1024492
OWNER_COMPLETION pc=2 owner=3 signal=3 write_ack_bytes=98304 cycle=1024492
OWNER_TENSOR pc=3 name=l0_q values=24576 bit_differences=0 cycle=1095697
OWNER_COMPLETION pc=3 owner=3 signal=4 write_ack_bytes=98304 cycle=1095697
OWNER_TENSOR pc=4 name=l0_kraw values=4096 bit_differences=0 cycle=1226960
OWNER_COMPLETION pc=4 owner=2 signal=5 write_ack_bytes=16384 cycle=1226960
OWNER_TENSOR pc=5 name=l0_kr values=4096 bit_differences=0 cycle=1238425
OWNER_COMPLETION pc=5 owner=3 signal=6 write_ack_bytes=16384 cycle=1238425
OWNER_TENSOR pc=6 name=l0_k values=4096 bit_differences=0 cycle=1250356
OWNER_COMPLETION pc=6 owner=3 signal=7 write_ack_bytes=16384 cycle=1250356
OWNER_TENSOR pc=7 name=l0_vraw values=4096 bit_differences=0 cycle=1381679
OWNER_COMPLETION pc=7 owner=2 signal=8 write_ack_bytes=16384 cycle=1381679
OWNER_TENSOR pc=8 name=l0_v values=4096 bit_differences=0 cycle=1393154
OWNER_COMPLETION pc=8 owner=3 signal=9 write_ack_bytes=16384 cycle=1393154
OWNER_TENSOR pc=9 name=l0_cache_k values=4096 bit_differences=0 cycle=1411143
OWNER_TENSOR pc=9 name=l0_cache_v values=4096 bit_differences=0 cycle=1411143
OWNER_COMPLETION pc=9 owner=4 signal=10 write_ack_bytes=32768 cycle=1411143
OWNER_COMPLETION pc=10 owner=2 signal=11 write_ack_bytes=0 cycle=2370469
OWNER_COMPLETION pc=11 owner=3 signal=12 write_ack_bytes=0 cycle=2370470
OWNER_TENSOR pc=12 name=l0_att values=24576 bit_differences=0 cycle=2370471
OWNER_COMPLETION pc=12 owner=2 signal=13 write_ack_bytes=98304 cycle=2370471
OWNER_TENSOR pc=13 name=l0_o values=24576 bit_differences=0 cycle=3122839
OWNER_COMPLETION pc=13 owner=2 signal=14 write_ack_bytes=98304 cycle=3122839
OWNER_TENSOR pc=14 name=l0_r values=24576 bit_differences=0 cycle=3200253
OWNER_COMPLETION pc=14 owner=3 signal=15 write_ack_bytes=98304 cycle=3200253
OWNER_TENSOR pc=15 name=l0_n1 values=24576 bit_differences=0 cycle=3402943
OWNER_COMPLETION pc=15 owner=3 signal=16 write_ack_bytes=98304 cycle=3402943
OWNER_TENSOR pc=16 name=l0_gate values=143360 bit_differences=0 cycle=7762618
OWNER_COMPLETION pc=16 owner=2 signal=17 write_ack_bytes=573440 cycle=7762618
OWNER_TENSOR pc=17 name=l0_up values=143360 bit_differences=0 cycle=12118757
OWNER_COMPLETION pc=17 owner=2 signal=18 write_ack_bytes=573440 cycle=12118757
OWNER_TENSOR pc=18 name=l0_act values=143360 bit_differences=0 cycle=13042784
OWNER_COMPLETION pc=18 owner=3 signal=19 write_ack_bytes=573440 cycle=13042784
OWNER_TENSOR pc=19 name=l0_down values=24576 bit_differences=0 cycle=17334239
OWNER_COMPLETION pc=19 owner=2 signal=20 write_ack_bytes=98304 cycle=17334239
OWNER_TENSOR pc=20 name=l0_y values=24576 bit_differences=0 cycle=17411451
OWNER_COMPLETION pc=20 owner=3 signal=21 write_ack_bytes=98304 cycle=17411451
OWNER_TENSOR pc=21 name=l1_n0 values=24576 bit_differences=0 cycle=17614133
OWNER_COMPLETION pc=21 owner=3 signal=22 write_ack_bytes=98304 cycle=17614133
OWNER_TENSOR pc=22 name=l1_qraw values=24576 bit_differences=0 cycle=18367368
OWNER_COMPLETION pc=22 owner=2 signal=23 write_ack_bytes=98304 cycle=18367368
OWNER_TENSOR pc=23 name=l1_qr values=24576 bit_differences=0 cycle=18435386
OWNER_COMPLETION pc=23 owner=3 signal=24 write_ack_bytes=98304 cycle=18435386
OWNER_TENSOR pc=24 name=l1_q values=24576 bit_differences=0 cycle=18506315
OWNER_COMPLETION pc=24 owner=3 signal=25 write_ack_bytes=98304 cycle=18506315
OWNER_TENSOR pc=25 name=l1_kraw values=4096 bit_differences=0 cycle=18626576
OWNER_COMPLETION pc=25 owner=2 signal=26 write_ack_bytes=16384 cycle=18626576
OWNER_TENSOR pc=26 name=l1_kr values=4096 bit_differences=0 cycle=18638110
OWNER_COMPLETION pc=26 owner=3 signal=27 write_ack_bytes=16384 cycle=18638110
OWNER_TENSOR pc=27 name=l1_k values=4096 bit_differences=0 cycle=18650145
OWNER_COMPLETION pc=27 owner=3 signal=28 write_ack_bytes=16384 cycle=18650145
OWNER_TENSOR pc=28 name=l1_vraw values=4096 bit_differences=0 cycle=18781930
OWNER_COMPLETION pc=28 owner=2 signal=29 write_ack_bytes=16384 cycle=18781930
OWNER_TENSOR pc=29 name=l1_v values=4096 bit_differences=0 cycle=18793407
OWNER_COMPLETION pc=29 owner=3 signal=30 write_ack_bytes=16384 cycle=18793407
OWNER_TENSOR pc=30 name=l1_cache_k values=4096 bit_differences=0 cycle=18811499
OWNER_TENSOR pc=30 name=l1_cache_v values=4096 bit_differences=0 cycle=18811499
OWNER_COMPLETION pc=30 owner=4 signal=31 write_ack_bytes=32768 cycle=18811499
OWNER_COMPLETION pc=31 owner=2 signal=32 write_ack_bytes=0 cycle=19771070
OWNER_COMPLETION pc=32 owner=3 signal=33 write_ack_bytes=0 cycle=19771071
OWNER_TENSOR pc=33 name=l1_att values=24576 bit_differences=0 cycle=19771072
OWNER_COMPLETION pc=33 owner=2 signal=34 write_ack_bytes=98304 cycle=19771072
OWNER_TENSOR pc=34 name=l1_o values=24576 bit_differences=0 cycle=20525197
OWNER_COMPLETION pc=34 owner=2 signal=35 write_ack_bytes=98304 cycle=20525197
OWNER_TENSOR pc=35 name=l1_r values=24576 bit_differences=0 cycle=20602235
OWNER_COMPLETION pc=35 owner=3 signal=36 write_ack_bytes=98304 cycle=20602235
OWNER_TENSOR pc=36 name=l1_n1 values=24576 bit_differences=0 cycle=20805036
OWNER_COMPLETION pc=36 owner=3 signal=37 write_ack_bytes=98304 cycle=20805036
OWNER_TENSOR pc=37 name=l1_gate values=143360 bit_differences=0 cycle=25162434
OWNER_COMPLETION pc=37 owner=2 signal=38 write_ack_bytes=573440 cycle=25162434
OWNER_TENSOR pc=38 name=l1_up values=143360 bit_differences=0 cycle=29521127
OWNER_COMPLETION pc=38 owner=2 signal=39 write_ack_bytes=573440 cycle=29521127
OWNER_TENSOR pc=39 name=l1_act values=143360 bit_differences=0 cycle=30445663
OWNER_COMPLETION pc=39 owner=3 signal=40 write_ack_bytes=573440 cycle=30445663
OWNER_TENSOR pc=40 name=l1_down values=24576 bit_differences=0 cycle=34735475
OWNER_COMPLETION pc=40 owner=2 signal=41 write_ack_bytes=98304 cycle=34735475
OWNER_TENSOR pc=41 name=l1_y values=24576 bit_differences=0 cycle=34812719
OWNER_COMPLETION pc=41 owner=3 signal=42 write_ack_bytes=98304 cycle=34812719
HOST_BLOCK_ALL_OWNERS_PASS tokens=16 hidden=1536 ffn=8960 layers=2 host_commands=42 completed=42 owner_jobs=38 matrix_commands=18 sfu_commands=22 kv_commands=2 checked_fp32=1409024 bit_differences=0 useful_macs=1498202112 executed_macs=1524105216 cycles=34812720 metadata_reads=472 read_bytes=385152512 write_ack_bytes=5636096 idma_transfers=952728 read_bursts=864664 weight_read_burst_beats=16 pipelined_owner=1 streamed_read_beats=5885440 weight_cache_hits=0 request_stalls=360712 response_delay_cycles=13163730 host_intermediate_writes=0 legacy_block_launch=0 original_matrix_instances=8 logical_matrix_engines=1 matrix_macs=4096 original_idma_instances=1 score_ddr_accesses=0 output_fnv64=8401b1b4297c40b0
